Component: ARM Compiler 5.06 update 5 (build 528) Tool: armlink [4d35e2]

==============================================================================

Section Cross References

    startup_stm32f103xb.o(RESET) refers to startup_stm32f103xb.o(STACK) for __initial_sp
    startup_stm32f103xb.o(RESET) refers to startup_stm32f103xb.o(.text) for Reset_Handler
    startup_stm32f103xb.o(RESET) refers to stm32f1xx_it.o(i.NMI_Handler) for NMI_Handler
    startup_stm32f103xb.o(RESET) refers to stm32f1xx_it.o(i.HardFault_Handler) for HardFault_Handler
    startup_stm32f103xb.o(RESET) refers to stm32f1xx_it.o(i.MemManage_Handler) for MemManage_Handler
    startup_stm32f103xb.o(RESET) refers to stm32f1xx_it.o(i.BusFault_Handler) for BusFault_Handler
    startup_stm32f103xb.o(RESET) refers to stm32f1xx_it.o(i.UsageFault_Handler) for UsageFault_Handler
    startup_stm32f103xb.o(RESET) refers to stm32f1xx_it.o(i.SVC_Handler) for SVC_Handler
    startup_stm32f103xb.o(RESET) refers to stm32f1xx_it.o(i.DebugMon_Handler) for DebugMon_Handler
    startup_stm32f103xb.o(RESET) refers to stm32f1xx_it.o(i.PendSV_Handler) for PendSV_Handler
    startup_stm32f103xb.o(RESET) refers to stm32f1xx_it.o(i.SysTick_Handler) for SysTick_Handler
    startup_stm32f103xb.o(RESET) refers to stm32f1xx_it.o(i.RCC_IRQHandler) for RCC_IRQHandler
    startup_stm32f103xb.o(RESET) refers to stm32f1xx_it.o(i.DMA1_Channel1_IRQHandler) for DMA1_Channel1_IRQHandler
    startup_stm32f103xb.o(RESET) refers to stm32f1xx_it.o(i.TIM1_BRK_IRQHandler) for TIM1_BRK_IRQHandler
    startup_stm32f103xb.o(RESET) refers to stm32f1xx_it.o(i.TIM1_UP_IRQHandler) for TIM1_UP_IRQHandler
    startup_stm32f103xb.o(RESET) refers to stm32f1xx_it.o(i.TIM2_IRQHandler) for TIM2_IRQHandler
    startup_stm32f103xb.o(RESET) refers to stm32f1xx_it.o(i.SPI1_IRQHandler) for SPI1_IRQHandler
    startup_stm32f103xb.o(.text) refers to system_stm32f1xx.o(i.SystemInit) for SystemInit
    startup_stm32f103xb.o(.text) refers to entry.o(.ARM.Collect$$$$00000000) for __main
    main.o(i.HAL_TIM_PeriodElapsedCallback) refers to stm32f1xx_hal_adc.o(i.HAL_ADC_Start_DMA) for HAL_ADC_Start_DMA
    main.o(i.HAL_TIM_PeriodElapsedCallback) refers to tim.o(.bss) for htim1
    main.o(i.HAL_TIM_PeriodElapsedCallback) refers to adc.o(.bss) for ADC_Value
    main.o(i.SystemClock_Config) refers to memseta.o(.text) for __aeabi_memclr4
    main.o(i.SystemClock_Config) refers to stm32f1xx_hal_rcc.o(i.HAL_RCC_OscConfig) for HAL_RCC_OscConfig
    main.o(i.SystemClock_Config) refers to main.o(i.Error_Handler) for Error_Handler
    main.o(i.SystemClock_Config) refers to stm32f1xx_hal_rcc.o(i.HAL_RCC_ClockConfig) for HAL_RCC_ClockConfig
    main.o(i.SystemClock_Config) refers to stm32f1xx_hal_rcc_ex.o(i.HAL_RCCEx_PeriphCLKConfig) for HAL_RCCEx_PeriphCLKConfig
    main.o(i.main) refers to stm32f1xx_hal.o(i.HAL_Init) for HAL_Init
    main.o(i.main) refers to main.o(i.SystemClock_Config) for SystemClock_Config
    main.o(i.main) refers to gpio.o(i.MX_GPIO_Init) for MX_GPIO_Init
    main.o(i.main) refers to dma.o(i.MX_DMA_Init) for MX_DMA_Init
    main.o(i.main) refers to spi.o(i.MX_SPI1_Init) for MX_SPI1_Init
    main.o(i.main) refers to tim.o(i.MX_TIM2_Init) for MX_TIM2_Init
    main.o(i.main) refers to adc.o(i.MX_ADC1_Init) for MX_ADC1_Init
    main.o(i.main) refers to adc.o(i.MX_ADC2_Init) for MX_ADC2_Init
    main.o(i.main) refers to spi.o(i.MX_SPI2_Init) for MX_SPI2_Init
    main.o(i.main) refers to tim.o(i.MX_TIM1_Init) for MX_TIM1_Init
    main.o(i.main) refers to stm32f1xx_hal_tim.o(i.HAL_TIM_Base_Start_IT) for HAL_TIM_Base_Start_IT
    main.o(i.main) refers to drv_rf24l01.o(i.RF24L01_Port_Init) for RF24L01_Port_Init
    main.o(i.main) refers to drv_rf24l01.o(i.RF24L01_Init) for RF24L01_Init
    main.o(i.main) refers to drv_rf24l01.o(i.NRF24L01_Set_Power) for NRF24L01_Set_Power
    main.o(i.main) refers to drv_rf24l01.o(i.NRF24L01_Write_Reg) for NRF24L01_Write_Reg
    main.o(i.main) refers to drv_rf24l01.o(i.RF24L01_Set_Mode) for RF24L01_Set_Mode
    main.o(i.main) refers to debug.o(i.InitPacket) for InitPacket
    main.o(i.main) refers to debug.o(i.AddParameter_i) for AddParameter_i
    main.o(i.main) refers to debug.o(i.AddParameter_ui) for AddParameter_ui
    main.o(i.main) refers to debug.o(i.AddParameter_f) for AddParameter_f
    main.o(i.main) refers to debug.o(i.TransmitParameter) for TransmitParameter
    main.o(i.main) refers to stm32f1xx_hal.o(i.HAL_Delay) for HAL_Delay
    main.o(i.main) refers to drv_rf24l01.o(i.NRF24L01_Read_Reg) for NRF24L01_Read_Reg
    main.o(i.main) refers to tim.o(.bss) for htim1
    main.o(i.main) refers to drv_rf24l01.o(.data) for NRF24L01_rtx
    main.o(i.main) refers to drv_rf24l01.o(.bss) for NRF24L01_bus
    main.o(i.main) refers to debug.o(.bss) for transmit_packet
    main.o(i.main) refers to main.o(.data) for test1
    gpio.o(i.MX_GPIO_Init) refers to stm32f1xx_hal_gpio.o(i.HAL_GPIO_WritePin) for HAL_GPIO_WritePin
[...]
    Removing stm32f1xx_hal_dma.o(i.HAL_DMA_PollForTransfer), (692 bytes).
    Removing stm32f1xx_hal_dma.o(i.HAL_DMA_RegisterCallback), (90 bytes).
    Removing stm32f1xx_hal_dma.o(i.HAL_DMA_Start), (114 bytes).
    Removing stm32f1xx_hal_dma.o(i.HAL_DMA_UnRegisterCallback), (106 bytes).
    Removing stm32f1xx_hal_cortex.o(.rev16_text), (4 bytes).
    Removing stm32f1xx_hal_cortex.o(.revsh_text), (4 bytes).
    Removing stm32f1xx_hal_cortex.o(.rrx_text), (6 bytes).
    Removing stm32f1xx_hal_cortex.o(i.HAL_NVIC_ClearPendingIRQ), (36 bytes).
    Removing stm32f1xx_hal_cortex.o(i.HAL_NVIC_DisableIRQ), (68 bytes).
    Removing stm32f1xx_hal_cortex.o(i.HAL_NVIC_GetActive), (48 bytes).
    Removing stm32f1xx_hal_cortex.o(i.HAL_NVIC_GetPendingIRQ), (48 bytes).
    Removing stm32f1xx_hal_cortex.o(i.HAL_NVIC_GetPriority), (148 bytes).
    Removing stm32f1xx_hal_cortex.o(i.HAL_NVIC_GetPriorityGrouping), (8 bytes).
    Removing stm32f1xx_hal_cortex.o(i.HAL_NVIC_SetPendingIRQ), (36 bytes).
    Removing stm32f1xx_hal_cortex.o(i.HAL_NVIC_SystemReset), (68 bytes).
    Removing stm32f1xx_hal_cortex.o(i.HAL_SYSTICK_CLKSourceConfig), (40 bytes).
    Removing stm32f1xx_hal_cortex.o(i.HAL_SYSTICK_Callback), (2 bytes).
    Removing stm32f1xx_hal_cortex.o(i.HAL_SYSTICK_IRQHandler), (8 bytes).
    Removing stm32f1xx_hal_pwr.o(.rev16_text), (4 bytes).
    Removing stm32f1xx_hal_pwr.o(.revsh_text), (4 bytes).
    Removing stm32f1xx_hal_pwr.o(.rrx_text), (6 bytes).
    Removing stm32f1xx_hal_pwr.o(i.HAL_PWR_ConfigPVD), (180 bytes).
    Removing stm32f1xx_hal_pwr.o(i.HAL_PWR_DeInit), (28 bytes).
    Removing stm32f1xx_hal_pwr.o(i.HAL_PWR_DisableBkUpAccess), (12 bytes).
    Removing stm32f1xx_hal_pwr.o(i.HAL_PWR_DisablePVD), (12 bytes).
    Removing stm32f1xx_hal_pwr.o(i.HAL_PWR_DisableSEVOnPend), (20 bytes).
    Removing stm32f1xx_hal_pwr.o(i.HAL_PWR_DisableSleepOnExit), (20 bytes).
    Removing stm32f1xx_hal_pwr.o(i.HAL_PWR_DisableWakeUpPin), (28 bytes).
    Removing stm32f1xx_hal_pwr.o(i.HAL_PWR_EnableBkUpAccess), (12 bytes).
    Removing stm32f1xx_hal_pwr.o(i.HAL_PWR_EnablePVD), (12 bytes).
    Removing stm32f1xx_hal_pwr.o(i.HAL_PWR_EnableSEVOnPend), (20 bytes).
    Removing stm32f1xx_hal_pwr.o(i.HAL_PWR_EnableSleepOnExit), (20 bytes).
    Removing stm32f1xx_hal_pwr.o(i.HAL_PWR_EnableWakeUpPin), (28 bytes).
    Removing stm32f1xx_hal_pwr.o(i.HAL_PWR_EnterSLEEPMode), (32 bytes).
    Removing stm32f1xx_hal_pwr.o(i.HAL_PWR_EnterSTANDBYMode), (40 bytes).
    Removing stm32f1xx_hal_pwr.o(i.HAL_PWR_EnterSTOPMode), (84 bytes).
    Removing stm32f1xx_hal_pwr.o(i.HAL_PWR_PVDCallback), (2 bytes).
    Removing stm32f1xx_hal_pwr.o(i.HAL_PWR_PVD_IRQHandler), (32 bytes).
    Removing stm32f1xx_hal_pwr.o(i.PWR_OverloadWfe), (6 bytes).
    Removing stm32f1xx_hal_flash.o(.rev16_text), (4 bytes).
    Removing stm32f1xx_hal_flash.o(.revsh_text), (4 bytes).
    Removing stm32f1xx_hal_flash.o(.rrx_text), (6 bytes).
    Removing stm32f1xx_hal_flash.o(i.FLASH_Program_HalfWord), (32 bytes).
    Removing stm32f1xx_hal_flash.o(i.FLASH_SetErrorCode), (132 bytes).
    Removing stm32f1xx_hal_flash.o(i.FLASH_WaitForLastOperation), (112 bytes).
    Removing stm32f1xx_hal_flash.o(i.HAL_FLASH_EndOfOperationCallback), (2 bytes).
    Removing stm32f1xx_hal_flash.o(i.HAL_FLASH_GetError), (12 bytes).
    Removing stm32f1xx_hal_flash.o(i.HAL_FLASH_IRQHandler), (384 bytes).
    Removing stm32f1xx_hal_flash.o(i.HAL_FLASH_Lock), (20 bytes).
    Removing stm32f1xx_hal_flash.o(i.HAL_FLASH_OB_Launch), (8 bytes).
    Removing stm32f1xx_hal_flash.o(i.HAL_FLASH_OB_Lock), (20 bytes).
    Removing stm32f1xx_hal_flash.o(i.HAL_FLASH_OB_Unlock), (44 bytes).
    Removing stm32f1xx_hal_flash.o(i.HAL_FLASH_OperationErrorCallback), (2 bytes).
    Removing stm32f1xx_hal_flash.o(i.HAL_FLASH_Program), (176 bytes).
    Removing stm32f1xx_hal_flash.o(i.HAL_FLASH_Program_IT), (124 bytes).
    Removing stm32f1xx_hal_flash.o(i.HAL_FLASH_Unlock), (48 bytes).
    Removing stm32f1xx_hal_flash.o(.bss), (32 bytes).
    Removing stm32f1xx_hal_flash_ex.o(.rev16_text), (4 bytes).
    Removing stm32f1xx_hal_flash_ex.o(.revsh_text), (4 bytes).
    Removing stm32f1xx_hal_flash_ex.o(.rrx_text), (6 bytes).
    Removing stm32f1xx_hal_flash_ex.o(i.FLASH_MassErase), (40 bytes).
    Removing stm32f1xx_hal_flash_ex.o(i.FLASH_OB_DisableWRP), (232 bytes).
    Removing stm32f1xx_hal_flash_ex.o(i.FLASH_OB_EnableWRP), (236 bytes).
    Removing stm32f1xx_hal_flash_ex.o(i.FLASH_OB_GetRDP), (28 bytes).
    Removing stm32f1xx_hal_flash_ex.o(i.FLASH_OB_GetUser), (16 bytes).
    Removing stm32f1xx_hal_flash_ex.o(i.FLASH_OB_GetWRP), (12 bytes).
    Removing stm32f1xx_hal_flash_ex.o(i.FLASH_OB_ProgramData), (76 bytes).
    Removing stm32f1xx_hal_flash_ex.o(i.FLASH_OB_RDP_LevelConfig), (124 bytes).
    Removing stm32f1xx_hal_flash_ex.o(i.FLASH_OB_UserConfig), (84 bytes).
    Removing stm32f1xx_hal_flash_ex.o(i.FLASH_PageErase), (40 bytes).
    Removing stm32f1xx_hal_flash_ex.o(i.HAL_FLASHEx_Erase), (176 bytes).
    Removing stm32f1xx_hal_flash_ex.o(i.HAL_FLASHEx_Erase_IT), (100 bytes).
    Removing stm32f1xx_hal_flash_ex.o(i.HAL_FLASHEx_OBErase), (96 bytes).
    Removing stm32f1xx_hal_flash_ex.o(i.HAL_FLASHEx_OBGetConfig), (28 bytes).
    Removing stm32f1xx_hal_flash_ex.o(i.HAL_FLASHEx_OBGetUserData), (40 bytes).
    Removing stm32f1xx_hal_flash_ex.o(i.HAL_FLASHEx_OBProgram), (200 bytes).
    Removing stm32f1xx_hal_exti.o(.rev16_text), (4 bytes).
    Removing stm32f1xx_hal_exti.o(.revsh_text), (4 bytes).
    Removing stm32f1xx_hal_exti.o(.rrx_text), (6 bytes).
    Removing stm32f1xx_hal_exti.o(i.HAL_EXTI_ClearConfigLine), (120 bytes).
    Removing stm32f1xx_hal_exti.o(i.HAL_EXTI_ClearPending), (28 bytes).
    Removing stm32f1xx_hal_exti.o(i.HAL_EXTI_GenerateSWI), (24 bytes).
    Removing stm32f1xx_hal_exti.o(i.HAL_EXTI_GetConfigLine), (156 bytes).
    Removing stm32f1xx_hal_exti.o(i.HAL_EXTI_GetHandle), (14 bytes).
    Removing stm32f1xx_hal_exti.o(i.HAL_EXTI_GetPending), (36 bytes).
    Removing stm32f1xx_hal_exti.o(i.HAL_EXTI_IRQHandler), (44 bytes).
    Removing stm32f1xx_hal_exti.o(i.HAL_EXTI_RegisterCallback), (20 bytes).
    Removing stm32f1xx_hal_exti.o(i.HAL_EXTI_SetConfigLine), (240 bytes).
    Removing stm32f1xx_hal_spi.o(.rev16_text), (4 bytes).
    Removing stm32f1xx_hal_spi.o(.revsh_text), (4 bytes).
    Removing stm32f1xx_hal_spi.o(.rrx_text), (6 bytes).
    Removing stm32f1xx_hal_spi.o(i.HAL_SPI_Abort), (348 bytes).
    Removing stm32f1xx_hal_spi.o(i.HAL_SPI_AbortCpltCallback), (2 bytes).
    Removing stm32f1xx_hal_spi.o(i.HAL_SPI_Abort_IT), (360 bytes).
    Removing stm32f1xx_hal_spi.o(i.HAL_SPI_DMAPause), (50 bytes).
    Removing stm32f1xx_hal_spi.o(i.HAL_SPI_DMAResume), (50 bytes).
    Removing stm32f1xx_hal_spi.o(i.HAL_SPI_DMAStop), (72 bytes).
    Removing stm32f1xx_hal_spi.o(i.HAL_SPI_DeInit), (54 bytes).
    Removing stm32f1xx_hal_spi.o(i.HAL_SPI_GetError), (6 bytes).
    Removing stm32f1xx_hal_spi.o(i.HAL_SPI_GetState), (8 bytes).
    Removing stm32f1xx_hal_spi.o(i.HAL_SPI_MspDeInit), (2 bytes).
    Removing stm32f1xx_hal_spi.o(i.HAL_SPI_MspInit), (2 bytes).
    Removing stm32f1xx_hal_spi.o(i.HAL_SPI_Receive), (382 bytes).
    Removing stm32f1xx_hal_spi.o(i.HAL_SPI_Receive_DMA), (276 bytes).
    Removing stm32f1xx_hal_spi.o(i.HAL_SPI_Receive_IT), (216 bytes).
    Removing stm32f1xx_hal_spi.o(i.HAL_SPI_RxCpltCallback), (2 bytes).
    Removing stm32f1xx_hal_spi.o(i.HAL_SPI_RxHalfCpltCallback), (2 bytes).
    Removing stm32f1xx_hal_spi.o(i.HAL_SPI_Transmit), (444 bytes).
    Removing stm32f1xx_hal_spi.o(i.HAL_SPI_TransmitReceive_DMA), (352 bytes).
    Removing stm32f1xx_hal_spi.o(i.HAL_SPI_TransmitReceive_IT), (196 bytes).
    Removing stm32f1xx_hal_spi.o(i.HAL_SPI_Transmit_DMA), (248 bytes).
    Removing stm32f1xx_hal_spi.o(i.HAL_SPI_Transmit_IT), (180 bytes).
    Removing stm32f1xx_hal_spi.o(i.HAL_SPI_TxCpltCallback), (2 bytes).
    Removing stm32f1xx_hal_spi.o(i.HAL_SPI_TxHalfCpltCallback), (2 bytes).
    Removing stm32f1xx_hal_spi.o(i.HAL_SPI_TxRxCpltCallback), (2 bytes).
    Removing stm32f1xx_hal_spi.o(i.HAL_SPI_TxRxHalfCpltCallback), (2 bytes).
    Removing stm32f1xx_hal_spi.o(i.SPI_2linesRxISR_16BIT), (52 bytes).
    Removing stm32f1xx_hal_spi.o(i.SPI_2linesRxISR_8BIT), (52 bytes).
    Removing stm32f1xx_hal_spi.o(i.SPI_2linesTxISR_16BIT), (52 bytes).
    Removing stm32f1xx_hal_spi.o(i.SPI_2linesTxISR_8BIT), (52 bytes).
    Removing stm32f1xx_hal_spi.o(i.SPI_AbortRx_ISR), (112 bytes).
    Removing stm32f1xx_hal_spi.o(i.SPI_AbortTx_ISR), (32 bytes).
    Removing stm32f1xx_hal_spi.o(i.SPI_CloseRxTx_ISR), (188 bytes).
    Removing stm32f1xx_hal_spi.o(i.SPI_CloseRx_ISR), (94 bytes).
    Removing stm32f1xx_hal_spi.o(i.SPI_CloseTx_ISR), (160 bytes).
    Removing stm32f1xx_hal_spi.o(i.SPI_DMAError), (40 bytes).
    Removing stm32f1xx_hal_spi.o(i.SPI_DMAHalfReceiveCplt), (14 bytes).
    Removing stm32f1xx_hal_spi.o(i.SPI_DMAHalfTransmitCplt), (14 bytes).
    Removing stm32f1xx_hal_spi.o(i.SPI_DMAHalfTransmitReceiveCplt), (14 bytes).
    Removing stm32f1xx_hal_spi.o(i.SPI_DMAReceiveCplt), (122 bytes).
    Removing stm32f1xx_hal_spi.o(i.SPI_DMARxAbortCallback), (128 bytes).
    Removing stm32f1xx_hal_spi.o(i.SPI_DMATransmitCplt), (126 bytes).
    Removing stm32f1xx_hal_spi.o(i.SPI_DMATransmitReceiveCplt), (102 bytes).
    Removing stm32f1xx_hal_spi.o(i.SPI_DMATxAbortCallback), (156 bytes).
    Removing stm32f1xx_hal_spi.o(i.SPI_EndRxTransaction), (120 bytes).
    Removing stm32f1xx_hal_spi.o(i.SPI_RxISR_16BIT), (36 bytes).
    Removing stm32f1xx_hal_spi.o(i.SPI_RxISR_8BIT), (36 bytes).
    Removing stm32f1xx_hal_spi.o(i.SPI_TxISR_16BIT), (36 bytes).
    Removing stm32f1xx_hal_spi.o(i.SPI_TxISR_8BIT), (36 bytes).
    Removing stm32f1xx_hal_tim.o(.rev16_text), (4 bytes).
    Removing stm32f1xx_hal_tim.o(.revsh_text), (4 bytes).
    Removing stm32f1xx_hal_tim.o(.rrx_text), (6 bytes).
    Removing stm32f1xx_hal_tim.o(i.HAL_TIM_Base_DeInit), (120 bytes).
    Removing stm32f1xx_hal_tim.o(i.HAL_TIM_Base_GetState), (8 bytes).
    Removing stm32f1xx_hal_tim.o(i.HAL_TIM_Base_MspDeInit), (2 bytes).
    Removing stm32f1xx_hal_tim.o(i.HAL_TIM_Base_MspInit), (2 bytes).
    Removing stm32f1xx_hal_tim.o(i.HAL_TIM_Base_Start), (108 bytes).
    Removing stm32f1xx_hal_tim.o(i.HAL_TIM_Base_Start_DMA), (200 bytes).
    Removing stm32f1xx_hal_tim.o(i.HAL_TIM_Base_Stop), (50 bytes).
    Removing stm32f1xx_hal_tim.o(i.HAL_TIM_Base_Stop_DMA), (70 bytes).
    Removing stm32f1xx_hal_tim.o(i.HAL_TIM_Base_Stop_IT), (62 bytes).
    Removing stm32f1xx_hal_tim.o(i.HAL_TIM_ConfigOCrefClear), (278 bytes).
    Removing stm32f1xx_hal_tim.o(i.HAL_TIM_ConfigTI1Input), (22 bytes).
    Removing stm32f1xx_hal_tim.o(i.HAL_TIM_DMABurstState), (8 bytes).
    Removing stm32f1xx_hal_tim.o(i.HAL_TIM_DMABurst_MultiReadStart), (476 bytes).
    Removing stm32f1xx_hal_tim.o(i.HAL_TIM_DMABurst_MultiWriteStart), (476 bytes).
    Removing stm32f1xx_hal_tim.o(i.HAL_TIM_DMABurst_ReadStart), (42 bytes).
    Removing stm32f1xx_hal_tim.o(i.HAL_TIM_DMABurst_ReadStop), (140 bytes).
    Removing stm32f1xx_hal_tim.o(i.HAL_TIM_DMABurst_WriteStart), (42 bytes).
    Removing stm32f1xx_hal_tim.o(i.HAL_TIM_DMABurst_WriteStop), (140 bytes).
    Removing stm32f1xx_hal_tim.o(i.HAL_TIM_Encoder_DeInit), (96 bytes).
    Removing stm32f1xx_hal_tim.o(i.HAL_TIM_Encoder_GetState), (8 bytes).
    Removing stm32f1xx_hal_tim.o(i.HAL_TIM_Encoder_Init), (196 bytes).
    Removing stm32f1xx_hal_tim.o(i.HAL_TIM_Encoder_MspDeInit), (2 bytes).
    Removing stm32f1xx_hal_tim.o(i.HAL_TIM_Encoder_MspInit), (2 bytes).
    Removing stm32f1xx_hal_tim.o(i.HAL_TIM_Encoder_Start), (204 bytes).
    Removing stm32f1xx_hal_tim.o(i.HAL_TIM_Encoder_Start_DMA), (556 bytes).
    Removing stm32f1xx_hal_tim.o(i.HAL_TIM_Encoder_Start_IT), (252 bytes).
    Removing stm32f1xx_hal_tim.o(i.HAL_TIM_Encoder_Stop), (214 bytes).
    Removing stm32f1xx_hal_tim.o(i.HAL_TIM_Encoder_Stop_DMA), (280 bytes).
    Removing stm32f1xx_hal_tim.o(i.HAL_TIM_Encoder_Stop_IT), (256 bytes).
    Removing stm32f1xx_hal_tim.o(i.HAL_TIM_ErrorCallback), (2 bytes).
    Removing stm32f1xx_hal_tim.o(i.HAL_TIM_GenerateEvent), (54 bytes).
    Removing stm32f1xx_hal_tim.o(i.HAL_TIM_GetActiveChannel), (6 bytes).
    Removing stm32f1xx_hal_tim.o(i.HAL_TIM_GetChannelState), (38 bytes).
    Removing stm32f1xx_hal_tim.o(i.HAL_TIM_IC_CaptureHalfCpltCallback), (2 bytes).
    Removing stm32f1xx_hal_tim.o(i.HAL_TIM_IC_ConfigChannel), (222 bytes).
    Removing stm32f1xx_hal_tim.o(i.HAL_TIM_IC_DeInit), (120 bytes).
    Removing stm32f1xx_hal_tim.o(i.HAL_TIM_IC_GetState), (8 bytes).
    Removing stm32f1xx_hal_tim.o(i.HAL_TIM_IC_Init), (102 bytes).
    Removing stm32f1xx_hal_tim.o(i.HAL_TIM_IC_MspDeInit), (2 bytes).
    Removing stm32f1xx_hal_tim.o(i.HAL_TIM_IC_MspInit), (2 bytes).
    Removing stm32f1xx_hal_tim.o(i.HAL_TIM_IC_Start), (268 bytes).
    Removing stm32f1xx_hal_tim.o(i.HAL_TIM_IC_Start_DMA), (560 bytes).
    Removing stm32f1xx_hal_tim.o(i.HAL_TIM_IC_Start_IT), (352 bytes).
    Removing stm32f1xx_hal_tim.o(i.HAL_TIM_IC_Stop), (138 bytes).
    Removing stm32f1xx_hal_tim.o(i.HAL_TIM_IC_Stop_DMA), (244 bytes).
    Removing stm32f1xx_hal_tim.o(i.HAL_TIM_IC_Stop_IT), (222 bytes).
    Removing stm32f1xx_hal_tim.o(i.HAL_TIM_OC_ConfigChannel), (112 bytes).
    Removing stm32f1xx_hal_tim.o(i.HAL_TIM_OC_DeInit), (120 bytes).
    Removing stm32f1xx_hal_tim.o(i.HAL_TIM_OC_GetState), (8 bytes).
    Removing stm32f1xx_hal_tim.o(i.HAL_TIM_OC_Init), (102 bytes).
    Removing stm32f1xx_hal_tim.o(i.HAL_TIM_OC_MspDeInit), (2 bytes).
    Removing stm32f1xx_hal_tim.o(i.HAL_TIM_OC_MspInit), (2 bytes).
    Removing stm32f1xx_hal_tim.o(i.HAL_TIM_OC_Start), (212 bytes).
    Removing stm32f1xx_hal_tim.o(i.HAL_TIM_OC_Start_DMA), (532 bytes).
    Removing stm32f1xx_hal_tim.o(i.HAL_TIM_OC_Start_IT), (292 bytes).
    Removing stm32f1xx_hal_tim.o(i.HAL_TIM_OC_Stop), (156 bytes).
    Removing stm32f1xx_hal_tim.o(i.HAL_TIM_OC_Stop_DMA), (264 bytes).
    Removing stm32f1xx_hal_tim.o(i.HAL_TIM_OC_Stop_IT), (240 bytes).
    Removing stm32f1xx_hal_tim.o(i.HAL_TIM_OnePulse_ConfigChannel), (310 bytes).
    Removing stm32f1xx_hal_tim.o(i.HAL_TIM_OnePulse_DeInit), (96 bytes).
    Removing stm32f1xx_hal_tim.o(i.HAL_TIM_OnePulse_GetState), (8 bytes).
    Removing stm32f1xx_hal_tim.o(i.HAL_TIM_OnePulse_Init), (102 bytes).
    Removing stm32f1xx_hal_tim.o(i.HAL_TIM_OnePulse_MspDeInit), (2 bytes).
    Removing stm32f1xx_hal_tim.o(i.HAL_TIM_OnePulse_MspInit), (2 bytes).
    Removing stm32f1xx_hal_tim.o(i.HAL_TIM_OnePulse_Start), (128 bytes).
    Removing stm32f1xx_hal_tim.o(i.HAL_TIM_OnePulse_Start_IT), (152 bytes).
    Removing stm32f1xx_hal_tim.o(i.HAL_TIM_OnePulse_Stop), (148 bytes).
    Removing stm32f1xx_hal_tim.o(i.HAL_TIM_OnePulse_Stop_IT), (172 bytes).
    Removing stm32f1xx_hal_tim.o(i.HAL_TIM_PWM_ConfigChannel), (260 bytes).
    Removing stm32f1xx_hal_tim.o(i.HAL_TIM_PWM_DeInit), (120 bytes).
    Removing stm32f1xx_hal_tim.o(i.HAL_TIM_PWM_GetState), (8 bytes).
    Removing stm32f1xx_hal_tim.o(i.HAL_TIM_PWM_Init), (102 bytes).
    Removing stm32f1xx_hal_tim.o(i.HAL_TIM_PWM_MspDeInit), (2 bytes).
    Removing stm32f1xx_hal_tim.o(i.HAL_TIM_PWM_MspInit), (2 bytes).
    Removing stm32f1xx_hal_tim.o(i.HAL_TIM_PWM_PulseFinishedHalfCpltCallback), (2 bytes).
    Removing stm32f1xx_hal_tim.o(i.HAL_TIM_PWM_Start), (212 bytes).
    Removing stm32f1xx_hal_tim.o(i.HAL_TIM_PWM_Start_DMA), (532 bytes).
    Removing stm32f1xx_hal_tim.o(i.HAL_TIM_PWM_Start_IT), (292 bytes).
    Removing stm32f1xx_hal_tim.o(i.HAL_TIM_PWM_Stop), (156 bytes).
    Removing stm32f1xx_hal_tim.o(i.HAL_TIM_PWM_Stop_DMA), (264 bytes).
    Removing stm32f1xx_hal_tim.o(i.HAL_TIM_PWM_Stop_IT), (240 bytes).
    Removing stm32f1xx_hal_tim.o(i.HAL_TIM_PeriodElapsedCallback), (2 bytes).
    Removing stm32f1xx_hal_tim.o(i.HAL_TIM_PeriodElapsedHalfCpltCallback), (2 bytes).
    Removing stm32f1xx_hal_tim.o(i.HAL_TIM_ReadCapturedValue), (50 bytes).
    Removing stm32f1xx_hal_tim.o(i.HAL_TIM_SlaveConfigSynchro), (108 bytes).
    Removing stm32f1xx_hal_tim.o(i.HAL_TIM_SlaveConfigSynchro_IT), (108 bytes).
    Removing stm32f1xx_hal_tim.o(i.HAL_TIM_TriggerHalfCpltCallback), (2 bytes).
    Removing stm32f1xx_hal_tim.o(i.TIM_CCxChannelCmd), (34 bytes).
    Removing stm32f1xx_hal_tim.o(i.TIM_DMACaptureCplt), (122 bytes).
    Removing stm32f1xx_hal_tim.o(i.TIM_DMACaptureHalfCplt), (64 bytes).
    Removing stm32f1xx_hal_tim.o(i.TIM_DMADelayPulseCplt), (104 bytes).
    Removing stm32f1xx_hal_tim.o(i.TIM_DMADelayPulseHalfCplt), (64 bytes).
    Removing stm32f1xx_hal_tim.o(i.TIM_DMAError), (94 bytes).
    Removing stm32f1xx_hal_tim.o(i.TIM_DMAPeriodElapsedCplt), (26 bytes).
    Removing stm32f1xx_hal_tim.o(i.TIM_DMAPeriodElapsedHalfCplt), (14 bytes).
    Removing stm32f1xx_hal_tim.o(i.TIM_DMATriggerCplt), (26 bytes).
    Removing stm32f1xx_hal_tim.o(i.TIM_DMATriggerHalfCplt), (14 bytes).
    Removing stm32f1xx_hal_tim.o(i.TIM_OC1_SetConfig), (96 bytes).
    Removing stm32f1xx_hal_tim.o(i.TIM_OC2_SetConfig), (104 bytes).
    Removing stm32f1xx_hal_tim.o(i.TIM_OC3_SetConfig), (104 bytes).
    Removing stm32f1xx_hal_tim.o(i.TIM_OC4_SetConfig), (72 bytes).
    Removing stm32f1xx_hal_tim.o(i.TIM_SlaveTimer_SetConfig), (178 bytes).
    Removing stm32f1xx_hal_tim.o(i.TIM_TI1_SetConfig), (104 bytes).
    Removing stm32f1xx_hal_tim.o(i.TIM_TI2_SetConfig), (58 bytes).
    Removing stm32f1xx_hal_tim.o(i.TIM_TI3_SetConfig), (56 bytes).
    Removing stm32f1xx_hal_tim.o(i.TIM_TI4_SetConfig), (60 bytes).
    Removing stm32f1xx_hal_tim_ex.o(.rev16_text), (4 bytes).
    Removing stm32f1xx_hal_tim_ex.o(.revsh_text), (4 bytes).
    Removing stm32f1xx_hal_tim_ex.o(.rrx_text), (6 bytes).
    Removing stm32f1xx_hal_tim_ex.o(i.HAL_TIMEx_CommutHalfCpltCallback), (2 bytes).
    Removing stm32f1xx_hal_tim_ex.o(i.HAL_TIMEx_ConfigBreakDeadTime), (116 bytes).
    Removing stm32f1xx_hal_tim_ex.o(i.HAL_TIMEx_ConfigCommutEvent), (134 bytes).
    Removing stm32f1xx_hal_tim_ex.o(i.HAL_TIMEx_ConfigCommutEvent_DMA), (164 bytes).
    Removing stm32f1xx_hal_tim_ex.o(i.HAL_TIMEx_ConfigCommutEvent_IT), (134 bytes).
    Removing stm32f1xx_hal_tim_ex.o(i.HAL_TIMEx_GetChannelNState), (38 bytes).
    Removing stm32f1xx_hal_tim_ex.o(i.HAL_TIMEx_HallSensor_DeInit), (96 bytes).
    Removing stm32f1xx_hal_tim_ex.o(i.HAL_TIMEx_HallSensor_GetState), (8 bytes).
    Removing stm32f1xx_hal_tim_ex.o(i.HAL_TIMEx_HallSensor_Init), (234 bytes).
    Removing stm32f1xx_hal_tim_ex.o(i.HAL_TIMEx_HallSensor_MspDeInit), (2 bytes).
    Removing stm32f1xx_hal_tim_ex.o(i.HAL_TIMEx_HallSensor_MspInit), (2 bytes).
    Removing stm32f1xx_hal_tim_ex.o(i.HAL_TIMEx_HallSensor_Start), (168 bytes).
    Removing stm32f1xx_hal_tim_ex.o(i.HAL_TIMEx_HallSensor_Start_DMA), (232 bytes).
    Removing stm32f1xx_hal_tim_ex.o(i.HAL_TIMEx_HallSensor_Start_IT), (180 bytes).
    Removing stm32f1xx_hal_tim_ex.o(i.HAL_TIMEx_HallSensor_Stop), (78 bytes).
    Removing stm32f1xx_hal_tim_ex.o(i.HAL_TIMEx_HallSensor_Stop_DMA), (84 bytes).
    Removing stm32f1xx_hal_tim_ex.o(i.HAL_TIMEx_HallSensor_Stop_IT), (90 bytes).
    Removing stm32f1xx_hal_tim_ex.o(i.HAL_TIMEx_OCN_Start), (196 bytes).
    Removing stm32f1xx_hal_tim_ex.o(i.HAL_TIMEx_OCN_Start_DMA), (456 bytes).
    Removing stm32f1xx_hal_tim_ex.o(i.HAL_TIMEx_OCN_Start_IT), (276 bytes).
    Removing stm32f1xx_hal_tim_ex.o(i.HAL_TIMEx_OCN_Stop), (136 bytes).
    Removing stm32f1xx_hal_tim_ex.o(i.HAL_TIMEx_OCN_Stop_DMA), (220 bytes).
    Removing stm32f1xx_hal_tim_ex.o(i.HAL_TIMEx_OCN_Stop_IT), (230 bytes).
    Removing stm32f1xx_hal_tim_ex.o(i.HAL_TIMEx_OnePulseN_Start), (118 bytes).
    Removing stm32f1xx_hal_tim_ex.o(i.HAL_TIMEx_OnePulseN_Start_IT), (142 bytes).
    Removing stm32f1xx_hal_tim_ex.o(i.HAL_TIMEx_OnePulseN_Stop), (138 bytes).
    Removing stm32f1xx_hal_tim_ex.o(i.HAL_TIMEx_OnePulseN_Stop_IT), (162 bytes).
    Removing stm32f1xx_hal_tim_ex.o(i.HAL_TIMEx_PWMN_Start), (196 bytes).
    Removing stm32f1xx_hal_tim_ex.o(i.HAL_TIMEx_PWMN_Start_DMA), (456 bytes).
    Removing stm32f1xx_hal_tim_ex.o(i.HAL_TIMEx_PWMN_Start_IT), (276 bytes).
    Removing stm32f1xx_hal_tim_ex.o(i.HAL_TIMEx_PWMN_Stop), (136 bytes).
    Removing stm32f1xx_hal_tim_ex.o(i.HAL_TIMEx_PWMN_Stop_DMA), (220 bytes).
    Removing stm32f1xx_hal_tim_ex.o(i.HAL_TIMEx_PWMN_Stop_IT), (230 bytes).
    Removing stm32f1xx_hal_tim_ex.o(i.HAL_TIMEx_RemapConfig), (6 bytes).
    Removing stm32f1xx_hal_tim_ex.o(i.TIMEx_DMACommutationCplt), (20 bytes).
    Removing stm32f1xx_hal_tim_ex.o(i.TIMEx_DMACommutationHalfCplt), (20 bytes).
    Removing stm32f1xx_hal_tim_ex.o(i.TIM_CCxNChannelCmd), (34 bytes).
    Removing stm32f1xx_hal_tim_ex.o(i.TIM_DMADelayPulseNCplt), (104 bytes).
    Removing stm32f1xx_hal_tim_ex.o(i.TIM_DMAErrorCCxN), (68 bytes).
    Removing system_stm32f1xx.o(.rev16_text), (4 bytes).
    Removing system_stm32f1xx.o(.revsh_text), (4 bytes).
    Removing system_stm32f1xx.o(.rrx_text), (6 bytes).
    Removing system_stm32f1xx.o(i.SystemCoreClockUpdate), (164 bytes).
    Removing drv_spi.o(.rev16_text), (4 bytes).
    Removing drv_spi.o(.revsh_text), (4 bytes).
    Removing drv_spi.o(.rrx_text), (6 bytes).
    Removing drv_spi.o(i.drv_spi_read_write_string), (68 bytes).
    Removing drv_rf24l01.o(.rev16_text), (4 bytes).
    Removing drv_rf24l01.o(.revsh_text), (4 bytes).
    Removing drv_rf24l01.o(.rrx_text), (6 bytes).
    Removing drv_rf24l01.o(i.NRF24L01_Flush_Rx_Fifo), (40 bytes).
    Removing drv_rf24l01.o(i.NRF24L01_Flush_Tx_Fifo), (40 bytes).
    Removing drv_rf24l01.o(i.NRF24L01_Nop), (40 bytes).
    Removing drv_rf24l01.o(i.NRF24L01_Read_Buf), (72 bytes).
    Removing drv_rf24l01.o(i.NRF24L01_Read_Rx_Payload), (100 bytes).
    Removing drv_rf24l01.o(i.NRF24L01_Read_Top_Fifo_Width), (52 bytes).
    Removing drv_rf24l01.o(i.NRF24L01_Reuse_Tx_Payload), (40 bytes).
    Removing drv_rf24l01.o(i.NRF24L01_RxPacket), (180 bytes).
    Removing drv_rf24l01.o(i.NRF24L01_Set_Speed), (60 bytes).
    Removing drv_rf24l01.o(i.NRF24L01_Write_Tx_Payload_Ack), (88 bytes).
    Removing drv_rf24l01.o(i.NRF24L01_Write_Tx_Payload_InAck), (80 bytes).
    Removing drv_rf24l01.o(i.NRF24L01_Write_Tx_Payload_NoAck), (80 bytes).
    Removing drv_rf24l01.o(i.NRF24L01_check), (100 bytes).
    Removing drv_rf24l01.o(i.NRF_Intercommunication), (116 bytes).
    Removing drv_rf24l01.o(i.RF24L01_Read_IRQ_Status), (16 bytes).
    Removing drv_rf24l01.o(i.RF24LL01_Write_Hopping_Point), (20 bytes).
    Removing debug.o(.rev16_text), (4 bytes).
    Removing debug.o(.revsh_text), (4 bytes).
    Removing debug.o(.rrx_text), (6 bytes).

455 unused section(s) (total 39493 bytes) removed from the image.

==============================================================================

Image Symbol Table

    Local Symbols

    Symbol Name                              Value     Ov Type        Size  Object(Section)

    ../Core/Src/adc.c                        0x00000000   Number         0  adc.o ABSOLUTE
    ../Core/Src/dma.c                        0x00000000   Number         0  dma.o ABSOLUTE
    ../Core/Src/gpio.c                       0x00000000   Number         0  gpio.o ABSOLUTE
    ../Core/Src/main.c                       0x00000000   Number         0  main.o ABSOLUTE
    ../Core/Src/spi.c                        0x00000000   Number         0  spi.o ABSOLUTE
    ../Core/Src/stm32f1xx_hal_msp.c          0x00000000   Number         0  stm32f1xx_hal_msp.o ABSOLUTE
    ../Core/Src/stm32f1xx_it.c               0x00000000   Number         0  stm32f1xx_it.o ABSOLUTE
    ../Core/Src/system_stm32f1xx.c           0x00000000   Number         0  system_stm32f1xx.o ABSOLUTE
    ../Core/Src/tim.c                        0x00000000   Number         0  tim.o ABSOLUTE
    ../Drivers/STM32F1xx_HAL_Driver/Src/stm32f1xx_hal.c 0x00000000   Number         0  stm32f1xx_hal.o ABSOLUTE
    ../Drivers/STM32F1xx_HAL_Driver/Src/stm32f1xx_hal_adc.c 0x00000000   Number         0  stm32f1xx_hal_adc.o ABSOLUTE
    ../Drivers/STM32F1xx_HAL_Driver/Src/stm32f1xx_hal_adc_ex.c 0x00000000   Number         0  stm32f1xx_hal_adc_ex.o ABSOLUTE
    ../Drivers/STM32F1xx_HAL_Driver/Src/stm32f1xx_hal_cortex.c 0x00000000   Number         0  stm32f1xx_hal_cortex.o ABSOLUTE
    ../Drivers/STM32F1xx_HAL_Driver/Src/stm32f1xx_hal_dma.c 0x00000000   Number         0  stm32f1xx_hal_dma.o ABSOLUTE
    ../Drivers/STM32F1xx_HAL_Driver/Src/stm32f1xx_hal_exti.c 0x00000000   Number         0  stm32f1xx_hal_exti.o ABSOLUTE
    ../Drivers/STM32F1xx_HAL_Driver/Src/stm32f1xx_hal_flash.c 0x00000000   Number         0  stm32f1xx_hal_flash.o ABSOLUTE
    ../Drivers/STM32F1xx_HAL_Driver/Src/stm32f1xx_hal_flash_ex.c 0x00000000   Number         0  stm32f1xx_hal_flash_ex.o ABSOLUTE
    ../Drivers/STM32F1xx_HAL_Driver/Src/stm32f1xx_hal_gpio.c 0x00000000   Number         0  stm32f1xx_hal_gpio.o ABSOLUTE
    ../Drivers/STM32F1xx_HAL_Driver/Src/stm32f1xx_hal_gpio_ex.c 0x00000000   Number         0  stm32f1xx_hal_gpio_ex.o ABSOLUTE
    ../Drivers/STM32F1xx_HAL_Driver/Src/stm32f1xx_hal_pwr.c 0x00000000   Number         0  stm32f1xx_hal_pwr.o ABSOLUTE
    ../Drivers/STM32F1xx_HAL_Driver/Src/stm32f1xx_hal_rcc.c 0x00000000   Number         0  stm32f1xx_hal_rcc.o ABSOLUTE
    ../Drivers/STM32F1xx_HAL_Driver/Src/stm32f1xx_hal_rcc_ex.c 0x00000000   Number         0  stm32f1xx_hal_rcc_ex.o ABSOLUTE
    ../Drivers/STM32F1xx_HAL_Driver/Src/stm32f1xx_hal_spi.c 0x00000000   Number         0  stm32f1xx_hal_spi.o ABSOLUTE
    ../Drivers/STM32F1xx_HAL_Driver/Src/stm32f1xx_hal_tim.c 0x00000000   Number         0  stm32f1xx_hal_tim.o ABSOLUTE
    ../Drivers/STM32F1xx_HAL_Driver/Src/stm32f1xx_hal_tim_ex.c 0x00000000   Number         0  stm32f1xx_hal_tim_ex.o ABSOLUTE
    ../clib/microlib/init/entry.s            0x00000000   Number         0  entry10a.o ABSOLUTE
    ../clib/microlib/init/entry.s            0x00000000   Number         0  entry5.o ABSOLUTE
    ../clib/microlib/init/entry.s            0x00000000   Number         0  entry2.o ABSOLUTE
    ../clib/microlib/init/entry.s            0x00000000   Number         0  entry9b.o ABSOLUTE
    ../clib/microlib/init/entry.s            0x00000000   Number         0  entry9a.o ABSOLUTE
    ../clib/microlib/init/entry.s            0x00000000   Number         0  entry10b.o ABSOLUTE
    ../clib/microlib/init/entry.s            0x00000000   Number         0  entry11a.o ABSOLUTE
    ../clib/microlib/init/entry.s            0x00000000   Number         0  entry8b.o ABSOLUTE
    ../clib/microlib/init/entry.s            0x00000000   Number         0  entry8a.o ABSOLUTE
    ../clib/microlib/init/entry.s            0x00000000   Number         0  entry7a.o ABSOLUTE
    ../clib/microlib/init/entry.s            0x00000000   Number         0  entry.o ABSOLUTE
    ../clib/microlib/init/entry.s            0x00000000   Number         0  entry11b.o ABSOLUTE
    ../clib/microlib/init/entry.s            0x00000000   Number         0  entry7b.o ABSOLUTE
    ../clib/microlib/longlong.c              0x00000000   Number         0  llushr.o ABSOLUTE
    ../clib/microlib/string/memcpy.c         0x00000000   Number         0  memcpya.o ABSOLUTE
    ../clib/microlib/string/memcpy.c         0x00000000   Number         0  memcpyb.o ABSOLUTE
    ../clib/microlib/string/memset.c         0x00000000   Number         0  memseta.o ABSOLUTE
    ../clib/microlib/string/strcpy.c         0x00000000   Number         0  strcpy.o ABSOLUTE
    ../clib/microlib/string/strlen.c         0x00000000   Number         0  strlen.o ABSOLUTE
    ../clib/microlib/stubs.s                 0x00000000   Number         0  iusefp.o ABSOLUTE
    ../fplib/microlib/fpfix.c                0x00000000   Number         0  ffixui.o ABSOLUTE
    ../fplib/microlib/fpmul.c                0x00000000   Number         0  fmul.o ABSOLUTE
    ..\Core\Src\adc.c                        0x00000000   Number         0  adc.o ABSOLUTE
    ..\Core\Src\dma.c                        0x00000000   Number         0  dma.o ABSOLUTE
    ..\Core\Src\gpio.c                       0x00000000   Number         0  gpio.o ABSOLUTE
    ..\Core\Src\main.c                       0x00000000   Number         0  main.o ABSOLUTE
    ..\Core\Src\remote_control.c             0x00000000   Number         0  remote_control.o ABSOLUTE
    ..\Core\Src\spi.c                        0x00000000   Number         0  spi.o ABSOLUTE
    ..\Core\Src\stm32f1xx_hal_msp.c          0x00000000   Number         0  stm32f1xx_hal_msp.o ABSOLUTE
    ..\Core\Src\stm32f1xx_it.c               0x00000000   Number         0  stm32f1xx_it.o ABSOLUTE
    ..\Core\Src\system_stm32f1xx.c           0x00000000   Number         0  system_stm32f1xx.o ABSOLUTE
    ..\Core\Src\tim.c                        0x00000000   Number         0  tim.o ABSOLUTE
    ..\Drivers\STM32F1xx_HAL_Driver\Src\stm32f1xx_hal.c 0x00000000   Number         0  stm32f1xx_hal.o ABSOLUTE
    ..\Drivers\STM32F1xx_HAL_Driver\Src\stm32f1xx_hal_adc.c 0x00000000   Number         0  stm32f1xx_hal_adc.o ABSOLUTE
    ..\Drivers\STM32F1xx_HAL_Driver\Src\stm32f1xx_hal_adc_ex.c 0x00000000   Number         0  stm32f1xx_hal_adc_ex.o ABSOLUTE
    ..\Drivers\STM32F1xx_HAL_Driver\Src\stm32f1xx_hal_cortex.c 0x00000000   Number         0  stm32f1xx_hal_cortex.o ABSOLUTE
    ..\Drivers\STM32F1xx_HAL_Driver\Src\stm32f1xx_hal_dma.c 0x00000000   Number         0  stm32f1xx_hal_dma.o ABSOLUTE
    ..\Drivers\STM32F1xx_HAL_Driver\Src\stm32f1xx_hal_exti.c 0x00000000   Number         0  stm32f1xx_hal_exti.o ABSOLUTE
    ..\Drivers\STM32F1xx_HAL_Driver\Src\stm32f1xx_hal_flash.c 0x00000000   Number         0  stm32f1xx_hal_flash.o ABSOLUTE
    ..\Drivers\STM32F1xx_HAL_Driver\Src\stm32f1xx_hal_flash_ex.c 0x00000000   Number         0  stm32f1xx_hal_flash_ex.o ABSOLUTE
    ..\Drivers\STM32F1xx_HAL_Driver\Src\stm32f1xx_hal_gpio.c 0x00000000   Number         0  stm32f1xx_hal_gpio.o ABSOLUTE
    ..\Drivers\STM32F1xx_HAL_Driver\Src\stm32f1xx_hal_gpio_ex.c 0x00000000   Number         0  stm32f1xx_hal_gpio_ex.o ABSOLUTE
    ..\Drivers\STM32F1xx_HAL_Driver\Src\stm32f1xx_hal_pwr.c 0x00000000   Number         0  stm32f1xx_hal_pwr.o ABSOLUTE
    ..\Drivers\STM32F1xx_HAL_Driver\Src\stm32f1xx_hal_rcc.c 0x00000000   Number         0  stm32f1xx_hal_rcc.o ABSOLUTE
    ..\Drivers\STM32F1xx_HAL_Driver\Src\stm32f1xx_hal_rcc_ex.c 0x00000000   Number         0  stm32f1xx_hal_rcc_ex.o ABSOLUTE
    ..\Drivers\STM32F1xx_HAL_Driver\Src\stm32f1xx_hal_spi.c 0x00000000   Number         0  stm32f1xx_hal_spi.o ABSOLUTE
    ..\Drivers\STM32F1xx_HAL_Driver\Src\stm32f1xx_hal_tim.c 0x00000000   Number         0  stm32f1xx_hal_tim.o ABSOLUTE
    ..\Drivers\STM32F1xx_HAL_Driver\Src\stm32f1xx_hal_tim_ex.c 0x00000000   Number         0  stm32f1xx_hal_tim_ex.o ABSOLUTE
    ..\Drv\drv_mcu\src\drv_spi.c             0x00000000   Number         0  drv_spi.o ABSOLUTE
    ..\Drv\drv_periph\src\drv_RF24L01.c      0x00000000   Number         0  drv_rf24l01.o ABSOLUTE
    ..\\Core\\Src\\remote_control.c          0x00000000   Number         0  remote_control.o ABSOLUTE
    ..\\Drv\\drv_mcu\\src\\drv_spi.c         0x00000000   Number         0  drv_spi.o ABSOLUTE
    ..\\Drv\\drv_periph\\src\\drv_RF24L01.c  0x00000000   Number         0  drv_rf24l01.o ABSOLUTE
    ..\\debug\\debug.c                       0x00000000   Number         0  debug.o ABSOLUTE
    ..\debug\debug.c                         0x00000000   Number         0  debug.o ABSOLUTE
    dc.s                                     0x00000000   Number         0  dc.o ABSOLUTE
    handlers.s                               0x00000000   Number         0  handlers.o ABSOLUTE
    init.s                                   0x00000000   Number         0  init.o ABSOLUTE
    startup_stm32f103xb.s                    0x00000000   Number         0  startup_stm32f103xb.o ABSOLUTE
    RESET                                    0x08000000   Section      236  startup_stm32f103xb.o(RESET)
    .ARM.Collect$$$$00000000                 0x080000ec   Section        0  entry.o(.ARM.Collect$$$$00000000)
    .ARM.Collect$$$$00000001                 0x080000ec   Section        4  entry2.o(.ARM.Collect$$$$00000001)
    .ARM.Collect$$$$00000004                 0x080000f0   Section        4  entry5.o(.ARM.Collect$$$$00000004)
    .ARM.Collect$$$$00000008                 0x080000f4   Section        0  entry7b.o(.ARM.Collect$$$$00000008)
    .ARM.Collect$$$$0000000A                 0x080000f4   Section        0  entry8b.o(.ARM.Collect$$$$0000000A)
    .ARM.Collect$$$$0000000B                 0x080000f4   Section        8  entry9a.o(.ARM.Collect$$$$0000000B)
    .ARM.Collect$$$$0000000D                 0x080000fc   Section        0  entry10a.o(.ARM.Collect$$$$0000000D)
    .ARM.Collect$$$$0000000F                 0x080000fc   Section        0  entry11a.o(.ARM.Collect$$$$0000000F)
    .ARM.Collect$$$$00002712                 0x080000fc   Section        4  entry2.o(.ARM.Collect$$$$00002712)
    __lit__00000000                          0x080000fc   Data           4  entry2.o(.ARM.Collect$$$$00002712)
    .text                                    0x08000100   Section       36  startup_stm32f103xb.o(.text)
    .text                                    0x08000124   Section        0  memcpya.o(.text)
    .text                                    0x08000148   Section        0  memseta.o(.text)
    .text                                    0x0800016c   Section        0  strlen.o(.text)
    .text                                    0x0800017a   Section        0  strcpy.o(.text)
    .text                                    0x0800018c   Section        0  fmul.o(.text)
    .text                                    0x080001f0   Section        0  ffixui.o(.text)
    .text                                    0x08000218   Section        0  iusefp.o(.text)
    .text                                    0x08000218   Section       36  init.o(.text)
    i.ADC_ConversionStop_Disable             0x0800023c   Section        0  stm32f1xx_hal_adc.o(i.ADC_ConversionStop_Disable)
    i.ADC_DMAConvCplt                        0x08000298   Section        0  stm32f1xx_hal_adc.o(i.ADC_DMAConvCplt)
    i.ADC_DMAError                           0x080002ea   Section        0  stm32f1xx_hal_adc.o(i.ADC_DMAError)
    i.ADC_DMAHalfConvCplt                    0x08000308   Section        0  stm32f1xx_hal_adc.o(i.ADC_DMAHalfConvCplt)
    i.ADC_Enable                             0x08000318   Section        0  stm32f1xx_hal_adc.o(i.ADC_Enable)
    i.AddParameter_f                         0x080003a8   Section        0  debug.o(i.AddParameter_f)
    i.AddParameter_i                         0x08000432   Section        0  debug.o(i.AddParameter_i)
    i.AddParameter_ui                        0x080004bc   Section        0  debug.o(i.AddParameter_ui)
    i.BusFault_Handler                       0x08000546   Section        0  stm32f1xx_it.o(i.BusFault_Handler)
    i.DMA1_Channel1_IRQHandler               0x0800054c   Section        0  stm32f1xx_it.o(i.DMA1_Channel1_IRQHandler)
    i.DMA_SetConfig                          0x0800055c   Section        0  stm32f1xx_hal_dma.o(i.DMA_SetConfig)
    DMA_SetConfig                            0x0800055d   Thumb Code    44  stm32f1xx_hal_dma.o(i.DMA_SetConfig)
    i.DebugMon_Handler                       0x08000588   Section        0  stm32f1xx_it.o(i.DebugMon_Handler)
    i.Error_Handler                          0x0800058a   Section        0  main.o(i.Error_Handler)
    i.HAL_ADC_ConfigChannel                  0x08000590   Section        0  stm32f1xx_hal_adc.o(i.HAL_ADC_ConfigChannel)
    i.HAL_ADC_ConvCpltCallback               0x080006f0   Section        0  stm32f1xx_hal_adc.o(i.HAL_ADC_ConvCpltCallback)
    i.HAL_ADC_ConvHalfCpltCallback           0x080006f2   Section        0  stm32f1xx_hal_adc.o(i.HAL_ADC_ConvHalfCpltCallback)
    i.HAL_ADC_ErrorCallback                  0x080006f4   Section        0  stm32f1xx_hal_adc.o(i.HAL_ADC_ErrorCallback)
    i.HAL_ADC_Init                           0x080006f8   Section        0  stm32f1xx_hal_adc.o(i.HAL_ADC_Init)
    i.HAL_ADC_MspInit                        0x0800083c   Section        0  adc.o(i.HAL_ADC_MspInit)
    i.HAL_ADC_Start_DMA                      0x0800093c   Section        0  stm32f1xx_hal_adc.o(i.HAL_ADC_Start_DMA)
    i.HAL_DMA_Abort_IT                       0x08000abc   Section        0  stm32f1xx_hal_dma.o(i.HAL_DMA_Abort_IT)
    i.HAL_DMA_IRQHandler                     0x08000b6c   Section        0  stm32f1xx_hal_dma.o(i.HAL_DMA_IRQHandler)
    i.HAL_DMA_Init                           0x08000d08   Section        0  stm32f1xx_hal_dma.o(i.HAL_DMA_Init)
    i.HAL_DMA_Start_IT                       0x08000d70   Section        0  stm32f1xx_hal_dma.o(i.HAL_DMA_Start_IT)
    i.HAL_Delay                              0x08000e0c   Section        0  stm32f1xx_hal.o(i.HAL_Delay)
    i.HAL_GPIO_Init                          0x08000e34   Section        0  stm32f1xx_hal_gpio.o(i.HAL_GPIO_Init)
    i.HAL_GPIO_ReadPin                       0x08001154   Section        0  stm32f1xx_hal_gpio.o(i.HAL_GPIO_ReadPin)
    i.HAL_GPIO_WritePin                      0x08001164   Section        0  stm32f1xx_hal_gpio.o(i.HAL_GPIO_WritePin)
    i.HAL_GetTick                            0x08001170   Section        0  stm32f1xx_hal.o(i.HAL_GetTick)
    i.HAL_IncTick                            0x0800117c   Section        0  stm32f1xx_hal.o(i.HAL_IncTick)
    i.HAL_Init                               0x08001194   Section        0  stm32f1xx_hal.o(i.HAL_Init)
    i.HAL_InitTick                           0x080011bc   Section        0  stm32f1xx_hal.o(i.HAL_InitTick)
    i.HAL_MspInit                            0x08001208   Section        0  stm32f1xx_hal_msp.o(i.HAL_MspInit)
    i.HAL_NVIC_EnableIRQ                     0x0800126c   Section        0  stm32f1xx_hal_cortex.o(i.HAL_NVIC_EnableIRQ)
    i.HAL_NVIC_SetPriority                   0x0800128c   Section        0  stm32f1xx_hal_cortex.o(i.HAL_NVIC_SetPriority)
    i.HAL_NVIC_SetPriorityGrouping           0x08001308   Section        0  stm32f1xx_hal_cortex.o(i.HAL_NVIC_SetPriorityGrouping)
    i.HAL_RCCEx_PeriphCLKConfig              0x08001330   Section        0  stm32f1xx_hal_rcc_ex.o(i.HAL_RCCEx_PeriphCLKConfig)
    i.HAL_RCC_ClockConfig                    0x08001460   Section        0  stm32f1xx_hal_rcc.o(i.HAL_RCC_ClockConfig)
    i.HAL_RCC_GetSysClockFreq                0x080015ec   Section        0  stm32f1xx_hal_rcc.o(i.HAL_RCC_GetSysClockFreq)
    i.HAL_RCC_OscConfig                      0x0800165c   Section        0  stm32f1xx_hal_rcc.o(i.HAL_RCC_OscConfig)
    i.HAL_SPI_ErrorCallback                  0x08001ac0   Section        0  stm32f1xx_hal_spi.o(i.HAL_SPI_ErrorCallback)
    i.HAL_SPI_IRQHandler                     0x08001ac4   Section        0  stm32f1xx_hal_spi.o(i.HAL_SPI_IRQHandler)
    i.HAL_SPI_Init                           0x08001bf8   Section        0  stm32f1xx_hal_spi.o(i.HAL_SPI_Init)
    i.HAL_SPI_MspInit                        0x08001cb8   Section        0  spi.o(i.HAL_SPI_MspInit)
    i.HAL_SPI_TransmitReceive                0x08001dd0   Section        0  stm32f1xx_hal_spi.o(i.HAL_SPI_TransmitReceive)
    i.HAL_SYSTICK_Config                     0x08002010   Section        0  stm32f1xx_hal_cortex.o(i.HAL_SYSTICK_Config)
    i.HAL_TIMEx_BreakCallback                0x08002044   Section        0  stm32f1xx_hal_tim_ex.o(i.HAL_TIMEx_BreakCallback)
    i.HAL_TIMEx_CommutCallback               0x08002046   Section        0  stm32f1xx_hal_tim_ex.o(i.HAL_TIMEx_CommutCallback)
    i.HAL_TIMEx_MasterConfigSynchronization  0x08002048   Section        0  stm32f1xx_hal_tim_ex.o(i.HAL_TIMEx_MasterConfigSynchronization)
    i.HAL_TIM_Base_Init                      0x080020cc   Section        0  stm32f1xx_hal_tim.o(i.HAL_TIM_Base_Init)
    i.HAL_TIM_Base_MspInit                   0x08002134   Section        0  tim.o(i.HAL_TIM_Base_MspInit)
    i.HAL_TIM_Base_Start_IT                  0x080021bc   Section        0  stm32f1xx_hal_tim.o(i.HAL_TIM_Base_Start_IT)
    i.HAL_TIM_ConfigClockSource              0x08002234   Section        0  stm32f1xx_hal_tim.o(i.HAL_TIM_ConfigClockSource)
    i.HAL_TIM_IC_CaptureCallback             0x08002340   Section        0  stm32f1xx_hal_tim.o(i.HAL_TIM_IC_CaptureCallback)
    i.HAL_TIM_IRQHandler                     0x08002342   Section        0  stm32f1xx_hal_tim.o(i.HAL_TIM_IRQHandler)
    i.HAL_TIM_OC_DelayElapsedCallback        0x080024d8   Section        0  stm32f1xx_hal_tim.o(i.HAL_TIM_OC_DelayElapsedCallback)
    i.HAL_TIM_PWM_PulseFinishedCallback      0x080024da   Section        0  stm32f1xx_hal_tim.o(i.HAL_TIM_PWM_PulseFinishedCallback)
    i.HAL_TIM_PeriodElapsedCallback          0x080024dc   Section        0  main.o(i.HAL_TIM_PeriodElapsedCallback)
    i.HAL_TIM_TriggerCallback                0x08002500   Section        0  stm32f1xx_hal_tim.o(i.HAL_TIM_TriggerCallback)
    i.HardFault_Handler                      0x08002502   Section        0  stm32f1xx_it.o(i.HardFault_Handler)
    i.InitPacket                             0x08002508   Section        0  debug.o(i.InitPacket)
    i.MX_ADC1_Init                           0x08002550   Section        0  adc.o(i.MX_ADC1_Init)
    i.MX_ADC2_Init                           0x080025f0   Section        0  adc.o(i.MX_ADC2_Init)
    i.MX_DMA_Init                            0x08002684   Section        0  dma.o(i.MX_DMA_Init)
    i.MX_GPIO_Init                           0x080026b8   Section        0  gpio.o(i.MX_GPIO_Init)
    i.MX_SPI1_Init                           0x0800277c   Section        0  spi.o(i.MX_SPI1_Init)
    i.MX_SPI2_Init                           0x080027c0   Section        0  spi.o(i.MX_SPI2_Init)
    i.MX_TIM1_Init                           0x08002804   Section        0  tim.o(i.MX_TIM1_Init)
    i.MX_TIM2_Init                           0x08002874   Section        0  tim.o(i.MX_TIM2_Init)
    i.MemManage_Handler                      0x080028e0   Section        0  stm32f1xx_it.o(i.MemManage_Handler)
    i.NMI_Handler                            0x080028e4   Section        0  stm32f1xx_it.o(i.NMI_Handler)
    i.NRF24L01_Clear_IRQ_Flag                0x080028e8   Section        0  drv_rf24l01.o(i.NRF24L01_Clear_IRQ_Flag)
    i.NRF24L01_RT                            0x08002930   Section        0  drv_rf24l01.o(i.NRF24L01_RT)
    NRF24L01_RT                              0x08002931   Thumb Code    16  drv_rf24l01.o(i.NRF24L01_RT)
    i.NRF24L01_Read_Reg                      0x08002940   Section        0  drv_rf24l01.o(i.NRF24L01_Read_Reg)
    i.NRF24L01_Read_Status_Register          0x08002974   Section        0  drv_rf24l01.o(i.NRF24L01_Read_Status_Register)
    i.NRF24L01_Set_Power                     0x080029a0   Section        0  drv_rf24l01.o(i.NRF24L01_Set_Power)
    i.NRF24L01_Set_RxAddr                    0x080029e8   Section        0  drv_rf24l01.o(i.NRF24L01_Set_RxAddr)
    i.NRF24L01_Set_TxAddr                    0x08002a20   Section        0  drv_rf24l01.o(i.NRF24L01_Set_TxAddr)
    i.NRF24L01_TxPacket                      0x08002a44   Section        0  drv_rf24l01.o(i.NRF24L01_TxPacket)
    i.NRF24L01_Write_Buf                     0x08002b14   Section        0  drv_rf24l01.o(i.NRF24L01_Write_Buf)
    i.NRF24L01_Write_Reg                     0x08002b5c   Section        0  drv_rf24l01.o(i.NRF24L01_Write_Reg)
    i.PendSV_Handler                         0x08002b90   Section        0  stm32f1xx_it.o(i.PendSV_Handler)
    i.RCC_Delay                              0x08002b94   Section        0  stm32f1xx_hal_rcc.o(i.RCC_Delay)
    RCC_Delay                                0x08002b95   Thumb Code    36  stm32f1xx_hal_rcc.o(i.RCC_Delay)
    i.RCC_IRQHandler                         0x08002bbc   Section        0  stm32f1xx_it.o(i.RCC_IRQHandler)
    i.RF24L01_Init                           0x08002bc0   Section        0  drv_rf24l01.o(i.RF24L01_Init)
    i.RF24L01_Port_Init                      0x08002c7c   Section        0  drv_rf24l01.o(i.RF24L01_Port_Init)
    i.RF24L01_Set_Mode                       0x08002c9c   Section        0  drv_rf24l01.o(i.RF24L01_Set_Mode)
    i.SPI1_IRQHandler                        0x08002cec   Section        0  stm32f1xx_it.o(i.SPI1_IRQHandler)
    i.SPI_DMAAbortOnError                    0x08002cfc   Section        0  stm32f1xx_hal_spi.o(i.SPI_DMAAbortOnError)
    SPI_DMAAbortOnError                      0x08002cfd   Thumb Code    20  stm32f1xx_hal_spi.o(i.SPI_DMAAbortOnError)
    i.SPI_EndRxTxTransaction                 0x08002d10   Section        0  stm32f1xx_hal_spi.o(i.SPI_EndRxTxTransaction)
    SPI_EndRxTxTransaction                   0x08002d11   Thumb Code    40  stm32f1xx_hal_spi.o(i.SPI_EndRxTxTransaction)
    i.SPI_WaitFlagStateUntilTimeout          0x08002d38   Section        0  stm32f1xx_hal_spi.o(i.SPI_WaitFlagStateUntilTimeout)
    SPI_WaitFlagStateUntilTimeout            0x08002d39   Thumb Code   210  stm32f1xx_hal_spi.o(i.SPI_WaitFlagStateUntilTimeout)
    i.SVC_Handler                            0x08002e10   Section        0  stm32f1xx_it.o(i.SVC_Handler)
    i.SysTick_Handler                        0x08002e12   Section        0  stm32f1xx_it.o(i.SysTick_Handler)
    i.SystemClock_Config                     0x08002e1a   Section        0  main.o(i.SystemClock_Config)
    i.SystemInit                             0x08002e9e   Section        0  system_stm32f1xx.o(i.SystemInit)
    i.TIM1_BRK_IRQHandler                    0x08002ea0   Section        0  stm32f1xx_it.o(i.TIM1_BRK_IRQHandler)
    i.TIM1_UP_IRQHandler                     0x08002eb0   Section        0  stm32f1xx_it.o(i.TIM1_UP_IRQHandler)
    i.TIM2_IRQHandler                        0x08002ec0   Section        0  stm32f1xx_it.o(i.TIM2_IRQHandler)
    i.TIM_Base_SetConfig                     0x08002ed0   Section        0  stm32f1xx_hal_tim.o(i.TIM_Base_SetConfig)
    i.TIM_ETR_SetConfig                      0x08002f44   Section        0  stm32f1xx_hal_tim.o(i.TIM_ETR_SetConfig)
    i.TIM_ITRx_SetConfig                     0x08002f5a   Section        0  stm32f1xx_hal_tim.o(i.TIM_ITRx_SetConfig)
    TIM_ITRx_SetConfig                       0x08002f5b   Thumb Code    18  stm32f1xx_hal_tim.o(i.TIM_ITRx_SetConfig)
    i.TIM_TI1_ConfigInputStage               0x08002f6c   Section        0  stm32f1xx_hal_tim.o(i.TIM_TI1_ConfigInputStage)
    TIM_TI1_ConfigInputStage                 0x08002f6d   Thumb Code    38  stm32f1xx_hal_tim.o(i.TIM_TI1_ConfigInputStage)
    i.TIM_TI2_ConfigInputStage               0x08002f92   Section        0  stm32f1xx_hal_tim.o(i.TIM_TI2_ConfigInputStage)
    TIM_TI2_ConfigInputStage                 0x08002f93   Thumb Code    40  stm32f1xx_hal_tim.o(i.TIM_TI2_ConfigInputStage)
    i.TransmitName                           0x08002fbc   Section        0  debug.o(i.TransmitName)
    i.TransmitParameter                      0x08003054   Section        0  debug.o(i.TransmitParameter)
    i.TransmitValue                          0x08003084   Section        0  debug.o(i.TransmitValue)
    i.UsageFault_Handler                     0x08003178   Section        0  stm32f1xx_it.o(i.UsageFault_Handler)
    i.__NVIC_GetPriorityGrouping             0x0800317c   Section        0  stm32f1xx_hal_cortex.o(i.__NVIC_GetPriorityGrouping)
    __NVIC_GetPriorityGrouping               0x0800317d   Thumb Code    10  stm32f1xx_hal_cortex.o(i.__NVIC_GetPriorityGrouping)
    i.__NVIC_SetPriority                     0x0800318c   Section        0  stm32f1xx_hal_cortex.o(i.__NVIC_SetPriority)
    __NVIC_SetPriority                       0x0800318d   Thumb Code    32  stm32f1xx_hal_cortex.o(i.__NVIC_SetPriority)
    i.__scatterload_copy                     0x080031b4   Section       14  handlers.o(i.__scatterload_copy)
    i.__scatterload_null                     0x080031c2   Section        2  handlers.o(i.__scatterload_null)
    i.__scatterload_zeroinit                 0x080031c4   Section       14  handlers.o(i.__scatterload_zeroinit)
    i.drv_spi_read_write_byte                0x080031d2   Section        0  drv_spi.o(i.drv_spi_read_write_byte)
    i.main                                   0x080031f8   Section        0  main.o(i.main)
    .constdata                               0x08003394   Section       18  stm32f1xx_hal_rcc.o(.constdata)
    aPLLMULFactorTable                       0x08003394   Data          16  stm32f1xx_hal_rcc.o(.constdata)
    aPredivFactorTable                       0x080033a4   Data           2  stm32f1xx_hal_rcc.o(.constdata)
    .constdata                               0x080033a6   Section       24  system_stm32f1xx.o(.constdata)
    .conststring                             0x080033c0   Section       25  drv_rf24l01.o(.conststring)
    .data                                    0x20000000   Section       32  main.o(.data)
    .data                                    0x20000020   Section        9  stm32f1xx_hal.o(.data)
    .data                                    0x2000002c   Section        4  system_stm32f1xx.o(.data)
    .data                                    0x20000030   Section       13  drv_rf24l01.o(.data)
    .data                                    0x2000003d   Section        3  debug.o(.data)
    .bss                                     0x20000040   Section      244  adc.o(.bss)
    .bss                                     0x20000134   Section      176  spi.o(.bss)
    .bss                                     0x200001e4   Section      144  tim.o(.bss)
    .bss                                     0x20000274   Section       72  drv_rf24l01.o(.bss)
    .bss                                     0x200002bc   Section      435  debug.o(.bss)
    STACK                                    0x20000470   Section     1024  startup_stm32f103xb.o(STACK)

    Global Symbols

    Symbol Name                              Value     Ov Type        Size  Object(Section)

    BuildAttributes$$THM_ISAv4$P$D$K$B$S$PE$A:L22UL41UL21$X:L11$S22US41US21$IEEE1$IW$USESV6$~STKCKD$USESV7$~SHL$OSPACE$ROPI$EBA8$MICROLIB$REQ8$PRES8$EABIv2 0x00000000   Number         0  anon$$obj.o ABSOLUTE
    __ARM_use_no_argv                        0x00000000   Number         0  main.o ABSOLUTE
    __cpp_initialize__aeabi_                  - Undefined Weak Reference
    __cxa_finalize                            - Undefined Weak Reference
    __decompress                              - Undefined Weak Reference
    _clock_init                               - Undefined Weak Reference
    _microlib_exit                            - Undefined Weak Reference
    __Vectors_Size                           0x000000ec   Number         0  startup_stm32f103xb.o ABSOLUTE
    __Vectors                                0x08000000   Data           4  startup_stm32f103xb.o(RESET)
    __Vectors_End                            0x080000ec   Data           0  startup_stm32f103xb.o(RESET)
    __main                                   0x080000ed   Thumb Code     0  entry.o(.ARM.Collect$$$$00000000)
    _main_stk                                0x080000ed   Thumb Code     0  entry2.o(.ARM.Collect$$$$00000001)
    _main_scatterload                        0x080000f1   Thumb Code     0  entry5.o(.ARM.Collect$$$$00000004)
    __main_after_scatterload                 0x080000f5   Thumb Code     0  entry5.o(.ARM.Collect$$$$00000004)
    _main_clock                              0x080000f5   Thumb Code     0  entry7b.o(.ARM.Collect$$$$00000008)
    _main_cpp_init                           0x080000f5   Thumb Code     0  entry8b.o(.ARM.Collect$$$$0000000A)
    _main_init                               0x080000f5   Thumb Code     0  entry9a.o(.ARM.Collect$$$$0000000B)
    __rt_final_cpp                           0x080000fd   Thumb Code     0  entry10a.o(.ARM.Collect$$$$0000000D)
    __rt_final_exit                          0x080000fd   Thumb Code     0  entry11a.o(.ARM.Collect$$$$0000000F)
    Reset_Handler                            0x08000101   Thumb Code     8  startup_stm32f103xb.o(.text)
    ADC1_2_IRQHandler                        0x0800011b   Thumb Code     0  startup_stm32f103xb.o(.text)
    CAN1_RX1_IRQHandler                      0x0800011b   Thumb Code     0  startup_stm32f103xb.o(.text)
    CAN1_SCE_IRQHandler                      0x0800011b   Thumb Code     0  startup_stm32f103xb.o(.text)
    DMA1_Channel2_IRQHandler                 0x0800011b   Thumb Code     0  startup_stm32f103xb.o(.text)
    DMA1_Channel3_IRQHandler                 0x0800011b   Thumb Code     0  startup_stm32f103xb.o(.text)
    DMA1_Channel4_IRQHandler                 0x0800011b   Thumb Code     0  startup_stm32f103xb.o(.text)
    DMA1_Channel5_IRQHandler                 0x0800011b   Thumb Code     0  startup_stm32f103xb.o(.text)
    DMA1_Channel6_IRQHandler                 0x0800011b   Thumb Code     0  startup_stm32f103xb.o(.text)
    DMA1_Channel7_IRQHandler                 0x0800011b   Thumb Code     0  startup_stm32f103xb.o(.text)
    EXTI0_IRQHandler                         0x0800011b   Thumb Code     0  startup_stm32f103xb.o(.text)
    EXTI15_10_IRQHandler                     0x0800011b   Thumb Code     0  startup_stm32f103xb.o(.text)
    EXTI1_IRQHandler                         0x0800011b   Thumb Code     0  startup_stm32f103xb.o(.text)
    EXTI2_IRQHandler                         0x0800011b   Thumb Code     0  startup_stm32f103xb.o(.text)
    EXTI3_IRQHandler                         0x0800011b   Thumb Code     0  startup_stm32f103xb.o(.text)
    EXTI4_IRQHandler                         0x0800011b   Thumb Code     0  startup_stm32f103xb.o(.text)
    EXTI9_5_IRQHandler                       0x0800011b   Thumb Code     0  startup_stm32f103xb.o(.text)
    FLASH_IRQHandler                         0x0800011b   Thumb Code     0  startup_stm32f103xb.o(.text)
    I2C1_ER_IRQHandler                       0x0800011b   Thumb Code     0  startup_stm32f103xb.o(.text)
    I2C1_EV_IRQHandler                       0x0800011b   Thumb Code     0  startup_stm32f103xb.o(.text)
    I2C2_ER_IRQHandler                       0x0800011b   Thumb Code     0  startup_stm32f103xb.o(.text)
    I2C2_EV_IRQHandler                       0x0800011b   Thumb Code     0  startup_stm32f103xb.o(.text)
    PVD_IRQHandler                           0x0800011b   Thumb Code     0  startup_stm32f103xb.o(.text)
    RTC_Alarm_IRQHandler                     0x0800011b   Thumb Code     0  startup_stm32f103xb.o(.text)
    RTC_IRQHandler                           0x0800011b   Thumb Code     0  startup_stm32f103xb.o(.text)
    SPI2_IRQHandler                          0x0800011b   Thumb Code     0  startup_stm32f103xb.o(.text)
    TAMPER_IRQHandler                        0x0800011b   Thumb Code     0  startup_stm32f103xb.o(.text)
    TIM1_CC_IRQHandler                       0x0800011b   Thumb Code     0  startup_stm32f103xb.o(.text)
    TIM1_TRG_COM_IRQHandler                  0x0800011b   Thumb Code     0  startup_stm32f103xb.o(.text)
    TIM3_IRQHandler                          0x0800011b   Thumb Code     0  startup_stm32f103xb.o(.text)
    TIM4_IRQHandler                          0x0800011b   Thumb Code     0  startup_stm32f103xb.o(.text)
    USART1_IRQHandler                        0x0800011b   Thumb Code     0  startup_stm32f103xb.o(.text)
    USART2_IRQHandler                        0x0800011b   Thumb Code     0  startup_stm32f103xb.o(.text)
    USART3_IRQHandler                        0x0800011b   Thumb Code     0  startup_stm32f103xb.o(.text)
    USBWakeUp_IRQHandler                     0x0800011b   Thumb Code     0  startup_stm32f103xb.o(.text)
    USB_HP_CAN1_TX_IRQHandler                0x0800011b   Thumb Code     0  startup_stm32f103xb.o(.text)
    USB_LP_CAN1_RX0_IRQHandler               0x0800011b   Thumb Code     0  startup_stm32f103xb.o(.text)
    WWDG_IRQHandler                          0x0800011b   Thumb Code     0  startup_stm32f103xb.o(.text)
    __aeabi_memcpy                           0x08000125   Thumb Code    36  memcpya.o(.text)
    __aeabi_memcpy4                          0x08000125   Thumb Code     0  memcpya.o(.text)
    __aeabi_memcpy8                          0x08000125   Thumb Code     0  memcpya.o(.text)
    __aeabi_memset                           0x08000149   Thumb Code    14  memseta.o(.text)
    __aeabi_memset4                          0x08000149   Thumb Code     0  memseta.o(.text)
    __aeabi_memset8                          0x08000149   Thumb Code     0  memseta.o(.text)
    __aeabi_memclr                           0x08000157   Thumb Code     4  memseta.o(.text)
    __aeabi_memclr4                          0x08000157   Thumb Code     0  memseta.o(.text)
    __aeabi_memclr8                          0x08000157   Thumb Code     0  memseta.o(.text)
    _memset$wrapper                          0x0800015b   Thumb Code    18  memseta.o(.text)
    strlen                                   0x0800016d   Thumb Code    14  strlen.o(.text)
    strcpy                                   0x0800017b   Thumb Code    18  strcpy.o(.text)
    __aeabi_fmul                             0x0800018d   Thumb Code   100  fmul.o(.text)
    __aeabi_f2uiz                            0x080001f1   Thumb Code    40  ffixui.o(.text)
    __I$use$fp                               0x08000219   Thumb Code     0  iusefp.o(.text)
    __scatterload                            0x08000219   Thumb Code    28  init.o(.text)
    __scatterload_rt2                        0x08000219   Thumb Code     0  init.o(.text)
    ADC_ConversionStop_Disable               0x0800023d   Thumb Code    92  stm32f1xx_hal_adc.o(i.ADC_ConversionStop_Disable)
    ADC_DMAConvCplt                          0x08000299   Thumb Code    82  stm32f1xx_hal_adc.o(i.ADC_DMAConvCplt)
    ADC_DMAError                             0x080002eb   Thumb Code    30  stm32f1xx_hal_adc.o(i.ADC_DMAError)
    ADC_DMAHalfConvCplt                      0x08000309   Thumb Code    14  stm32f1xx_hal_adc.o(i.ADC_DMAHalfConvCplt)
    ADC_Enable                               0x08000319   Thumb Code   134  stm32f1xx_hal_adc.o(i.ADC_Enable)
    AddParameter_f                           0x080003a9   Thumb Code   138  debug.o(i.AddParameter_f)
    AddParameter_i                           0x08000433   Thumb Code   138  debug.o(i.AddParameter_i)
    AddParameter_ui                          0x080004bd   Thumb Code   138  debug.o(i.AddParameter_ui)
    BusFault_Handler                         0x08000547   Thumb Code     4  stm32f1xx_it.o(i.BusFault_Handler)
    DMA1_Channel1_IRQHandler                 0x0800054d   Thumb Code    10  stm32f1xx_it.o(i.DMA1_Channel1_IRQHandler)
    DebugMon_Handler                         0x08000589   Thumb Code     2  stm32f1xx_it.o(i.DebugMon_Handler)
    Error_Handler                            0x0800058b   Thumb Code     6  main.o(i.Error_Handler)
    HAL_ADC_ConfigChannel                    0x08000591   Thumb Code   338  stm32f1xx_hal_adc.o(i.HAL_ADC_ConfigChannel)
    HAL_ADC_ConvCpltCallback                 0x080006f1   Thumb Code     2  stm32f1xx_hal_adc.o(i.HAL_ADC_ConvCpltCallback)
    HAL_ADC_ConvHalfCpltCallback             0x080006f3   Thumb Code     2  stm32f1xx_hal_adc.o(i.HAL_ADC_ConvHalfCpltCallback)
    HAL_ADC_ErrorCallback                    0x080006f5   Thumb Code     2  stm32f1xx_hal_adc.o(i.HAL_ADC_ErrorCallback)
    HAL_ADC_Init                             0x080006f9   Thumb Code   314  stm32f1xx_hal_adc.o(i.HAL_ADC_Init)
    HAL_ADC_MspInit                          0x0800083d   Thumb Code   230  adc.o(i.HAL_ADC_MspInit)
    HAL_ADC_Start_DMA                        0x0800093d   Thumb Code   362  stm32f1xx_hal_adc.o(i.HAL_ADC_Start_DMA)
    HAL_DMA_Abort_IT                         0x08000abd   Thumb Code   172  stm32f1xx_hal_dma.o(i.HAL_DMA_Abort_IT)
    HAL_DMA_IRQHandler                       0x08000b6d   Thumb Code   408  stm32f1xx_hal_dma.o(i.HAL_DMA_IRQHandler)
    HAL_DMA_Init                             0x08000d09   Thumb Code   100  stm32f1xx_hal_dma.o(i.HAL_DMA_Init)
    HAL_DMA_Start_IT                         0x08000d71   Thumb Code   156  stm32f1xx_hal_dma.o(i.HAL_DMA_Start_IT)
    HAL_Delay                                0x08000e0d   Thumb Code    36  stm32f1xx_hal.o(i.HAL_Delay)
    HAL_GPIO_Init                            0x08000e35   Thumb Code   766  stm32f1xx_hal_gpio.o(i.HAL_GPIO_Init)
    HAL_GPIO_ReadPin                         0x08001155   Thumb Code    16  stm32f1xx_hal_gpio.o(i.HAL_GPIO_ReadPin)
    HAL_GPIO_WritePin                        0x08001165   Thumb Code    12  stm32f1xx_hal_gpio.o(i.HAL_GPIO_WritePin)
    HAL_GetTick                              0x08001171   Thumb Code     6  stm32f1xx_hal.o(i.HAL_GetTick)
    HAL_IncTick                              0x0800117d   Thumb Code    16  stm32f1xx_hal.o(i.HAL_IncTick)
    HAL_Init                                 0x08001195   Thumb Code    34  stm32f1xx_hal.o(i.HAL_Init)
    HAL_InitTick                             0x080011bd   Thumb Code    64  stm32f1xx_hal.o(i.HAL_InitTick)
    HAL_MspInit                              0x08001209   Thumb Code    92  stm32f1xx_hal_msp.o(i.HAL_MspInit)
    HAL_NVIC_EnableIRQ                       0x0800126d   Thumb Code    32  stm32f1xx_hal_cortex.o(i.HAL_NVIC_EnableIRQ)
    HAL_NVIC_SetPriority                     0x0800128d   Thumb Code   124  stm32f1xx_hal_cortex.o(i.HAL_NVIC_SetPriority)
    HAL_NVIC_SetPriorityGrouping             0x08001309   Thumb Code    32  stm32f1xx_hal_cortex.o(i.HAL_NVIC_SetPriorityGrouping)
    HAL_RCCEx_PeriphCLKConfig                0x08001331   Thumb Code   290  stm32f1xx_hal_rcc_ex.o(i.HAL_RCCEx_PeriphCLKConfig)
    HAL_RCC_ClockConfig                      0x08001461   Thumb Code   376  stm32f1xx_hal_rcc.o(i.HAL_RCC_ClockConfig)
    HAL_RCC_GetSysClockFreq                  0x080015ed   Thumb Code    92  stm32f1xx_hal_rcc.o(i.HAL_RCC_GetSysClockFreq)
    HAL_RCC_OscConfig                        0x0800165d   Thumb Code  1114  stm32f1xx_hal_rcc.o(i.HAL_RCC_OscConfig)
    HAL_SPI_ErrorCallback                    0x08001ac1   Thumb Code     2  stm32f1xx_hal_spi.o(i.HAL_SPI_ErrorCallback)
    HAL_SPI_IRQHandler                       0x08001ac5   Thumb Code   304  stm32f1xx_hal_spi.o(i.HAL_SPI_IRQHandler)
    HAL_SPI_Init                             0x08001bf9   Thumb Code   190  stm32f1xx_hal_spi.o(i.HAL_SPI_Init)
    HAL_SPI_MspInit                          0x08001cb9   Thumb Code   260  spi.o(i.HAL_SPI_MspInit)
    HAL_SPI_TransmitReceive                  0x08001dd1   Thumb Code   576  stm32f1xx_hal_spi.o(i.HAL_SPI_TransmitReceive)
    HAL_SYSTICK_Config                       0x08002011   Thumb Code    52  stm32f1xx_hal_cortex.o(i.HAL_SYSTICK_Config)
    HAL_TIMEx_BreakCallback                  0x08002045   Thumb Code     2  stm32f1xx_hal_tim_ex.o(i.HAL_TIMEx_BreakCallback)
    HAL_TIMEx_CommutCallback                 0x08002047   Thumb Code     2  stm32f1xx_hal_tim_ex.o(i.HAL_TIMEx_CommutCallback)
    HAL_TIMEx_MasterConfigSynchronization    0x08002049   Thumb Code   118  stm32f1xx_hal_tim_ex.o(i.HAL_TIMEx_MasterConfigSynchronization)
    HAL_TIM_Base_Init                        0x080020cd   Thumb Code   102  stm32f1xx_hal_tim.o(i.HAL_TIM_Base_Init)
    HAL_TIM_Base_MspInit                     0x08002135   Thumb Code   128  tim.o(i.HAL_TIM_Base_MspInit)
    HAL_TIM_Base_Start_IT                    0x080021bd   Thumb Code   106  stm32f1xx_hal_tim.o(i.HAL_TIM_Base_Start_IT)
    HAL_TIM_ConfigClockSource                0x08002235   Thumb Code   268  stm32f1xx_hal_tim.o(i.HAL_TIM_ConfigClockSource)
    HAL_TIM_IC_CaptureCallback               0x08002341   Thumb Code     2  stm32f1xx_hal_tim.o(i.HAL_TIM_IC_CaptureCallback)
    HAL_TIM_IRQHandler                       0x08002343   Thumb Code   406  stm32f1xx_hal_tim.o(i.HAL_TIM_IRQHandler)
    HAL_TIM_OC_DelayElapsedCallback          0x080024d9   Thumb Code     2  stm32f1xx_hal_tim.o(i.HAL_TIM_OC_DelayElapsedCallback)
    HAL_TIM_PWM_PulseFinishedCallback        0x080024db   Thumb Code     2  stm32f1xx_hal_tim.o(i.HAL_TIM_PWM_PulseFinishedCallback)
    HAL_TIM_PeriodElapsedCallback            0x080024dd   Thumb Code    22  main.o(i.HAL_TIM_PeriodElapsedCallback)
    HAL_TIM_TriggerCallback                  0x08002501   Thumb Code     2  stm32f1xx_hal_tim.o(i.HAL_TIM_TriggerCallback)
    HardFault_Handler                        0x08002503   Thumb Code     4  stm32f1xx_it.o(i.HardFault_Handler)
    InitPacket                               0x08002509   Thumb Code    58  debug.o(i.InitPacket)
    MX_ADC1_Init                             0x08002551   Thumb Code   150  adc.o(i.MX_ADC1_Init)
    MX_ADC2_Init                             0x080025f1   Thumb Code   138  adc.o(i.MX_ADC2_Init)
    MX_DMA_Init                              0x08002685   Thumb Code    48  dma.o(i.MX_DMA_Init)
    MX_GPIO_Init                             0x080026b9   Thumb Code   184  gpio.o(i.MX_GPIO_Init)
    MX_SPI1_Init                             0x0800277d   Thumb Code    60  spi.o(i.MX_SPI1_Init)
    MX_SPI2_Init                             0x080027c1   Thumb Code    58  spi.o(i.MX_SPI2_Init)
    MX_TIM1_Init                             0x08002805   Thumb Code   102  tim.o(i.MX_TIM1_Init)
    MX_TIM2_Init                             0x08002875   Thumb Code   102  tim.o(i.MX_TIM2_Init)
    MemManage_Handler                        0x080028e1   Thumb Code     4  stm32f1xx_it.o(i.MemManage_Handler)
    NMI_Handler                              0x080028e5   Thumb Code     4  stm32f1xx_it.o(i.NMI_Handler)
    NRF24L01_Clear_IRQ_Flag                  0x080028e9   Thumb Code    66  drv_rf24l01.o(i.NRF24L01_Clear_IRQ_Flag)
    NRF24L01_Read_Reg                        0x08002941   Thumb Code    48  drv_rf24l01.o(i.NRF24L01_Read_Reg)
    NRF24L01_Read_Status_Register            0x08002975   Thumb Code    38  drv_rf24l01.o(i.NRF24L01_Read_Status_Register)
    NRF24L01_Set_Power                       0x080029a1   Thumb Code    72  drv_rf24l01.o(i.NRF24L01_Set_Power)
    NRF24L01_Set_RxAddr                      0x080029e9   Thumb Code    56  drv_rf24l01.o(i.NRF24L01_Set_RxAddr)
    NRF24L01_Set_TxAddr                      0x08002a21   Thumb Code    34  drv_rf24l01.o(i.NRF24L01_Set_TxAddr)
    NRF24L01_TxPacket                        0x08002a45   Thumb Code   194  drv_rf24l01.o(i.NRF24L01_TxPacket)
    NRF24L01_Write_Buf                       0x08002b15   Thumb Code    66  drv_rf24l01.o(i.NRF24L01_Write_Buf)
    NRF24L01_Write_Reg                       0x08002b5d   Thumb Code    48  drv_rf24l01.o(i.NRF24L01_Write_Reg)
    PendSV_Handler                           0x08002b91   Thumb Code     2  stm32f1xx_it.o(i.PendSV_Handler)
    RCC_IRQHandler                           0x08002bbd   Thumb Code     2  stm32f1xx_it.o(i.RCC_IRQHandler)
    RF24L01_Init                             0x08002bc1   Thumb Code   180  drv_rf24l01.o(i.RF24L01_Init)
    RF24L01_Port_Init                        0x08002c7d   Thumb Code    16  drv_rf24l01.o(i.RF24L01_Port_Init)
    RF24L01_Set_Mode                         0x08002c9d   Thumb Code    76  drv_rf24l01.o(i.RF24L01_Set_Mode)
    SPI1_IRQHandler                          0x08002ced   Thumb Code    10  stm32f1xx_it.o(i.SPI1_IRQHandler)
    SVC_Handler                              0x08002e11   Thumb Code     2  stm32f1xx_it.o(i.SVC_Handler)
    SysTick_Handler                          0x08002e13   Thumb Code     8  stm32f1xx_it.o(i.SysTick_Handler)
    SystemClock_Config                       0x08002e1b   Thumb Code   132  main.o(i.SystemClock_Config)
    SystemInit                               0x08002e9f   Thumb Code     2  system_stm32f1xx.o(i.SystemInit)
    TIM1_BRK_IRQHandler                      0x08002ea1   Thumb Code    10  stm32f1xx_it.o(i.TIM1_BRK_IRQHandler)
    TIM1_UP_IRQHandler                       0x08002eb1   Thumb Code    10  stm32f1xx_it.o(i.TIM1_UP_IRQHandler)
    TIM2_IRQHandler                          0x08002ec1   Thumb Code    10  stm32f1xx_it.o(i.TIM2_IRQHandler)
    TIM_Base_SetConfig                       0x08002ed1   Thumb Code   104  stm32f1xx_hal_tim.o(i.TIM_Base_SetConfig)
    TIM_ETR_SetConfig                        0x08002f45   Thumb Code    22  stm32f1xx_hal_tim.o(i.TIM_ETR_SetConfig)
    TransmitName                             0x08002fbd   Thumb Code   140  debug.o(i.TransmitName)
    TransmitParameter                        0x08003055   Thumb Code    38  debug.o(i.TransmitParameter)
    TransmitValue                            0x08003085   Thumb Code   226  debug.o(i.TransmitValue)
    UsageFault_Handler                       0x08003179   Thumb Code     4  stm32f1xx_it.o(i.UsageFault_Handler)
    __scatterload_copy                       0x080031b5   Thumb Code    14  handlers.o(i.__scatterload_copy)
    __scatterload_null                       0x080031c3   Thumb Code     2  handlers.o(i.__scatterload_null)
    __scatterload_zeroinit                   0x080031c5   Thumb Code    14  handlers.o(i.__scatterload_zeroinit)
    drv_spi_read_write_byte                  0x080031d3   Thumb Code    36  drv_spi.o(i.drv_spi_read_write_byte)
    main                                     0x080031f9   Thumb Code   280  main.o(i.main)
    AHBPrescTable                            0x080033a6   Data          16  system_stm32f1xx.o(.constdata)
    APBPrescTable                            0x080033b6   Data           8  system_stm32f1xx.o(.constdata)
    Region$$Table$$Base                      0x080033dc   Number         0  anon$$obj.o(Region$$Table)
    Region$$Table$$Limit                     0x080033fc   Number         0  anon$$obj.o(Region$$Table)
    a                                        0x20000000   Data           1  main.o(.data)
    b                                        0x20000001   Data           1  main.o(.data)
    count                                    0x20000002   Data           1  main.o(.data)
    test1                                    0x20000004   Data           2  main.o(.data)
    test2                                    0x20000006   Data           2  main.o(.data)
    test3                                    0x20000008   Data           4  main.o(.data)
    test4                                    0x2000000c   Data           2  main.o(.data)
    test5                                    0x2000000e   Data          12  main.o(.data)
    time                                     0x2000001c   Data           4  main.o(.data)
    uwTick                                   0x20000020   Data           4  stm32f1xx_hal.o(.data)
    uwTickPrio                               0x20000024   Data           4  stm32f1xx_hal.o(.data)
    uwTickFreq                               0x20000028   Data           1  stm32f1xx_hal.o(.data)
    SystemCoreClock                          0x2000002c   Data           4  system_stm32f1xx.o(.data)
    g_ErrorString                            0x20000030   Data           4  drv_rf24l01.o(.data)
    NRF24L01_rtx                             0x20000034   Data           8  drv_rf24l01.o(.data)
    l_Status                                 0x2000003c   Data           1  drv_rf24l01.o(.data)
    transmit_flag                            0x2000003d   Data           1  debug.o(.data)
    receive_packet                           0x2000003e   Data           2  debug.o(.data)
    ADC_Value                                0x20000040   Data          80  adc.o(.bss)
    hadc1                                    0x20000090   Data          48  adc.o(.bss)
    hadc2                                    0x200000c0   Data          48  adc.o(.bss)
    hdma_adc1                                0x200000f0   Data          68  adc.o(.bss)
    hspi1                                    0x20000134   Data          88  spi.o(.bss)
    hspi2                                    0x2000018c   Data          88  spi.o(.bss)
    htim1                                    0x200001e4   Data          72  tim.o(.bss)
    htim2                                    0x2000022c   Data          72  tim.o(.bss)
    NRF24L01_bus                             0x20000274   Data          72  drv_rf24l01.o(.bss)
    transmit_packet                          0x200002bc   Data         371  debug.o(.bss)
    value_tx_buffer                          0x2000042f   Data          32  debug.o(.bss)
    tx_buffer                                0x2000044f   Data          32  debug.o(.bss)
    __initial_sp                             0x20000870   Data           0  startup_stm32f103xb.o(STACK)



==============================================================================

Memory Map of the image

  Image Entry point : 0x080000ed

  Load Region LR_IROM1 (Base: 0x08000000, Size: 0x0000343c, Max: 0x00010000, ABSOLUTE)

    Execution Region ER_IROM1 (Exec base: 0x08000000, Load base: 0x08000000, Size: 0x000033fc, Max: 0x00010000, ABSOLUTE)

    Exec Addr    Load Addr    Size         Type   Attr      Idx    E Section Name        Object

    0x08000000   0x08000000   0x000000ec   Data   RO            3    RESET               startup_stm32f103xb.o
    0x080000ec   0x080000ec   0x00000000   Code   RO         3506  * .ARM.Collect$$$$00000000  mc_w.l(entry.o)
    0x080000ec   0x080000ec   0x00000004   Code   RO         3525    .ARM.Collect$$$$00000001  mc_w.l(entry2.o)
    0x080000f0   0x080000f0   0x00000004   Code   RO         3528    .ARM.Collect$$$$00000004  mc_w.l(entry5.o)
    0x080000f4   0x080000f4   0x00000000   Code   RO         3530    .ARM.Collect$$$$00000008  mc_w.l(entry7b.o)
    0x080000f4   0x080000f4   0x00000000   Code   RO         3532    .ARM.Collect$$$$0000000A  mc_w.l(entry8b.o)
    0x080000f4   0x080000f4   0x00000008   Code   RO         3533    .ARM.Collect$$$$0000000B  mc_w.l(entry9a.o)
    0x080000fc   0x080000fc   0x00000000   Code   RO         3535    .ARM.Collect$$$$0000000D  mc_w.l(entry10a.o)
    0x080000fc   0x080000fc   0x00000000   Code   RO         3537    .ARM.Collect$$$$0000000F  mc_w.l(entry11a.o)
    0x080000fc   0x080000fc   0x00000004   Code   RO         3526    .ARM.Collect$$$$00002712  mc_w.l(entry2.o)
    0x08000100   0x08000100   0x00000024   Code   RO            4    .text               startup_stm32f103xb.o
    0x08000124   0x08000124   0x00000024   Code   RO         3511    .text               mc_w.l(memcpya.o)
    0x08000148   0x08000148   0x00000024   Code   RO         3513    .text               mc_w.l(memseta.o)
    0x0800016c   0x0800016c   0x0000000e   Code   RO         3515    .text               mc_w.l(strlen.o)
    0x0800017a   0x0800017a   0x00000012   Code   RO         3517    .text               mc_w.l(strcpy.o)
    0x0800018c   0x0800018c   0x00000064   Code   RO         3521    .text               mf_w.l(fmul.o)
    0x080001f0   0x080001f0   0x00000028   Code   RO         3523    .text               mf_w.l(ffixui.o)
    0x08000218   0x08000218   0x00000000   Code   RO         3539    .text               mc_w.l(iusefp.o)
    0x08000218   0x08000218   0x00000024   Code   RO         3540    .text               mc_w.l(init.o)
    0x0800023c   0x0800023c   0x0000005c   Code   RO          589    i.ADC_ConversionStop_Disable  stm32f1xx_hal_adc.o
    0x08000298   0x08000298   0x00000052   Code   RO          590    i.ADC_DMAConvCplt   stm32f1xx_hal_adc.o
    0x080002ea   0x080002ea   0x0000001e   Code   RO          591    i.ADC_DMAError      stm32f1xx_hal_adc.o
    0x08000308   0x08000308   0x0000000e   Code   RO          592    i.ADC_DMAHalfConvCplt  stm32f1xx_hal_adc.o
    0x08000316   0x08000316   0x00000002   PAD
    0x08000318   0x08000318   0x00000090   Code   RO          593    i.ADC_Enable        stm32f1xx_hal_adc.o
    0x080003a8   0x080003a8   0x0000008a   Code   RO         3445    i.AddParameter_f    debug.o
    0x08000432   0x08000432   0x0000008a   Code   RO         3446    i.AddParameter_i    debug.o
    0x080004bc   0x080004bc   0x0000008a   Code   RO         3447    i.AddParameter_ui   debug.o
    0x08000546   0x08000546   0x00000004   Code   RO          377    i.BusFault_Handler  stm32f1xx_it.o
    0x0800054a   0x0800054a   0x00000002   PAD
    0x0800054c   0x0800054c   0x00000010   Code   RO          378    i.DMA1_Channel1_IRQHandler  stm32f1xx_it.o
    0x0800055c   0x0800055c   0x0000002c   Code   RO         1250    i.DMA_SetConfig     stm32f1xx_hal_dma.o
    0x08000588   0x08000588   0x00000002   Code   RO          379    i.DebugMon_Handler  stm32f1xx_it.o
    0x0800058a   0x0800058a   0x00000006   Code   RO           13    i.Error_Handler     main.o
    0x08000590   0x08000590   0x00000160   Code   RO          595    i.HAL_ADC_ConfigChannel  stm32f1xx_hal_adc.o
    0x080006f0   0x080006f0   0x00000002   Code   RO          596    i.HAL_ADC_ConvCpltCallback  stm32f1xx_hal_adc.o
    0x080006f2   0x080006f2   0x00000002   Code   RO          597    i.HAL_ADC_ConvHalfCpltCallback  stm32f1xx_hal_adc.o
    0x080006f4   0x080006f4   0x00000002   Code   RO          599    i.HAL_ADC_ErrorCallback  stm32f1xx_hal_adc.o
    0x080006f6   0x080006f6   0x00000002   PAD
    0x080006f8   0x080006f8   0x00000144   Code   RO          604    i.HAL_ADC_Init      stm32f1xx_hal_adc.o
    0x0800083c   0x0800083c   0x00000100   Code   RO          209    i.HAL_ADC_MspInit   adc.o
    0x0800093c   0x0800093c   0x00000180   Code   RO          611    i.HAL_ADC_Start_DMA  stm32f1xx_hal_adc.o
    0x08000abc   0x08000abc   0x000000b0   Code   RO         1252    i.HAL_DMA_Abort_IT  stm32f1xx_hal_dma.o
    0x08000b6c   0x08000b6c   0x0000019c   Code   RO         1256    i.HAL_DMA_IRQHandler  stm32f1xx_hal_dma.o
    0x08000d08   0x08000d08   0x00000068   Code   RO         1257    i.HAL_DMA_Init      stm32f1xx_hal_dma.o
    0x08000d70   0x08000d70   0x0000009c   Code   RO         1261    i.HAL_DMA_Start_IT  stm32f1xx_hal_dma.o
    0x08000e0c   0x08000e0c   0x00000028   Code   RO          872    i.HAL_Delay         stm32f1xx_hal.o
    0x08000e34   0x08000e34   0x00000320   Code   RO         1187    i.HAL_GPIO_Init     stm32f1xx_hal_gpio.o
    0x08001154   0x08001154   0x00000010   Code   RO         1189    i.HAL_GPIO_ReadPin  stm32f1xx_hal_gpio.o
    0x08001164   0x08001164   0x0000000c   Code   RO         1191    i.HAL_GPIO_WritePin  stm32f1xx_hal_gpio.o
    0x08001170   0x08001170   0x0000000c   Code   RO          876    i.HAL_GetTick       stm32f1xx_hal.o
    0x0800117c   0x0800117c   0x00000018   Code   RO          882    i.HAL_IncTick       stm32f1xx_hal.o
    0x08001194   0x08001194   0x00000028   Code   RO          883    i.HAL_Init          stm32f1xx_hal.o
    0x080011bc   0x080011bc   0x0000004c   Code   RO          884    i.HAL_InitTick      stm32f1xx_hal.o
    0x08001208   0x08001208   0x00000064   Code   RO          489    i.HAL_MspInit       stm32f1xx_hal_msp.o
    0x0800126c   0x0800126c   0x00000020   Code   RO         1347    i.HAL_NVIC_EnableIRQ  stm32f1xx_hal_cortex.o
    0x0800128c   0x0800128c   0x0000007c   Code   RO         1353    i.HAL_NVIC_SetPriority  stm32f1xx_hal_cortex.o
    0x08001308   0x08001308   0x00000028   Code   RO         1354    i.HAL_NVIC_SetPriorityGrouping  stm32f1xx_hal_cortex.o
    0x08001330   0x08001330   0x00000130   Code   RO         1149    i.HAL_RCCEx_PeriphCLKConfig  stm32f1xx_hal_rcc_ex.o
    0x08001460   0x08001460   0x0000018c   Code   RO         1040    i.HAL_RCC_ClockConfig  stm32f1xx_hal_rcc.o
    0x080015ec   0x080015ec   0x00000070   Code   RO         1049    i.HAL_RCC_GetSysClockFreq  stm32f1xx_hal_rcc.o
    0x0800165c   0x0800165c   0x00000464   Code   RO         1052    i.HAL_RCC_OscConfig  stm32f1xx_hal_rcc.o
    0x08001ac0   0x08001ac0   0x00000002   Code   RO         1880    i.HAL_SPI_ErrorCallback  stm32f1xx_hal_spi.o
    0x08001ac2   0x08001ac2   0x00000002   PAD
    0x08001ac4   0x08001ac4   0x00000134   Code   RO         1883    i.HAL_SPI_IRQHandler  stm32f1xx_hal_spi.o
    0x08001bf8   0x08001bf8   0x000000be   Code   RO         1884    i.HAL_SPI_Init      stm32f1xx_hal_spi.o
    0x08001cb6   0x08001cb6   0x00000002   PAD
    0x08001cb8   0x08001cb8   0x00000118   Code   RO          282    i.HAL_SPI_MspInit   spi.o
    0x08001dd0   0x08001dd0   0x00000240   Code   RO         1893    i.HAL_SPI_TransmitReceive  stm32f1xx_hal_spi.o
    0x08002010   0x08002010   0x00000034   Code   RO         1358    i.HAL_SYSTICK_Config  stm32f1xx_hal_cortex.o
    0x08002044   0x08002044   0x00000002   Code   RO         2912    i.HAL_TIMEx_BreakCallback  stm32f1xx_hal_tim_ex.o
    0x08002046   0x08002046   0x00000002   Code   RO         2913    i.HAL_TIMEx_CommutCallback  stm32f1xx_hal_tim_ex.o
    0x08002048   0x08002048   0x00000084   Code   RO         2931    i.HAL_TIMEx_MasterConfigSynchronization  stm32f1xx_hal_tim_ex.o
    0x080020cc   0x080020cc   0x00000066   Code   RO         2197    i.HAL_TIM_Base_Init  stm32f1xx_hal_tim.o
    0x08002132   0x08002132   0x00000002   PAD
    0x08002134   0x08002134   0x00000088   Code   RO          330    i.HAL_TIM_Base_MspInit  tim.o
    0x080021bc   0x080021bc   0x00000078   Code   RO         2202    i.HAL_TIM_Base_Start_IT  stm32f1xx_hal_tim.o
    0x08002234   0x08002234   0x0000010c   Code   RO         2206    i.HAL_TIM_ConfigClockSource  stm32f1xx_hal_tim.o
    0x08002340   0x08002340   0x00000002   Code   RO         2231    i.HAL_TIM_IC_CaptureCallback  stm32f1xx_hal_tim.o
    0x08002342   0x08002342   0x00000196   Code   RO         2245    i.HAL_TIM_IRQHandler  stm32f1xx_hal_tim.o
    0x080024d8   0x080024d8   0x00000002   Code   RO         2248    i.HAL_TIM_OC_DelayElapsedCallback  stm32f1xx_hal_tim.o
    0x080024da   0x080024da   0x00000002   Code   RO         2275    i.HAL_TIM_PWM_PulseFinishedCallback  stm32f1xx_hal_tim.o
    0x080024dc   0x080024dc   0x00000024   Code   RO           14    i.HAL_TIM_PeriodElapsedCallback  main.o
    0x08002500   0x08002500   0x00000002   Code   RO         2288    i.HAL_TIM_TriggerCallback  stm32f1xx_hal_tim.o
    0x08002502   0x08002502   0x00000004   Code   RO          380    i.HardFault_Handler  stm32f1xx_it.o
    0x08002506   0x08002506   0x00000002   PAD
    0x08002508   0x08002508   0x00000048   Code   RO         3448    i.InitPacket        debug.o
    0x08002550   0x08002550   0x000000a0   Code   RO          210    i.MX_ADC1_Init      adc.o
    0x080025f0   0x080025f0   0x00000094   Code   RO          211    i.MX_ADC2_Init      adc.o
    0x08002684   0x08002684   0x00000034   Code   RO          257    i.MX_DMA_Init       dma.o
    0x080026b8   0x080026b8   0x000000c4   Code   RO          184    i.MX_GPIO_Init      gpio.o
    0x0800277c   0x0800277c   0x00000044   Code   RO          283    i.MX_SPI1_Init      spi.o
    0x080027c0   0x080027c0   0x00000044   Code   RO          284    i.MX_SPI2_Init      spi.o
    0x08002804   0x08002804   0x00000070   Code   RO          331    i.MX_TIM1_Init      tim.o
    0x08002874   0x08002874   0x0000006c   Code   RO          332    i.MX_TIM2_Init      tim.o
    0x080028e0   0x080028e0   0x00000004   Code   RO          381    i.MemManage_Handler  stm32f1xx_it.o
    0x080028e4   0x080028e4   0x00000004   Code   RO          382    i.NMI_Handler       stm32f1xx_it.o
    0x080028e8   0x080028e8   0x00000048   Code   RO         3246    i.NRF24L01_Clear_IRQ_Flag  drv_rf24l01.o
    0x08002930   0x08002930   0x00000010   Code   RO         3250    i.NRF24L01_RT       drv_rf24l01.o
    0x08002940   0x08002940   0x00000034   Code   RO         3252    i.NRF24L01_Read_Reg  drv_rf24l01.o
    0x08002974   0x08002974   0x0000002c   Code   RO         3254    i.NRF24L01_Read_Status_Register  drv_rf24l01.o
    0x080029a0   0x080029a0   0x00000048   Code   RO         3258    i.NRF24L01_Set_Power  drv_rf24l01.o
    0x080029e8   0x080029e8   0x00000038   Code   RO         3259    i.NRF24L01_Set_RxAddr  drv_rf24l01.o
    0x08002a20   0x08002a20   0x00000022   Code   RO         3261    i.NRF24L01_Set_TxAddr  drv_rf24l01.o
    0x08002a42   0x08002a42   0x00000002   PAD
    0x08002a44   0x08002a44   0x000000d0   Code   RO         3262    i.NRF24L01_TxPacket  drv_rf24l01.o
    0x08002b14   0x08002b14   0x00000048   Code   RO         3263    i.NRF24L01_Write_Buf  drv_rf24l01.o
    0x08002b5c   0x08002b5c   0x00000034   Code   RO         3264    i.NRF24L01_Write_Reg  drv_rf24l01.o
    0x08002b90   0x08002b90   0x00000002   Code   RO          383    i.PendSV_Handler    stm32f1xx_it.o
    0x08002b92   0x08002b92   0x00000002   PAD
    0x08002b94   0x08002b94   0x00000028   Code   RO         1053    i.RCC_Delay         stm32f1xx_hal_rcc.o
    0x08002bbc   0x08002bbc   0x00000002   Code   RO          384    i.RCC_IRQHandler    stm32f1xx_it.o
    0x08002bbe   0x08002bbe   0x00000002   PAD
    0x08002bc0   0x08002bc0   0x000000bc   Code   RO         3270    i.RF24L01_Init      drv_rf24l01.o
    0x08002c7c   0x08002c7c   0x00000020   Code   RO         3271    i.RF24L01_Port_Init  drv_rf24l01.o
    0x08002c9c   0x08002c9c   0x00000050   Code   RO         3273    i.RF24L01_Set_Mode  drv_rf24l01.o
    0x08002cec   0x08002cec   0x00000010   Code   RO          385    i.SPI1_IRQHandler   stm32f1xx_it.o
    0x08002cfc   0x08002cfc   0x00000014   Code   RO         1911    i.SPI_DMAAbortOnError  stm32f1xx_hal_spi.o
    0x08002d10   0x08002d10   0x00000028   Code   RO         1922    i.SPI_EndRxTxTransaction  stm32f1xx_hal_spi.o
    0x08002d38   0x08002d38   0x000000d8   Code   RO         1927    i.SPI_WaitFlagStateUntilTimeout  stm32f1xx_hal_spi.o
    0x08002e10   0x08002e10   0x00000002   Code   RO          386    i.SVC_Handler       stm32f1xx_it.o
    0x08002e12   0x08002e12   0x00000008   Code   RO          387    i.SysTick_Handler   stm32f1xx_it.o
    0x08002e1a   0x08002e1a   0x00000084   Code   RO           15    i.SystemClock_Config  main.o
    0x08002e9e   0x08002e9e   0x00000002   Code   RO         3180    i.SystemInit        system_stm32f1xx.o
    0x08002ea0   0x08002ea0   0x00000010   Code   RO          388    i.TIM1_BRK_IRQHandler  stm32f1xx_it.o
    0x08002eb0   0x08002eb0   0x00000010   Code   RO          389    i.TIM1_UP_IRQHandler  stm32f1xx_it.o
    0x08002ec0   0x08002ec0   0x00000010   Code   RO          390    i.TIM2_IRQHandler   stm32f1xx_it.o
    0x08002ed0   0x08002ed0   0x00000074   Code   RO         2290    i.TIM_Base_SetConfig  stm32f1xx_hal_tim.o
    0x08002f44   0x08002f44   0x00000016   Code   RO         2301    i.TIM_ETR_SetConfig  stm32f1xx_hal_tim.o
    0x08002f5a   0x08002f5a   0x00000012   Code   RO         2302    i.TIM_ITRx_SetConfig  stm32f1xx_hal_tim.o
    0x08002f6c   0x08002f6c   0x00000026   Code   RO         2308    i.TIM_TI1_ConfigInputStage  stm32f1xx_hal_tim.o
    0x08002f92   0x08002f92   0x00000028   Code   RO         2310    i.TIM_TI2_ConfigInputStage  stm32f1xx_hal_tim.o
    0x08002fba   0x08002fba   0x00000002   PAD
    0x08002fbc   0x08002fbc   0x00000098   Code   RO         3449    i.TransmitName      debug.o
    0x08003054   0x08003054   0x00000030   Code   RO         3450    i.TransmitParameter  debug.o
    0x08003084   0x08003084   0x000000f4   Code   RO         3451    i.TransmitValue     debug.o
    0x08003178   0x08003178   0x00000004   Code   RO          391    i.UsageFault_Handler  stm32f1xx_it.o
    0x0800317c   0x0800317c   0x00000010   Code   RO         1360    i.__NVIC_GetPriorityGrouping  stm32f1xx_hal_cortex.o
    0x0800318c   0x0800318c   0x00000028   Code   RO         1361    i.__NVIC_SetPriority  stm32f1xx_hal_cortex.o
    0x080031b4   0x080031b4   0x0000000e   Code   RO         3544    i.__scatterload_copy  mc_w.l(handlers.o)
    0x080031c2   0x080031c2   0x00000002   Code   RO         3545    i.__scatterload_null  mc_w.l(handlers.o)
    0x080031c4   0x080031c4   0x0000000e   Code   RO         3546    i.__scatterload_zeroinit  mc_w.l(handlers.o)
    0x080031d2   0x080031d2   0x00000024   Code   RO         3216    i.drv_spi_read_write_byte  drv_spi.o
    0x080031f6   0x080031f6   0x00000002   PAD
    0x080031f8   0x080031f8   0x0000019c   Code   RO           16    i.main              main.o
    0x08003394   0x08003394   0x00000012   Data   RO         1054    .constdata          stm32f1xx_hal_rcc.o
    0x080033a6   0x080033a6   0x00000018   Data   RO         3181    .constdata          system_stm32f1xx.o
    0x080033be   0x080033be   0x00000002   PAD
    0x080033c0   0x080033c0   0x00000019   Data   RO         3276    .conststring        drv_rf24l01.o
    0x080033d9   0x080033d9   0x00000003   PAD
    0x080033dc   0x080033dc   0x00000020   Data   RO         3542    Region$$Table       anon$$obj.o


    Execution Region RW_IRAM1 (Exec base: 0x20000000, Load base: 0x080033fc, Size: 0x00000870, Max: 0x00005000, ABSOLUTE)

    Exec Addr    Load Addr    Size         Type   Attr      Idx    E Section Name        Object

    0x20000000   0x080033fc   0x00000020   Data   RW           17    .data               main.o
    0x20000020   0x0800341c   0x00000009   Data   RW          890    .data               stm32f1xx_hal.o
    0x20000029   0x08003425   0x00000003   PAD
    0x2000002c   0x08003428   0x00000004   Data   RW         3182    .data               system_stm32f1xx.o
    0x20000030   0x0800342c   0x0000000d   Data   RW         3277    .data               drv_rf24l01.o
    0x2000003d   0x08003439   0x00000003   Data   RW         3453    .data               debug.o
    0x20000040        -       0x000000f4   Zero   RW          212    .bss                adc.o
    0x20000134        -       0x000000b0   Zero   RW          285    .bss                spi.o
    0x200001e4        -       0x00000090   Zero   RW          333    .bss                tim.o
    0x20000274        -       0x00000048   Zero   RW         3275    .bss                drv_rf24l01.o
    0x200002bc        -       0x000001b3   Zero   RW         3452    .bss                debug.o
    0x2000046f   0x0800343c   0x00000001   PAD
    0x20000470        -       0x00000400   Zero   RW            1    STACK               startup_stm32f103xb.o


==============================================================================

Image component sizes


      Code (inc. data)   RO Data    RW Data    ZI Data      Debug   Object Name

       564         46          0          0        244       3034   adc.o
       930         54          0          3        435       5689   debug.o
        52          4          0          0          0        790   dma.o
       978         68         25         13         72      12850   drv_rf24l01.o
        36          0          0          0          0       1022   drv_spi.o
       196         12          0          0          0        991   gpio.o
       586        146          0         32          0     443137   main.o
       416         38          0          0        176       2442   spi.o
        36          8        236          0       1024        824   startup_stm32f103xb.o
       192         36          0          9          0       6085   stm32f1xx_hal.o
      1428         56          0          0          0       8638   stm32f1xx_hal_adc.o
       304         22          0          0          0      29591   stm32f1xx_hal_cortex.o
       892         12          0          0          0       4346   stm32f1xx_hal_dma.o
       828         34          0          0          0       3415   stm32f1xx_hal_gpio.o
       100          8          0          0          0        954   stm32f1xx_hal_msp.o
      1672         72         18          0          0       4464   stm32f1xx_hal_rcc.o
       304         14          0          0          0       1452   stm32f1xx_hal_rcc_ex.o
      1352         10          0          0          0       6750   stm32f1xx_hal_spi.o
      1138         26          0          0          0       9591   stm32f1xx_hal_tim.o
       136         14          0          0          0       2525   stm32f1xx_hal_tim_ex.o
       116         30          0          0          0       7041   stm32f1xx_it.o
         2          0         24          4          0       1191   system_stm32f1xx.o
       356         24          0          0        144       2455   tim.o

    ----------------------------------------------------------------------
     12638        734        340         64       2096     559277   Object Totals
         0          0         32          0          0          0   (incl. Generated)
        24          0          5          3          1          0   (incl. Padding)

    ----------------------------------------------------------------------

      Code (inc. data)   RO Data    RW Data    ZI Data      Debug   Library Member Name

         0          0          0          0          0          0   entry.o
         0          0          0          0          0          0   entry10a.o
         0          0          0          0          0          0   entry11a.o
         8          4          0          0          0          0   entry2.o
         4          0          0          0          0          0   entry5.o
         0          0          0          0          0          0   entry7b.o
         0          0          0          0          0          0   entry8b.o
         8          4          0          0          0          0   entry9a.o
        30          0          0          0          0          0   handlers.o
        36          8          0          0          0         68   init.o
         0          0          0          0          0          0   iusefp.o
        36          0          0          0          0         68   memcpya.o
        36          0          0          0          0        108   memseta.o
        18          0          0          0          0         68   strcpy.o
        14          0          0          0          0         68   strlen.o
        40          0          0          0          0         68   ffixui.o
       100          0          0          0          0         76   fmul.o

    ----------------------------------------------------------------------
       330         16          0          0          0        524   Library Totals
         0          0          0          0          0          0   (incl. Padding)

    ----------------------------------------------------------------------

      Code (inc. data)   RO Data    RW Data    ZI Data      Debug   Library Name

       190         16          0          0          0        380   mc_w.l
       140          0          0          0          0        144   mf_w.l

    ----------------------------------------------------------------------
       330         16          0          0          0        524   Library Totals

    ----------------------------------------------------------------------

==============================================================================


      Code (inc. data)   RO Data    RW Data    ZI Data      Debug   

     12968        750        340         64       2096     554181   Grand Totals
     12968        750        340         64       2096     554181   ELF Image Totals
     12968        750        340         64          0          0   ROM Totals

==============================================================================

    Total RO  Size (Code + RO Data)                13308 (  13.00kB)
    Total RW  Size (RW Data + ZI Data)              2160 (   2.11kB)
    Total ROM Size (Code + RO Data + RW Data)      13372 (  13.06kB)

==============================================================================

