<html>
<body>
<pre>
<h1>µVision Build Log</h1>
<h2>Tool Versions:</h2>
IDE-Version: ¦ÌVision V5.24.2.0
Copyright (C) 2017 ARM Ltd and ARM Germany GmbH. All rights reserved.
License Information: wenzhang long, 2, LIC=IK1BF-61F7K-GKEBG-VM8QE-AINF5-G25T3
 
Tool Versions:
Toolchain:       MDK-ARM Plus  Version: 5.24.1
Toolchain Path:  D:\software\keil5\ARM\ARMCC\Bin
C Compiler:      Armcc.exe V5.06 update 5 (build 528)
Assembler:       Armasm.exe V5.06 update 5 (build 528)
Linker/Locator:  ArmLink.exe V5.06 update 5 (build 528)
Library Manager: ArmAr.exe V5.06 update 5 (build 528)
Hex Converter:   FromElf.exe V5.06 update 5 (build 528)
CPU DLL:         SARMCM3.DLL V5.24.1
Dialog DLL:      DCM.DLL V1.16.0.0
Target DLL:      Segger\JL2CM3.dll V2.99.26.0
Dialog DLL:      TCM.DLL V1.32.0.0
 
<h2>Project:</h2>
D:\ÎÄµµ\RM_files\Demo_RF24L01_Stm32F103\debug_demo\debug_demo\TX_TEST_toRX\MDK-ARM\HAL_SPI_CTR.uvprojx
Project File Date:  12/03/2023

<h2>Output:</h2>
*** Using Compiler 'V5.06 update 5 (build 528)', folder: 'D:\software\keil5\ARM\ARMCC\Bin'
*** Note: Rebuilding project, since 'Options->Output->Create Batch File' is selected.
Rebuild target 'HAL_SPI_CTR'
assembling startup_stm32f103xb.s...
compiling main.c...
..\debug\debug.h(76): warning:  #1-D: last line of file ends without a newline
  #endif 
../Core/Src/main.c(118): warning:  #188-D: enumerated type mixed with another type
      NRF24L01_Set_Power(&NRF24L01_rtx, 
WR_18DB);
../Core/Src/main.c: 2 warnings, 0 errors
compiling gpio.c...
compiling adc.c...
compiling dma.c...
compiling spi.c...
compiling tim.c...
compiling stm32f1xx_it.c...
compiling stm32f1xx_hal_msp.c...
compiling remote_control.c...
..\Core\Src\remote_control.c(42): warning:  #550-D: parameter "NRF24L01_bus"  was set but never used
  void Tx_Data_Prepare(NRF24L01_bus_t NRF24L01_bus)
..\Core\Src\remote_control.c(5): warning:  #177-D: variable "state"  was declared but never referenced
  static uint8_t state = 1;
..\Core\Src\remote_control.c(6): warning:  #177-D: variable "_data_len"  was declared but never referenced
  static uint8_t _data_len = 16, _data_cnt = 0;
..\Core\Src\remote_control.c(6): warning:  #177-D: variable "_data_cnt"  was declared but never referenced
  static uint8_t _data_len = 16, _data_cnt = 0;
..\Core\Src\remote_control.c: 4 warnings, 0 errors
compiling stm32f1xx_hal_gpio_ex.c...
compiling stm32f1xx_hal_adc.c...
compiling stm32f1xx_hal_adc_ex.c...
compiling stm32f1xx_hal.c...
compiling stm32f1xx_hal_rcc.c...
compiling stm32f1xx_hal_rcc_ex.c...
compiling stm32f1xx_hal_gpio.c...
compiling stm32f1xx_hal_dma.c...
compiling stm32f1xx_hal_cortex.c...
compiling stm32f1xx_hal_pwr.c...
compiling stm32f1xx_hal_flash.c...
compiling stm32f1xx_hal_flash_ex.c...
compiling stm32f1xx_hal_exti.c...
compiling stm32f1xx_hal_spi.c...
compiling stm32f1xx_hal_tim.c...
compiling stm32f1xx_hal_tim_ex.c...
compiling system_stm32f1xx.c...
compiling drv_spi.c...
compiling drv_RF24L01.c...
..\Drv\drv_periph\src\drv_RF24L01.c(459): warning:  #550-D: variable "controlreg"  was set but never used
      uint8_t controlreg = 0;
..\Drv\drv_periph\src\drv_RF24L01.c: 1 warning, 0 errors
compiling debug.c...
..\debug\debug.h(76): warning:  #1-D: last line of file ends without a newline
  #endif 
..\debug\debug.c: 1 warning, 0 errors
linking...
Program Size: Code=12384 RO-data=340 RW-data=64 ZI-data=2096  
FromELF: creating hex file...
"HAL_SPI_CTR\HAL_SPI_CTR.axf" - 0 Error(s), 8 Warning(s).

<h2>Software Packages used:</h2>

Package Vendor: ARM
                http://www.keil.com/pack/ARM.CMSIS.5.0.1.pack
                ARM.CMSIS.5.0.1
                CMSIS (Cortex Microcontroller Software Interface Standard)
   * Component: CORE Version: 5.0.1

Package Vendor: Keil
                http://www.keil.com/pack/Keil.STM32F1xx_DFP.2.2.0.pack
                Keil.STM32F1xx_DFP.2.2.0
                STMicroelectronics STM32F1 Series Device Support, Drivers and Examples

<h2>Collection of Component include folders:</h2>
  .\RTE\_HAL_SPI_CTR
  D:\software\keil5\ARM\PACK\ARM\CMSIS\5.0.1\CMSIS\Include
  D:\software\keil5\ARM\PACK\Keil\STM32F1xx_DFP\2.2.0\Device\Include

<h2>Collection of Component Files used:</h2>

   * Component: ARM::CMSIS:CORE:5.0.1
Build Time Elapsed:  00:00:10
</pre>
</body>
</html>
