Component: ARM Compiler 5.06 update 5 (build 528) Tool: armlink [4d35e2]

==============================================================================

Section Cross References

    startup_stm32f103xb.o(STACK) refers (Special) to heapauxi.o(.text) for __use_two_region_memory
    startup_stm32f103xb.o(HEAP) refers (Special) to heapauxi.o(.text) for __use_two_region_memory
    startup_stm32f103xb.o(RESET) refers (Special) to heapauxi.o(.text) for __use_two_region_memory
    startup_stm32f103xb.o(RESET) refers to startup_stm32f103xb.o(STACK) for __initial_sp
    startup_stm32f103xb.o(RESET) refers to startup_stm32f103xb.o(.text) for Reset_Handler
    startup_stm32f103xb.o(RESET) refers to stm32f1xx_it.o(i.NMI_Handler) for NMI_Handler
    startup_stm32f103xb.o(RESET) refers to stm32f1xx_it.o(i.HardFault_Handler) for HardFault_Handler
    startup_stm32f103xb.o(RESET) refers to stm32f1xx_it.o(i.MemManage_Handler) for MemManage_Handler
    startup_stm32f103xb.o(RESET) refers to stm32f1xx_it.o(i.BusFault_Handler) for BusFault_Handler
    startup_stm32f103xb.o(RESET) refers to stm32f1xx_it.o(i.UsageFault_Handler) for UsageFault_Handler
    startup_stm32f103xb.o(RESET) refers to stm32f1xx_it.o(i.SVC_Handler) for SVC_Handler
    startup_stm32f103xb.o(RESET) refers to stm32f1xx_it.o(i.DebugMon_Handler) for DebugMon_Handler
    startup_stm32f103xb.o(RESET) refers to stm32f1xx_it.o(i.PendSV_Handler) for PendSV_Handler
    startup_stm32f103xb.o(RESET) refers to stm32f1xx_it.o(i.SysTick_Handler) for SysTick_Handler
    startup_stm32f103xb.o(RESET) refers to stm32f1xx_it.o(i.RCC_IRQHandler) for RCC_IRQHandler
    startup_stm32f103xb.o(RESET) refers to stm32f1xx_it.o(i.DMA1_Channel1_IRQHandler) for DMA1_Channel1_IRQHandler
    startup_stm32f103xb.o(RESET) refers to stm32f1xx_it.o(i.TIM1_BRK_IRQHandler) for TIM1_BRK_IRQHandler
    startup_stm32f103xb.o(RESET) refers to stm32f1xx_it.o(i.TIM1_UP_IRQHandler) for TIM1_UP_IRQHandler
    startup_stm32f103xb.o(RESET) refers to stm32f1xx_it.o(i.TIM2_IRQHandler) for TIM2_IRQHandler
    startup_stm32f103xb.o(RESET) refers to stm32f1xx_it.o(i.SPI1_IRQHandler) for SPI1_IRQHandler
    startup_stm32f103xb.o(RESET) refers to stm32f1xx_it.o(i.SPI2_IRQHandler) for SPI2_IRQHandler
    startup_stm32f103xb.o(.text) refers (Special) to heapauxi.o(.text) for __use_two_region_memory
    startup_stm32f103xb.o(.text) refers to system_stm32f1xx.o(i.SystemInit) for SystemInit
    startup_stm32f103xb.o(.text) refers to __main.o(!!!main) for __main
    startup_stm32f103xb.o(.text) refers to startup_stm32f103xb.o(HEAP) for Heap_Mem
    startup_stm32f103xb.o(.text) refers to startup_stm32f103xb.o(STACK) for Stack_Mem
    remote_control.o(i.Ctrl_Reset) refers to remote_control.o(.bss) for ctrl
    remote_control.o(i.Tx_Data_Prepare) refers to remote_control.o(.bss) for ctrl
    debug.o(i.InitPacket) refers to rt_memclr.o(.text) for __aeabi_memclr
    debug.o(i.InitPacket) refers to debug.o(.bss) for Receive_packet
    debug.o(i.ReceivePacket_fn) refers to drv_rf24l01.o(i.NRF24L01_RxPacket) for NRF24L01_RxPacket
    debug.o(i.ReceivePacket_fn) refers to rt_memclr_w.o(.text) for __aeabi_memclr4
    debug.o(i.ReceivePacket_fn) refers to rt_memcpy_v6.o(.text) for __aeabi_memcpy
    debug.o(i.ReceivePacket_fn) refers to fflt_clz.o(x$fpl$fflt) for __aeabi_i2f
    debug.o(i.ReceivePacket_fn) refers to fdiv.o(x$fpl$fdiv) for __aeabi_fdiv
    debug.o(i.ReceivePacket_fn) refers to debug.o(i.IsAdd) for IsAdd
    debug.o(i.ReceivePacket_fn) refers to drv_rf24l01.o(.bss) for NRF24L01_bus
    debug.o(i.ReceivePacket_fn) refers to drv_rf24l01.o(.data) for NRF24L01_rtx
    main.o(i.HAL_TIM_PeriodElapsedCallback) refers to stm32f1xx_hal_adc.o(i.HAL_ADC_Start_DMA) for HAL_ADC_Start_DMA
    main.o(i.HAL_TIM_PeriodElapsedCallback) refers to tim.o(.bss) for htim1
    main.o(i.HAL_TIM_PeriodElapsedCallback) refers to adc.o(.bss) for ADC_Value
    main.o(i.SystemClock_Config) refers to rt_memclr_w.o(.text) for __aeabi_memclr4
    main.o(i.SystemClock_Config) refers to stm32f1xx_hal_rcc.o(i.HAL_RCC_OscConfig) for HAL_RCC_OscConfig
    main.o(i.SystemClock_Config) refers to main.o(i.Error_Handler) for Error_Handler
    main.o(i.SystemClock_Config) refers to stm32f1xx_hal_rcc.o(i.HAL_RCC_ClockConfig) for HAL_RCC_ClockConfig
    main.o(i.SystemClock_Config) refers to stm32f1xx_hal_rcc_ex.o(i.HAL_RCCEx_PeriphCLKConfig) for HAL_RCCEx_PeriphCLKConfig
    main.o(i.main) refers to stm32f1xx_hal.o(i.HAL_Init) for HAL_Init
    main.o(i.main) refers to main.o(i.SystemClock_Config) for SystemClock_Config
    main.o(i.main) refers to gpio.o(i.MX_GPIO_Init) for MX_GPIO_Init
    main.o(i.main) refers to dma.o(i.MX_DMA_Init) for MX_DMA_Init
    main.o(i.main) refers to spi.o(i.MX_SPI1_Init) for MX_SPI1_Init
    main.o(i.main) refers to tim.o(i.MX_TIM2_Init) for MX_TIM2_Init
    main.o(i.main) refers to adc.o(i.MX_ADC1_Init) for MX_ADC1_Init
    main.o(i.main) refers to adc.o(i.MX_ADC2_Init) for MX_ADC2_Init
[...]
    ../clib/angel/sysapp.c                   0x00000000   Number         0  sys_exit.o ABSOLUTE
    ../clib/angel/sysapp.c                   0x00000000   Number         0  sys_command.o ABSOLUTE
    ../clib/angel/sysapp.c                   0x00000000   Number         0  sys_wrch.o ABSOLUTE
    ../clib/armsys.c                         0x00000000   Number         0  _get_argv_nomalloc.o ABSOLUTE
    ../clib/armsys.c                         0x00000000   Number         0  argv_veneer.o ABSOLUTE
    ../clib/armsys.c                         0x00000000   Number         0  argv_veneer.o ABSOLUTE
    ../clib/armsys.c                         0x00000000   Number         0  no_argv.o ABSOLUTE
    ../clib/heapalloc.c                      0x00000000   Number         0  hrguard.o ABSOLUTE
    ../clib/heapaux.c                        0x00000000   Number         0  heapauxi.o ABSOLUTE
    ../clib/libinit.s                        0x00000000   Number         0  libinit2.o ABSOLUTE
    ../clib/libinit.s                        0x00000000   Number         0  libshutdown2.o ABSOLUTE
    ../clib/libinit.s                        0x00000000   Number         0  libshutdown.o ABSOLUTE
    ../clib/libinit.s                        0x00000000   Number         0  libinit.o ABSOLUTE
    ../clib/longlong.s                       0x00000000   Number         0  llushr.o ABSOLUTE
    ../clib/memcpset.s                       0x00000000   Number         0  rt_memcpy_w.o ABSOLUTE
    ../clib/memcpset.s                       0x00000000   Number         0  rt_memclr_w.o ABSOLUTE
    ../clib/memcpset.s                       0x00000000   Number         0  rt_memclr.o ABSOLUTE
    ../clib/memcpset.s                       0x00000000   Number         0  rt_memcpy_v6.o ABSOLUTE
    ../clib/signal.c                         0x00000000   Number         0  defsig_rtmem_formal.o ABSOLUTE
    ../clib/signal.c                         0x00000000   Number         0  defsig_stak_inner.o ABSOLUTE
    ../clib/signal.c                         0x00000000   Number         0  __raise.o ABSOLUTE
    ../clib/signal.c                         0x00000000   Number         0  defsig_rtred_inner.o ABSOLUTE
    ../clib/signal.c                         0x00000000   Number         0  defsig_pvfn_inner.o ABSOLUTE
    ../clib/signal.c                         0x00000000   Number         0  defsig_exit.o ABSOLUTE
    ../clib/signal.c                         0x00000000   Number         0  defsig_abrt_inner.o ABSOLUTE
    ../clib/signal.c                         0x00000000   Number         0  defsig_cppl_inner.o ABSOLUTE
    ../clib/signal.c                         0x00000000   Number         0  defsig_segv_inner.o ABSOLUTE
    ../clib/signal.c                         0x00000000   Number         0  defsig_other.o ABSOLUTE
    ../clib/signal.c                         0x00000000   Number         0  defsig_rtmem_outer.o ABSOLUTE
    ../clib/signal.c                         0x00000000   Number         0  defsig_general.o ABSOLUTE
    ../clib/signal.c                         0x00000000   Number         0  defsig_fpe_inner.o ABSOLUTE
    ../clib/signal.c                         0x00000000   Number         0  defsig_rtmem_inner.o ABSOLUTE
    ../clib/signal.s                         0x00000000   Number         0  defsig.o ABSOLUTE
    ../clib/stdlib.c                         0x00000000   Number         0  exit.o ABSOLUTE
    ../fplib/fdiv.s                          0x00000000   Number         0  fdiv.o ABSOLUTE
    ../fplib/ffixu.s                         0x00000000   Number         0  ffixu.o ABSOLUTE
    ../fplib/fflt.s                          0x00000000   Number         0  fflt_clz.o ABSOLUTE
    ../fplib/fmul.s                          0x00000000   Number         0  fmul.o ABSOLUTE
    ../fplib/fnaninf.s                       0x00000000   Number         0  fnaninf.o ABSOLUTE
    ../fplib/fpinit.s                        0x00000000   Number         0  fpinit.o ABSOLUTE
    ../fplib/fretinf.s                       0x00000000   Number         0  fretinf.o ABSOLUTE
    ../fplib/usenofp.s                       0x00000000   Number         0  usenofp.o ABSOLUTE
    ..\Core\Src\adc.c                        0x00000000   Number         0  adc.o ABSOLUTE
    ..\Core\Src\debug.c                      0x00000000   Number         0  debug.o ABSOLUTE
    ..\Core\Src\dma.c                        0x00000000   Number         0  dma.o ABSOLUTE
    ..\Core\Src\gpio.c                       0x00000000   Number         0  gpio.o ABSOLUTE
    ..\Core\Src\main.c                       0x00000000   Number         0  main.o ABSOLUTE
    ..\Core\Src\remote_control.c             0x00000000   Number         0  remote_control.o ABSOLUTE
    ..\Core\Src\spi.c                        0x00000000   Number         0  spi.o ABSOLUTE
    ..\Core\Src\stm32f1xx_hal_msp.c          0x00000000   Number         0  stm32f1xx_hal_msp.o ABSOLUTE
    ..\Core\Src\stm32f1xx_it.c               0x00000000   Number         0  stm32f1xx_it.o ABSOLUTE
    ..\Core\Src\system_stm32f1xx.c           0x00000000   Number         0  system_stm32f1xx.o ABSOLUTE
    ..\Core\Src\tim.c                        0x00000000   Number         0  tim.o ABSOLUTE
    ..\Drivers\STM32F1xx_HAL_Driver\Src\stm32f1xx_hal.c 0x00000000   Number         0  stm32f1xx_hal.o ABSOLUTE
    ..\Drivers\STM32F1xx_HAL_Driver\Src\stm32f1xx_hal_adc.c 0x00000000   Number         0  stm32f1xx_hal_adc.o ABSOLUTE
    ..\Drivers\STM32F1xx_HAL_Driver\Src\stm32f1xx_hal_adc_ex.c 0x00000000   Number         0  stm32f1xx_hal_adc_ex.o ABSOLUTE
    ..\Drivers\STM32F1xx_HAL_Driver\Src\stm32f1xx_hal_cortex.c 0x00000000   Number         0  stm32f1xx_hal_cortex.o ABSOLUTE
    ..\Drivers\STM32F1xx_HAL_Driver\Src\stm32f1xx_hal_dma.c 0x00000000   Number         0  stm32f1xx_hal_dma.o ABSOLUTE
    ..\Drivers\STM32F1xx_HAL_Driver\Src\stm32f1xx_hal_exti.c 0x00000000   Number         0  stm32f1xx_hal_exti.o ABSOLUTE
    ..\Drivers\STM32F1xx_HAL_Driver\Src\stm32f1xx_hal_flash.c 0x00000000   Number         0  stm32f1xx_hal_flash.o ABSOLUTE
    ..\Drivers\STM32F1xx_HAL_Driver\Src\stm32f1xx_hal_flash_ex.c 0x00000000   Number         0  stm32f1xx_hal_flash_ex.o ABSOLUTE
    ..\Drivers\STM32F1xx_HAL_Driver\Src\stm32f1xx_hal_gpio.c 0x00000000   Number         0  stm32f1xx_hal_gpio.o ABSOLUTE
    ..\Drivers\STM32F1xx_HAL_Driver\Src\stm32f1xx_hal_gpio_ex.c 0x00000000   Number         0  stm32f1xx_hal_gpio_ex.o ABSOLUTE
    ..\Drivers\STM32F1xx_HAL_Driver\Src\stm32f1xx_hal_pwr.c 0x00000000   Number         0  stm32f1xx_hal_pwr.o ABSOLUTE
    ..\Drivers\STM32F1xx_HAL_Driver\Src\stm32f1xx_hal_rcc.c 0x00000000   Number         0  stm32f1xx_hal_rcc.o ABSOLUTE
    ..\Drivers\STM32F1xx_HAL_Driver\Src\stm32f1xx_hal_rcc_ex.c 0x00000000   Number         0  stm32f1xx_hal_rcc_ex.o ABSOLUTE
    ..\Drivers\STM32F1xx_HAL_Driver\Src\stm32f1xx_hal_spi.c 0x00000000   Number         0  stm32f1xx_hal_spi.o ABSOLUTE
    ..\Drivers\STM32F1xx_HAL_Driver\Src\stm32f1xx_hal_tim.c 0x00000000   Number         0  stm32f1xx_hal_tim.o ABSOLUTE
    ..\Drivers\STM32F1xx_HAL_Driver\Src\stm32f1xx_hal_tim_ex.c 0x00000000   Number         0  stm32f1xx_hal_tim_ex.o ABSOLUTE
    ..\Drv\app_lcd\lcd.c                     0x00000000   Number         0  lcd.o ABSOLUTE
    ..\Drv\app_lcd\zk.c                      0x00000000   Number         0  zk.o ABSOLUTE
    ..\Drv\bsp_lcd\lcd_bsp.c                 0x00000000   Number         0  lcd_bsp.o ABSOLUTE
    ..\Drv\drv_mcu\src\drv_spi.c             0x00000000   Number         0  drv_spi.o ABSOLUTE
    ..\Drv\drv_periph\src\drv_RF24L01.c      0x00000000   Number         0  drv_rf24l01.o ABSOLUTE
    ..\\Core\\Src\\debug.c                   0x00000000   Number         0  debug.o ABSOLUTE
    ..\\Core\\Src\\remote_control.c          0x00000000   Number         0  remote_control.o ABSOLUTE
    ..\\Drv\\app_lcd\\lcd.c                  0x00000000   Number         0  lcd.o ABSOLUTE
    ..\\Drv\\app_lcd\\zk.c                   0x00000000   Number         0  zk.o ABSOLUTE
    ..\\Drv\\bsp_lcd\\lcd_bsp.c              0x00000000   Number         0  lcd_bsp.o ABSOLUTE
    ..\\Drv\\drv_mcu\\src\\drv_spi.c         0x00000000   Number         0  drv_spi.o ABSOLUTE
    ..\\Drv\\drv_periph\\src\\drv_RF24L01.c  0x00000000   Number         0  drv_rf24l01.o ABSOLUTE
    dc.s                                     0x00000000   Number         0  dc.o ABSOLUTE
    startup_stm32f103xb.s                    0x00000000   Number         0  startup_stm32f103xb.o ABSOLUTE
    RESET                                    0x08000000   Section      236  startup_stm32f103xb.o(RESET)
    !!!main                                  0x080000ec   Section        8  __main.o(!!!main)
    !!!scatter                               0x080000f4   Section       52  __scatter.o(!!!scatter)
    !!handler_copy                           0x08000128   Section       26  __scatter_copy.o(!!handler_copy)
    !!handler_zi                             0x08000144   Section       28  __scatter_zi.o(!!handler_zi)
    .ARM.Collect$$libinit$$00000000          0x08000160   Section        2  libinit.o(.ARM.Collect$$libinit$$00000000)
    .ARM.Collect$$libinit$$00000002          0x08000162   Section        0  libinit2.o(.ARM.Collect$$libinit$$00000002)
    .ARM.Collect$$libinit$$00000004          0x08000162   Section        0  libinit2.o(.ARM.Collect$$libinit$$00000004)
    .ARM.Collect$$libinit$$0000000A          0x08000162   Section        0  libinit2.o(.ARM.Collect$$libinit$$0000000A)
    .ARM.Collect$$libinit$$0000000C          0x08000162   Section        0  libinit2.o(.ARM.Collect$$libinit$$0000000C)
    .ARM.Collect$$libinit$$0000000E          0x08000162   Section        0  libinit2.o(.ARM.Collect$$libinit$$0000000E)
    .ARM.Collect$$libinit$$00000011          0x08000162   Section        0  libinit2.o(.ARM.Collect$$libinit$$00000011)
    .ARM.Collect$$libinit$$00000013          0x08000162   Section        0  libinit2.o(.ARM.Collect$$libinit$$00000013)
    .ARM.Collect$$libinit$$00000015          0x08000162   Section        0  libinit2.o(.ARM.Collect$$libinit$$00000015)
    .ARM.Collect$$libinit$$00000017          0x08000162   Section        0  libinit2.o(.ARM.Collect$$libinit$$00000017)
    .ARM.Collect$$libinit$$00000019          0x08000162   Section        0  libinit2.o(.ARM.Collect$$libinit$$00000019)
    .ARM.Collect$$libinit$$0000001B          0x08000162   Section        0  libinit2.o(.ARM.Collect$$libinit$$0000001B)
    .ARM.Collect$$libinit$$0000001D          0x08000162   Section        0  libinit2.o(.ARM.Collect$$libinit$$0000001D)
    .ARM.Collect$$libinit$$0000001F          0x08000162   Section        0  libinit2.o(.ARM.Collect$$libinit$$0000001F)
    .ARM.Collect$$libinit$$00000021          0x08000162   Section        0  libinit2.o(.ARM.Collect$$libinit$$00000021)
    .ARM.Collect$$libinit$$00000023          0x08000162   Section        0  libinit2.o(.ARM.Collect$$libinit$$00000023)
    .ARM.Collect$$libinit$$00000025          0x08000162   Section        0  libinit2.o(.ARM.Collect$$libinit$$00000025)
    .ARM.Collect$$libinit$$0000002C          0x08000162   Section        0  libinit2.o(.ARM.Collect$$libinit$$0000002C)
    .ARM.Collect$$libinit$$0000002E          0x08000162   Section        0  libinit2.o(.ARM.Collect$$libinit$$0000002E)
    .ARM.Collect$$libinit$$00000030          0x08000162   Section        0  libinit2.o(.ARM.Collect$$libinit$$00000030)
    .ARM.Collect$$libinit$$00000032          0x08000162   Section        0  libinit2.o(.ARM.Collect$$libinit$$00000032)
    .ARM.Collect$$libinit$$00000033          0x08000162   Section        2  libinit2.o(.ARM.Collect$$libinit$$00000033)
    .ARM.Collect$$libshutdown$$00000000      0x08000164   Section        2  libshutdown.o(.ARM.Collect$$libshutdown$$00000000)
    .ARM.Collect$$libshutdown$$00000002      0x08000166   Section        0  libshutdown2.o(.ARM.Collect$$libshutdown$$00000002)
    .ARM.Collect$$libshutdown$$00000004      0x08000166   Section        0  libshutdown2.o(.ARM.Collect$$libshutdown$$00000004)
    .ARM.Collect$$libshutdown$$00000007      0x08000166   Section        0  libshutdown2.o(.ARM.Collect$$libshutdown$$00000007)
    .ARM.Collect$$libshutdown$$0000000A      0x08000166   Section        0  libshutdown2.o(.ARM.Collect$$libshutdown$$0000000A)
    .ARM.Collect$$libshutdown$$0000000C      0x08000166   Section        0  libshutdown2.o(.ARM.Collect$$libshutdown$$0000000C)
    .ARM.Collect$$libshutdown$$0000000F      0x08000166   Section        0  libshutdown2.o(.ARM.Collect$$libshutdown$$0000000F)
    .ARM.Collect$$libshutdown$$00000010      0x08000166   Section        2  libshutdown2.o(.ARM.Collect$$libshutdown$$00000010)
    .ARM.Collect$$rtentry$$00000000          0x08000168   Section        0  __rtentry.o(.ARM.Collect$$rtentry$$00000000)
    .ARM.Collect$$rtentry$$00000002          0x08000168   Section        0  __rtentry2.o(.ARM.Collect$$rtentry$$00000002)
    .ARM.Collect$$rtentry$$00000004          0x08000168   Section        6  __rtentry4.o(.ARM.Collect$$rtentry$$00000004)
    .ARM.Collect$$rtentry$$00000009          0x0800016e   Section        0  __rtentry2.o(.ARM.Collect$$rtentry$$00000009)
    .ARM.Collect$$rtentry$$0000000A          0x0800016e   Section        4  __rtentry2.o(.ARM.Collect$$rtentry$$0000000A)
    .ARM.Collect$$rtentry$$0000000C          0x08000172   Section        0  __rtentry2.o(.ARM.Collect$$rtentry$$0000000C)
    .ARM.Collect$$rtentry$$0000000D          0x08000172   Section        8  __rtentry2.o(.ARM.Collect$$rtentry$$0000000D)
    .ARM.Collect$$rtexit$$00000000           0x0800017a   Section        2  rtexit.o(.ARM.Collect$$rtexit$$00000000)
    .ARM.Collect$$rtexit$$00000002           0x0800017c   Section        0  rtexit2.o(.ARM.Collect$$rtexit$$00000002)
    .ARM.Collect$$rtexit$$00000003           0x0800017c   Section        4  rtexit2.o(.ARM.Collect$$rtexit$$00000003)
    .ARM.Collect$$rtexit$$00000004           0x08000180   Section        6  rtexit2.o(.ARM.Collect$$rtexit$$00000004)
    .text                                    0x08000188   Section       64  startup_stm32f103xb.o(.text)
    .text                                    0x080001c8   Section      138  rt_memcpy_v6.o(.text)
    .text                                    0x08000252   Section       78  rt_memclr_w.o(.text)
    .text                                    0x080002a0   Section        0  heapauxi.o(.text)
    .text                                    0x080002a6   Section      100  rt_memcpy_w.o(.text)
    .text                                    0x0800030a   Section       74  sys_stackheap_outer.o(.text)
    .text                                    0x08000354   Section        0  exit.o(.text)
    .text                                    0x08000368   Section        8  libspace.o(.text)
    .text                                    0x08000370   Section        0  sys_exit.o(.text)
    .text                                    0x0800037c   Section        2  use_no_semi.o(.text)
    .text                                    0x0800037e   Section        0  indicate_semi.o(.text)
    i.ADC_ConversionStop_Disable             0x0800037e   Section        0  stm32f1xx_hal_adc.o(i.ADC_ConversionStop_Disable)
    i.ADC_DMAConvCplt                        0x080003da   Section        0  stm32f1xx_hal_adc.o(i.ADC_DMAConvCplt)
    i.ADC_DMAError                           0x0800042c   Section        0  stm32f1xx_hal_adc.o(i.ADC_DMAError)
    i.ADC_DMAHalfConvCplt                    0x0800044a   Section        0  stm32f1xx_hal_adc.o(i.ADC_DMAHalfConvCplt)
    i.ADC_Enable                             0x08000458   Section        0  stm32f1xx_hal_adc.o(i.ADC_Enable)
    i.BusFault_Handler                       0x080004e8   Section        0  stm32f1xx_it.o(i.BusFault_Handler)
    i.DMA1_Channel1_IRQHandler               0x080004ec   Section        0  stm32f1xx_it.o(i.DMA1_Channel1_IRQHandler)
    i.DMA_SetConfig                          0x080004fc   Section        0  stm32f1xx_hal_dma.o(i.DMA_SetConfig)
    DMA_SetConfig                            0x080004fd   Thumb Code    44  stm32f1xx_hal_dma.o(i.DMA_SetConfig)
    i.DebugMon_Handler                       0x08000528   Section        0  stm32f1xx_it.o(i.DebugMon_Handler)
    i.Error_Handler                          0x0800052a   Section        0  main.o(i.Error_Handler)
    i.HAL_ADC_ConfigChannel                  0x08000530   Section        0  stm32f1xx_hal_adc.o(i.HAL_ADC_ConfigChannel)
    i.HAL_ADC_ConvCpltCallback               0x08000690   Section        0  stm32f1xx_hal_adc.o(i.HAL_ADC_ConvCpltCallback)
    i.HAL_ADC_ConvHalfCpltCallback           0x08000692   Section        0  stm32f1xx_hal_adc.o(i.HAL_ADC_ConvHalfCpltCallback)
    i.HAL_ADC_ErrorCallback                  0x08000694   Section        0  stm32f1xx_hal_adc.o(i.HAL_ADC_ErrorCallback)
    i.HAL_ADC_Init                           0x08000698   Section        0  stm32f1xx_hal_adc.o(i.HAL_ADC_Init)
    i.HAL_ADC_MspInit                        0x080007dc   Section        0  adc.o(i.HAL_ADC_MspInit)
    i.HAL_ADC_Start_DMA                      0x080008dc   Section        0  stm32f1xx_hal_adc.o(i.HAL_ADC_Start_DMA)
    i.HAL_DMA_Abort_IT                       0x08000a5c   Section        0  stm32f1xx_hal_dma.o(i.HAL_DMA_Abort_IT)
    i.HAL_DMA_IRQHandler                     0x08000b0c   Section        0  stm32f1xx_hal_dma.o(i.HAL_DMA_IRQHandler)
    i.HAL_DMA_Init                           0x08000ca8   Section        0  stm32f1xx_hal_dma.o(i.HAL_DMA_Init)
    i.HAL_DMA_Start_IT                       0x08000d10   Section        0  stm32f1xx_hal_dma.o(i.HAL_DMA_Start_IT)
    i.HAL_Delay                              0x08000dac   Section        0  stm32f1xx_hal.o(i.HAL_Delay)
    i.HAL_GPIO_Init                          0x08000dd4   Section        0  stm32f1xx_hal_gpio.o(i.HAL_GPIO_Init)
    i.HAL_GPIO_ReadPin                       0x080010f4   Section        0  stm32f1xx_hal_gpio.o(i.HAL_GPIO_ReadPin)
    i.HAL_GPIO_WritePin                      0x08001104   Section        0  stm32f1xx_hal_gpio.o(i.HAL_GPIO_WritePin)
    i.HAL_GetTick                            0x08001110   Section        0  stm32f1xx_hal.o(i.HAL_GetTick)
    i.HAL_IncTick                            0x0800111c   Section        0  stm32f1xx_hal.o(i.HAL_IncTick)
    i.HAL_Init                               0x08001134   Section        0  stm32f1xx_hal.o(i.HAL_Init)
    i.HAL_InitTick                           0x0800115c   Section        0  stm32f1xx_hal.o(i.HAL_InitTick)
    i.HAL_MspInit                            0x080011a8   Section        0  stm32f1xx_hal_msp.o(i.HAL_MspInit)
    i.HAL_NVIC_EnableIRQ                     0x0800120c   Section        0  stm32f1xx_hal_cortex.o(i.HAL_NVIC_EnableIRQ)
    i.HAL_NVIC_SetPriority                   0x0800122c   Section        0  stm32f1xx_hal_cortex.o(i.HAL_NVIC_SetPriority)
    i.HAL_NVIC_SetPriorityGrouping           0x080012a8   Section        0  stm32f1xx_hal_cortex.o(i.HAL_NVIC_SetPriorityGrouping)
    i.HAL_RCCEx_PeriphCLKConfig              0x080012d0   Section        0  stm32f1xx_hal_rcc_ex.o(i.HAL_RCCEx_PeriphCLKConfig)
    i.HAL_RCC_ClockConfig                    0x08001400   Section        0  stm32f1xx_hal_rcc.o(i.HAL_RCC_ClockConfig)
    i.HAL_RCC_GetSysClockFreq                0x0800158c   Section        0  stm32f1xx_hal_rcc.o(i.HAL_RCC_GetSysClockFreq)
    i.HAL_RCC_OscConfig                      0x080015fc   Section        0  stm32f1xx_hal_rcc.o(i.HAL_RCC_OscConfig)
    i.HAL_SPI_ErrorCallback                  0x08001a60   Section        0  stm32f1xx_hal_spi.o(i.HAL_SPI_ErrorCallback)
    i.HAL_SPI_IRQHandler                     0x08001a64   Section        0  stm32f1xx_hal_spi.o(i.HAL_SPI_IRQHandler)
    i.HAL_SPI_Init                           0x08001b98   Section        0  stm32f1xx_hal_spi.o(i.HAL_SPI_Init)
    i.HAL_SPI_MspInit                        0x08001c58   Section        0  spi.o(i.HAL_SPI_MspInit)
    i.HAL_SPI_Transmit                       0x08001d80   Section        0  stm32f1xx_hal_spi.o(i.HAL_SPI_Transmit)
    i.HAL_SPI_TransmitReceive                0x08001f3c   Section        0  stm32f1xx_hal_spi.o(i.HAL_SPI_TransmitReceive)
    i.HAL_SYSTICK_Config                     0x0800217c   Section        0  stm32f1xx_hal_cortex.o(i.HAL_SYSTICK_Config)
    i.HAL_TIMEx_BreakCallback                0x080021b0   Section        0  stm32f1xx_hal_tim_ex.o(i.HAL_TIMEx_BreakCallback)
    i.HAL_TIMEx_CommutCallback               0x080021b2   Section        0  stm32f1xx_hal_tim_ex.o(i.HAL_TIMEx_CommutCallback)
    i.HAL_TIMEx_MasterConfigSynchronization  0x080021b4   Section        0  stm32f1xx_hal_tim_ex.o(i.HAL_TIMEx_MasterConfigSynchronization)
    i.HAL_TIM_Base_Init                      0x08002238   Section        0  stm32f1xx_hal_tim.o(i.HAL_TIM_Base_Init)
    i.HAL_TIM_Base_MspInit                   0x080022a0   Section        0  tim.o(i.HAL_TIM_Base_MspInit)
    i.HAL_TIM_Base_Start_IT                  0x08002328   Section        0  stm32f1xx_hal_tim.o(i.HAL_TIM_Base_Start_IT)
    i.HAL_TIM_ConfigClockSource              0x080023a0   Section        0  stm32f1xx_hal_tim.o(i.HAL_TIM_ConfigClockSource)
    i.HAL_TIM_IC_CaptureCallback             0x080024ac   Section        0  stm32f1xx_hal_tim.o(i.HAL_TIM_IC_CaptureCallback)
    i.HAL_TIM_IRQHandler                     0x080024ae   Section        0  stm32f1xx_hal_tim.o(i.HAL_TIM_IRQHandler)
    i.HAL_TIM_OC_DelayElapsedCallback        0x08002644   Section        0  stm32f1xx_hal_tim.o(i.HAL_TIM_OC_DelayElapsedCallback)
    i.HAL_TIM_PWM_PulseFinishedCallback      0x08002646   Section        0  stm32f1xx_hal_tim.o(i.HAL_TIM_PWM_PulseFinishedCallback)
    i.HAL_TIM_PeriodElapsedCallback          0x08002648   Section        0  main.o(i.HAL_TIM_PeriodElapsedCallback)
    i.HAL_TIM_TriggerCallback                0x0800266c   Section        0  stm32f1xx_hal_tim.o(i.HAL_TIM_TriggerCallback)
    i.HardFault_Handler                      0x0800266e   Section        0  stm32f1xx_it.o(i.HardFault_Handler)
    i.IsAdd                                  0x08002672   Section        0  debug.o(i.IsAdd)
    i.LCD_Address_Set                        0x080026d8   Section        0  lcd_bsp.o(i.LCD_Address_Set)
    i.LCD_Fill                               0x08002734   Section        0  lcd.o(i.LCD_Fill)
    i.LCD_Init                               0x08002798   Section        0  lcd.o(i.LCD_Init)
    i.LCD_WR_DATA                            0x08002acc   Section        0  lcd_bsp.o(i.LCD_WR_DATA)
    i.LCD_WR_DATA8                           0x08002aea   Section        0  lcd_bsp.o(i.LCD_WR_DATA8)
    i.LCD_WR_REG                             0x08002afe   Section        0  lcd_bsp.o(i.LCD_WR_REG)
    i.LCD_Writ_Bus                           0x08002b1a   Section        0  lcd_bsp.o(i.LCD_Writ_Bus)
    i.LCD_spi_BLK_Set                        0x08002b34   Section        0  lcd.o(i.LCD_spi_BLK_Set)
    i.LCD_spi_CS_Clr                         0x08002b48   Section        0  lcd.o(i.LCD_spi_CS_Clr)
    i.LCD_spi_CS_Set                         0x08002b5c   Section        0  lcd.o(i.LCD_spi_CS_Set)
    i.LCD_spi_DC_Clr                         0x08002b70   Section        0  lcd.o(i.LCD_spi_DC_Clr)
    i.LCD_spi_DC_Set                         0x08002b84   Section        0  lcd.o(i.LCD_spi_DC_Set)
    i.LCD_spi_RES_Clr                        0x08002b98   Section        0  lcd.o(i.LCD_spi_RES_Clr)
    i.LCD_spi_RES_Set                        0x08002bac   Section        0  lcd.o(i.LCD_spi_RES_Set)
    i.LCD_spi_trans                          0x08002bc0   Section        0  lcd.o(i.LCD_spi_trans)
    LCD_spi_trans                            0x08002bc1   Thumb Code    30  lcd.o(i.LCD_spi_trans)
    i.MX_ADC1_Init                           0x08002be0   Section        0  adc.o(i.MX_ADC1_Init)
    i.MX_ADC2_Init                           0x08002c80   Section        0  adc.o(i.MX_ADC2_Init)
    i.MX_DMA_Init                            0x08002d14   Section        0  dma.o(i.MX_DMA_Init)
    i.MX_GPIO_Init                           0x08002d48   Section        0  gpio.o(i.MX_GPIO_Init)
    i.MX_SPI1_Init                           0x08002e10   Section        0  spi.o(i.MX_SPI1_Init)
    i.MX_SPI2_Init                           0x08002e54   Section        0  spi.o(i.MX_SPI2_Init)
    i.MX_TIM1_Init                           0x08002e98   Section        0  tim.o(i.MX_TIM1_Init)
    i.MX_TIM2_Init                           0x08002f08   Section        0  tim.o(i.MX_TIM2_Init)
    i.MemManage_Handler                      0x08002f74   Section        0  stm32f1xx_it.o(i.MemManage_Handler)
    i.NMI_Handler                            0x08002f78   Section        0  stm32f1xx_it.o(i.NMI_Handler)
    i.NRF24L01_Clear_IRQ_Flag                0x08002f7c   Section        0  drv_rf24l01.o(i.NRF24L01_Clear_IRQ_Flag)
    i.NRF24L01_RT                            0x08002fc4   Section        0  drv_rf24l01.o(i.NRF24L01_RT)
    NRF24L01_RT                              0x08002fc5   Thumb Code    16  drv_rf24l01.o(i.NRF24L01_RT)
    i.NRF24L01_Read_Buf                      0x08002fd4   Section        0  drv_rf24l01.o(i.NRF24L01_Read_Buf)
    i.NRF24L01_Read_Reg                      0x0800301c   Section        0  drv_rf24l01.o(i.NRF24L01_Read_Reg)
    i.NRF24L01_Read_Status_Register          0x08003050   Section        0  drv_rf24l01.o(i.NRF24L01_Read_Status_Register)
    i.NRF24L01_RxPacket                      0x0800307c   Section        0  drv_rf24l01.o(i.NRF24L01_RxPacket)
    i.NRF24L01_Set_Power                     0x08003120   Section        0  drv_rf24l01.o(i.NRF24L01_Set_Power)
    i.NRF24L01_Set_RxAddr                    0x08003168   Section        0  drv_rf24l01.o(i.NRF24L01_Set_RxAddr)
    i.NRF24L01_Set_TxAddr                    0x080031a0   Section        0  drv_rf24l01.o(i.NRF24L01_Set_TxAddr)
    i.NRF24L01_TxPacket                      0x080031c4   Section        0  drv_rf24l01.o(i.NRF24L01_TxPacket)
    i.NRF24L01_Write_Buf                     0x08003288   Section        0  drv_rf24l01.o(i.NRF24L01_Write_Buf)
    i.NRF24L01_Write_Reg                     0x080032d0   Section        0  drv_rf24l01.o(i.NRF24L01_Write_Reg)
    i.PendSV_Handler                         0x08003304   Section        0  stm32f1xx_it.o(i.PendSV_Handler)
    i.RCC_Delay                              0x08003308   Section        0  stm32f1xx_hal_rcc.o(i.RCC_Delay)
    RCC_Delay                                0x08003309   Thumb Code    36  stm32f1xx_hal_rcc.o(i.RCC_Delay)
    i.RCC_IRQHandler                         0x08003330   Section        0  stm32f1xx_it.o(i.RCC_IRQHandler)
    i.RF24L01_Init                           0x08003334   Section        0  drv_rf24l01.o(i.RF24L01_Init)
    i.RF24L01_Port_Init                      0x080033f0   Section        0  drv_rf24l01.o(i.RF24L01_Port_Init)
    i.RF24L01_Set_Mode                       0x08003414   Section        0  drv_rf24l01.o(i.RF24L01_Set_Mode)
    i.ReceivePacket_fn                       0x08003464   Section        0  debug.o(i.ReceivePacket_fn)
    i.SPI1_IRQHandler                        0x08003678   Section        0  stm32f1xx_it.o(i.SPI1_IRQHandler)
    i.SPI2_IRQHandler                        0x08003688   Section        0  stm32f1xx_it.o(i.SPI2_IRQHandler)
    i.SPI_DMAAbortOnError                    0x08003698   Section        0  stm32f1xx_hal_spi.o(i.SPI_DMAAbortOnError)
    SPI_DMAAbortOnError                      0x08003699   Thumb Code    20  stm32f1xx_hal_spi.o(i.SPI_DMAAbortOnError)
    i.SPI_EndRxTxTransaction                 0x080036ac   Section        0  stm32f1xx_hal_spi.o(i.SPI_EndRxTxTransaction)
    SPI_EndRxTxTransaction                   0x080036ad   Thumb Code    40  stm32f1xx_hal_spi.o(i.SPI_EndRxTxTransaction)
    i.SPI_WaitFlagStateUntilTimeout          0x080036d4   Section        0  stm32f1xx_hal_spi.o(i.SPI_WaitFlagStateUntilTimeout)
    SPI_WaitFlagStateUntilTimeout            0x080036d5   Thumb Code   210  stm32f1xx_hal_spi.o(i.SPI_WaitFlagStateUntilTimeout)
    i.SVC_Handler                            0x080037ac   Section        0  stm32f1xx_it.o(i.SVC_Handler)
    i.SysTick_Handler                        0x080037ae   Section        0  stm32f1xx_it.o(i.SysTick_Handler)
    i.SystemClock_Config                     0x080037b6   Section        0  main.o(i.SystemClock_Config)
    i.SystemInit                             0x0800383a   Section        0  system_stm32f1xx.o(i.SystemInit)
    i.TFT_LCD_Init                           0x0800383c   Section        0  lcd.o(i.TFT_LCD_Init)
    i.TIM1_BRK_IRQHandler                    0x0800385c   Section        0  stm32f1xx_it.o(i.TIM1_BRK_IRQHandler)
    i.TIM1_UP_IRQHandler                     0x0800386c   Section        0  stm32f1xx_it.o(i.TIM1_UP_IRQHandler)
    i.TIM2_IRQHandler                        0x0800387c   Section        0  stm32f1xx_it.o(i.TIM2_IRQHandler)
    i.TIM_Base_SetConfig                     0x0800388c   Section        0  stm32f1xx_hal_tim.o(i.TIM_Base_SetConfig)
    i.TIM_ETR_SetConfig                      0x08003900   Section        0  stm32f1xx_hal_tim.o(i.TIM_ETR_SetConfig)
    i.TIM_ITRx_SetConfig                     0x08003916   Section        0  stm32f1xx_hal_tim.o(i.TIM_ITRx_SetConfig)
    TIM_ITRx_SetConfig                       0x08003917   Thumb Code    18  stm32f1xx_hal_tim.o(i.TIM_ITRx_SetConfig)
    i.TIM_TI1_ConfigInputStage               0x08003928   Section        0  stm32f1xx_hal_tim.o(i.TIM_TI1_ConfigInputStage)
    TIM_TI1_ConfigInputStage                 0x08003929   Thumb Code    38  stm32f1xx_hal_tim.o(i.TIM_TI1_ConfigInputStage)
    i.TIM_TI2_ConfigInputStage               0x0800394e   Section        0  stm32f1xx_hal_tim.o(i.TIM_TI2_ConfigInputStage)
    TIM_TI2_ConfigInputStage                 0x0800394f   Thumb Code    40  stm32f1xx_hal_tim.o(i.TIM_TI2_ConfigInputStage)
    i.UsageFault_Handler                     0x08003976   Section        0  stm32f1xx_it.o(i.UsageFault_Handler)
    i.__NVIC_GetPriorityGrouping             0x0800397c   Section        0  stm32f1xx_hal_cortex.o(i.__NVIC_GetPriorityGrouping)
    __NVIC_GetPriorityGrouping               0x0800397d   Thumb Code    10  stm32f1xx_hal_cortex.o(i.__NVIC_GetPriorityGrouping)
    i.__NVIC_SetPriority                     0x0800398c   Section        0  stm32f1xx_hal_cortex.o(i.__NVIC_SetPriority)
    __NVIC_SetPriority                       0x0800398d   Thumb Code    32  stm32f1xx_hal_cortex.o(i.__NVIC_SetPriority)
    i.drv_spi_read_write_byte                0x080039b4   Section        0  drv_spi.o(i.drv_spi_read_write_byte)
    i.main                                   0x080039d8   Section        0  main.o(i.main)
    x$fpl$fdiv                               0x08003af0   Section      388  fdiv.o(x$fpl$fdiv)
    _fdiv1                                   0x08003af1   Thumb Code     0  fdiv.o(x$fpl$fdiv)
    x$fpl$fflt                               0x08003c74   Section       48  fflt_clz.o(x$fpl$fflt)
    x$fpl$fnaninf                            0x08003ca4   Section      140  fnaninf.o(x$fpl$fnaninf)
    x$fpl$fretinf                            0x08003d30   Section       10  fretinf.o(x$fpl$fretinf)
    .constdata                               0x08003d3a   Section       18  stm32f1xx_hal_rcc.o(.constdata)
    x$fpl$usenofp                            0x08003d3a   Section        0  usenofp.o(x$fpl$usenofp)
    aPLLMULFactorTable                       0x08003d3a   Data          16  stm32f1xx_hal_rcc.o(.constdata)
    aPredivFactorTable                       0x08003d4a   Data           2  stm32f1xx_hal_rcc.o(.constdata)
    .constdata                               0x08003d4c   Section       24  system_stm32f1xx.o(.constdata)
    .conststring                             0x08003d64   Section       25  drv_rf24l01.o(.conststring)
    .data                                    0x20000000   Section        3  main.o(.data)
    .data                                    0x20000004   Section        9  stm32f1xx_hal.o(.data)
    .data                                    0x20000010   Section        4  system_stm32f1xx.o(.data)
    .data                                    0x20000014   Section       12  drv_rf24l01.o(.data)
    .data                                    0x20000020   Section        8  lcd.o(.data)
    .bss                                     0x20000028   Section     1174  debug.o(.bss)
    .bss                                     0x200004c0   Section      244  adc.o(.bss)
    .bss                                     0x200005b4   Section      176  spi.o(.bss)
    .bss                                     0x20000664   Section      144  tim.o(.bss)
    .bss                                     0x200006f4   Section       70  drv_rf24l01.o(.bss)
    .bss                                     0x2000073c   Section       24  lcd.o(.bss)
    .bss                                     0x20000754   Section       96  libspace.o(.bss)
    HEAP                                     0x200007b8   Section      512  startup_stm32f103xb.o(HEAP)
    Heap_Mem                                 0x200007b8   Data         512  startup_stm32f103xb.o(HEAP)
    STACK                                    0x200009b8   Section     1024  startup_stm32f103xb.o(STACK)
    Stack_Mem                                0x200009b8   Data        1024  startup_stm32f103xb.o(STACK)
    __initial_sp                             0x20000db8   Data           0  startup_stm32f103xb.o(STACK)

    Global Symbols

    Symbol Name                              Value     Ov Type        Size  Object(Section)

    BuildAttributes$$THM_ISAv4$P$D$K$B$S$PE$A:L22UL41UL21$X:L11$S22US41US21$IEEE1$IW$USESV6$~STKCKD$USESV7$~SHL$OSPACE$ROPI$EBA8$UX$STANDARDLIB$REQ8$PRES8$EABIv2 0x00000000   Number         0  anon$$obj.o ABSOLUTE
    __ARM_use_no_argv                        0x00000000   Number         0  main.o ABSOLUTE
    __ARM_exceptions_init                     - Undefined Weak Reference
    __alloca_initialize                       - Undefined Weak Reference
    __arm_preinit_                            - Undefined Weak Reference
    __cpp_initialize__aeabi_                  - Undefined Weak Reference
    __cxa_finalize                            - Undefined Weak Reference
    __rt_locale                               - Undefined Weak Reference
    __sigvec_lookup                           - Undefined Weak Reference
    _atexit_init                              - Undefined Weak Reference
    _call_atexit_fns                          - Undefined Weak Reference
    _clock_init                               - Undefined Weak Reference
    _fp_trap_init                             - Undefined Weak Reference
    _fp_trap_shutdown                         - Undefined Weak Reference
    _get_lc_collate                           - Undefined Weak Reference
    _get_lc_ctype                             - Undefined Weak Reference
    _get_lc_monetary                          - Undefined Weak Reference
    _get_lc_numeric                           - Undefined Weak Reference
    _get_lc_time                              - Undefined Weak Reference
    _getenv_init                              - Undefined Weak Reference
    _handle_redirection                       - Undefined Weak Reference
    _init_alloc                               - Undefined Weak Reference
    _init_user_alloc                          - Undefined Weak Reference
    _initio                                   - Undefined Weak Reference
    _rand_init                                - Undefined Weak Reference
    _signal_finish                            - Undefined Weak Reference
    _signal_init                              - Undefined Weak Reference
    _terminate_alloc                          - Undefined Weak Reference
    _terminate_user_alloc                     - Undefined Weak Reference
    _terminateio                              - Undefined Weak Reference
    __Vectors_Size                           0x000000ec   Number         0  startup_stm32f103xb.o ABSOLUTE
    __Vectors                                0x08000000   Data           4  startup_stm32f103xb.o(RESET)
    __Vectors_End                            0x080000ec   Data           0  startup_stm32f103xb.o(RESET)
    __main                                   0x080000ed   Thumb Code     8  __main.o(!!!main)
    __scatterload                            0x080000f5   Thumb Code     0  __scatter.o(!!!scatter)
    __scatterload_rt2                        0x080000f5   Thumb Code    44  __scatter.o(!!!scatter)
    __scatterload_rt2_thumb_only             0x080000f5   Thumb Code     0  __scatter.o(!!!scatter)
    __scatterload_null                       0x08000103   Thumb Code     0  __scatter.o(!!!scatter)
    __scatterload_copy                       0x08000129   Thumb Code    26  __scatter_copy.o(!!handler_copy)
    __scatterload_zeroinit                   0x08000145   Thumb Code    28  __scatter_zi.o(!!handler_zi)
    __rt_lib_init                            0x08000161   Thumb Code     0  libinit.o(.ARM.Collect$$libinit$$00000000)
    __rt_lib_init_alloca_1                   0x08000163   Thumb Code     0  libinit2.o(.ARM.Collect$$libinit$$0000002E)
    __rt_lib_init_argv_1                     0x08000163   Thumb Code     0  libinit2.o(.ARM.Collect$$libinit$$0000002C)
    __rt_lib_init_atexit_1                   0x08000163   Thumb Code     0  libinit2.o(.ARM.Collect$$libinit$$0000001B)
    __rt_lib_init_clock_1                    0x08000163   Thumb Code     0  libinit2.o(.ARM.Collect$$libinit$$00000021)
    __rt_lib_init_cpp_1                      0x08000163   Thumb Code     0  libinit2.o(.ARM.Collect$$libinit$$00000032)
    __rt_lib_init_exceptions_1               0x08000163   Thumb Code     0  libinit2.o(.ARM.Collect$$libinit$$00000030)
    __rt_lib_init_fp_1                       0x08000163   Thumb Code     0  libinit2.o(.ARM.Collect$$libinit$$00000002)
    __rt_lib_init_fp_trap_1                  0x08000163   Thumb Code     0  libinit2.o(.ARM.Collect$$libinit$$0000001F)
    __rt_lib_init_getenv_1                   0x08000163   Thumb Code     0  libinit2.o(.ARM.Collect$$libinit$$00000023)
    __rt_lib_init_heap_1                     0x08000163   Thumb Code     0  libinit2.o(.ARM.Collect$$libinit$$0000000A)
    __rt_lib_init_lc_collate_1               0x08000163   Thumb Code     0  libinit2.o(.ARM.Collect$$libinit$$00000011)
    __rt_lib_init_lc_ctype_1                 0x08000163   Thumb Code     0  libinit2.o(.ARM.Collect$$libinit$$00000013)
    __rt_lib_init_lc_monetary_1              0x08000163   Thumb Code     0  libinit2.o(.ARM.Collect$$libinit$$00000015)
    __rt_lib_init_lc_numeric_1               0x08000163   Thumb Code     0  libinit2.o(.ARM.Collect$$libinit$$00000017)
    __rt_lib_init_lc_time_1                  0x08000163   Thumb Code     0  libinit2.o(.ARM.Collect$$libinit$$00000019)
    __rt_lib_init_preinit_1                  0x08000163   Thumb Code     0  libinit2.o(.ARM.Collect$$libinit$$00000004)
    __rt_lib_init_rand_1                     0x08000163   Thumb Code     0  libinit2.o(.ARM.Collect$$libinit$$0000000E)
    __rt_lib_init_return                     0x08000163   Thumb Code     0  libinit2.o(.ARM.Collect$$libinit$$00000033)
    __rt_lib_init_signal_1                   0x08000163   Thumb Code     0  libinit2.o(.ARM.Collect$$libinit$$0000001D)
    __rt_lib_init_stdio_1                    0x08000163   Thumb Code     0  libinit2.o(.ARM.Collect$$libinit$$00000025)
    __rt_lib_init_user_alloc_1               0x08000163   Thumb Code     0  libinit2.o(.ARM.Collect$$libinit$$0000000C)
    __rt_lib_shutdown                        0x08000165   Thumb Code     0  libshutdown.o(.ARM.Collect$$libshutdown$$00000000)
    __rt_lib_shutdown_cpp_1                  0x08000167   Thumb Code     0  libshutdown2.o(.ARM.Collect$$libshutdown$$00000002)
    __rt_lib_shutdown_fp_trap_1              0x08000167   Thumb Code     0  libshutdown2.o(.ARM.Collect$$libshutdown$$00000007)
    __rt_lib_shutdown_heap_1                 0x08000167   Thumb Code     0  libshutdown2.o(.ARM.Collect$$libshutdown$$0000000F)
    __rt_lib_shutdown_return                 0x08000167   Thumb Code     0  libshutdown2.o(.ARM.Collect$$libshutdown$$00000010)
    __rt_lib_shutdown_signal_1               0x08000167   Thumb Code     0  libshutdown2.o(.ARM.Collect$$libshutdown$$0000000A)
    __rt_lib_shutdown_stdio_1                0x08000167   Thumb Code     0  libshutdown2.o(.ARM.Collect$$libshutdown$$00000004)
    __rt_lib_shutdown_user_alloc_1           0x08000167   Thumb Code     0  libshutdown2.o(.ARM.Collect$$libshutdown$$0000000C)
    __rt_entry                               0x08000169   Thumb Code     0  __rtentry.o(.ARM.Collect$$rtentry$$00000000)
    __rt_entry_presh_1                       0x08000169   Thumb Code     0  __rtentry2.o(.ARM.Collect$$rtentry$$00000002)
    __rt_entry_sh                            0x08000169   Thumb Code     0  __rtentry4.o(.ARM.Collect$$rtentry$$00000004)
    __rt_entry_li                            0x0800016f   Thumb Code     0  __rtentry2.o(.ARM.Collect$$rtentry$$0000000A)
    __rt_entry_postsh_1                      0x0800016f   Thumb Code     0  __rtentry2.o(.ARM.Collect$$rtentry$$00000009)
    __rt_entry_main                          0x08000173   Thumb Code     0  __rtentry2.o(.ARM.Collect$$rtentry$$0000000D)
    __rt_entry_postli_1                      0x08000173   Thumb Code     0  __rtentry2.o(.ARM.Collect$$rtentry$$0000000C)
    __rt_exit                                0x0800017b   Thumb Code     0  rtexit.o(.ARM.Collect$$rtexit$$00000000)
    __rt_exit_ls                             0x0800017d   Thumb Code     0  rtexit2.o(.ARM.Collect$$rtexit$$00000003)
    __rt_exit_prels_1                        0x0800017d   Thumb Code     0  rtexit2.o(.ARM.Collect$$rtexit$$00000002)
    __rt_exit_exit                           0x08000181   Thumb Code     0  rtexit2.o(.ARM.Collect$$rtexit$$00000004)
    Reset_Handler                            0x08000189   Thumb Code     8  startup_stm32f103xb.o(.text)
    ADC1_2_IRQHandler                        0x080001a3   Thumb Code     0  startup_stm32f103xb.o(.text)
    CAN1_RX1_IRQHandler                      0x080001a3   Thumb Code     0  startup_stm32f103xb.o(.text)
    CAN1_SCE_IRQHandler                      0x080001a3   Thumb Code     0  startup_stm32f103xb.o(.text)
    DMA1_Channel2_IRQHandler                 0x080001a3   Thumb Code     0  startup_stm32f103xb.o(.text)
    DMA1_Channel3_IRQHandler                 0x080001a3   Thumb Code     0  startup_stm32f103xb.o(.text)
    DMA1_Channel4_IRQHandler                 0x080001a3   Thumb Code     0  startup_stm32f103xb.o(.text)
    DMA1_Channel5_IRQHandler                 0x080001a3   Thumb Code     0  startup_stm32f103xb.o(.text)
    DMA1_Channel6_IRQHandler                 0x080001a3   Thumb Code     0  startup_stm32f103xb.o(.text)
    DMA1_Channel7_IRQHandler                 0x080001a3   Thumb Code     0  startup_stm32f103xb.o(.text)
    EXTI0_IRQHandler                         0x080001a3   Thumb Code     0  startup_stm32f103xb.o(.text)
    EXTI15_10_IRQHandler                     0x080001a3   Thumb Code     0  startup_stm32f103xb.o(.text)
    EXTI1_IRQHandler                         0x080001a3   Thumb Code     0  startup_stm32f103xb.o(.text)
    EXTI2_IRQHandler                         0x080001a3   Thumb Code     0  startup_stm32f103xb.o(.text)
    EXTI3_IRQHandler                         0x080001a3   Thumb Code     0  startup_stm32f103xb.o(.text)
    EXTI4_IRQHandler                         0x080001a3   Thumb Code     0  startup_stm32f103xb.o(.text)
    EXTI9_5_IRQHandler                       0x080001a3   Thumb Code     0  startup_stm32f103xb.o(.text)
    FLASH_IRQHandler                         0x080001a3   Thumb Code     0  startup_stm32f103xb.o(.text)
    I2C1_ER_IRQHandler                       0x080001a3   Thumb Code     0  startup_stm32f103xb.o(.text)
    I2C1_EV_IRQHandler                       0x080001a3   Thumb Code     0  startup_stm32f103xb.o(.text)
    I2C2_ER_IRQHandler                       0x080001a3   Thumb Code     0  startup_stm32f103xb.o(.text)
    I2C2_EV_IRQHandler                       0x080001a3   Thumb Code     0  startup_stm32f103xb.o(.text)
    PVD_IRQHandler                           0x080001a3   Thumb Code     0  startup_stm32f103xb.o(.text)
    RTC_Alarm_IRQHandler                     0x080001a3   Thumb Code     0  startup_stm32f103xb.o(.text)
    RTC_IRQHandler                           0x080001a3   Thumb Code     0  startup_stm32f103xb.o(.text)
    TAMPER_IRQHandler                        0x080001a3   Thumb Code     0  startup_stm32f103xb.o(.text)
    TIM1_CC_IRQHandler                       0x080001a3   Thumb Code     0  startup_stm32f103xb.o(.text)
    TIM1_TRG_COM_IRQHandler                  0x080001a3   Thumb Code     0  startup_stm32f103xb.o(.text)
    TIM3_IRQHandler                          0x080001a3   Thumb Code     0  startup_stm32f103xb.o(.text)
    TIM4_IRQHandler                          0x080001a3   Thumb Code     0  startup_stm32f103xb.o(.text)
    USART1_IRQHandler                        0x080001a3   Thumb Code     0  startup_stm32f103xb.o(.text)
    USART2_IRQHandler                        0x080001a3   Thumb Code     0  startup_stm32f103xb.o(.text)
    USART3_IRQHandler                        0x080001a3   Thumb Code     0  startup_stm32f103xb.o(.text)
    USBWakeUp_IRQHandler                     0x080001a3   Thumb Code     0  startup_stm32f103xb.o(.text)
    USB_HP_CAN1_TX_IRQHandler                0x080001a3   Thumb Code     0  startup_stm32f103xb.o(.text)
    USB_LP_CAN1_RX0_IRQHandler               0x080001a3   Thumb Code     0  startup_stm32f103xb.o(.text)
    WWDG_IRQHandler                          0x080001a3   Thumb Code     0  startup_stm32f103xb.o(.text)
    __user_initial_stackheap                 0x080001a5   Thumb Code     0  startup_stm32f103xb.o(.text)
    __aeabi_memcpy                           0x080001c9   Thumb Code     0  rt_memcpy_v6.o(.text)
    __rt_memcpy                              0x080001c9   Thumb Code   138  rt_memcpy_v6.o(.text)
    _memcpy_lastbytes                        0x0800022f   Thumb Code     0  rt_memcpy_v6.o(.text)
    __aeabi_memclr4                          0x08000253   Thumb Code     0  rt_memclr_w.o(.text)
    __aeabi_memclr8                          0x08000253   Thumb Code     0  rt_memclr_w.o(.text)
    __rt_memclr_w                            0x08000253   Thumb Code    78  rt_memclr_w.o(.text)
    _memset_w                                0x08000257   Thumb Code     0  rt_memclr_w.o(.text)
    __use_two_region_memory                  0x080002a1   Thumb Code     2  heapauxi.o(.text)
    __rt_heap_escrow$2region                 0x080002a3   Thumb Code     2  heapauxi.o(.text)
    __rt_heap_expand$2region                 0x080002a5   Thumb Code     2  heapauxi.o(.text)
    __aeabi_memcpy4                          0x080002a7   Thumb Code     0  rt_memcpy_w.o(.text)
    __aeabi_memcpy8                          0x080002a7   Thumb Code     0  rt_memcpy_w.o(.text)
    __rt_memcpy_w                            0x080002a7   Thumb Code   100  rt_memcpy_w.o(.text)
    _memcpy_lastbytes_aligned                0x080002ef   Thumb Code     0  rt_memcpy_w.o(.text)
    __user_setup_stackheap                   0x0800030b   Thumb Code    74  sys_stackheap_outer.o(.text)
    exit                                     0x08000355   Thumb Code    18  exit.o(.text)
    __user_libspace                          0x08000369   Thumb Code     8  libspace.o(.text)
    __user_perproc_libspace                  0x08000369   Thumb Code     0  libspace.o(.text)
    __user_perthread_libspace                0x08000369   Thumb Code     0  libspace.o(.text)
    _sys_exit                                0x08000371   Thumb Code     8  sys_exit.o(.text)
    __I$use$semihosting                      0x0800037d   Thumb Code     0  use_no_semi.o(.text)
    __use_no_semihosting_swi                 0x0800037d   Thumb Code     2  use_no_semi.o(.text)
    ADC_ConversionStop_Disable               0x0800037f   Thumb Code    92  stm32f1xx_hal_adc.o(i.ADC_ConversionStop_Disable)
    __semihosting_library_function           0x0800037f   Thumb Code     0  indicate_semi.o(.text)
    ADC_DMAConvCplt                          0x080003db   Thumb Code    82  stm32f1xx_hal_adc.o(i.ADC_DMAConvCplt)
    ADC_DMAError                             0x0800042d   Thumb Code    30  stm32f1xx_hal_adc.o(i.ADC_DMAError)
    ADC_DMAHalfConvCplt                      0x0800044b   Thumb Code    14  stm32f1xx_hal_adc.o(i.ADC_DMAHalfConvCplt)
    ADC_Enable                               0x08000459   Thumb Code   134  stm32f1xx_hal_adc.o(i.ADC_Enable)
    BusFault_Handler                         0x080004e9   Thumb Code     4  stm32f1xx_it.o(i.BusFault_Handler)
    DMA1_Channel1_IRQHandler                 0x080004ed   Thumb Code    10  stm32f1xx_it.o(i.DMA1_Channel1_IRQHandler)
    DebugMon_Handler                         0x08000529   Thumb Code     2  stm32f1xx_it.o(i.DebugMon_Handler)
    Error_Handler                            0x0800052b   Thumb Code     6  main.o(i.Error_Handler)
    HAL_ADC_ConfigChannel                    0x08000531   Thumb Code   338  stm32f1xx_hal_adc.o(i.HAL_ADC_ConfigChannel)
    HAL_ADC_ConvCpltCallback                 0x08000691   Thumb Code     2  stm32f1xx_hal_adc.o(i.HAL_ADC_ConvCpltCallback)
    HAL_ADC_ConvHalfCpltCallback             0x08000693   Thumb Code     2  stm32f1xx_hal_adc.o(i.HAL_ADC_ConvHalfCpltCallback)
    HAL_ADC_ErrorCallback                    0x08000695   Thumb Code     2  stm32f1xx_hal_adc.o(i.HAL_ADC_ErrorCallback)
    HAL_ADC_Init                             0x08000699   Thumb Code   314  stm32f1xx_hal_adc.o(i.HAL_ADC_Init)
    HAL_ADC_MspInit                          0x080007dd   Thumb Code   230  adc.o(i.HAL_ADC_MspInit)
    HAL_ADC_Start_DMA                        0x080008dd   Thumb Code   362  stm32f1xx_hal_adc.o(i.HAL_ADC_Start_DMA)
    HAL_DMA_Abort_IT                         0x08000a5d   Thumb Code   172  stm32f1xx_hal_dma.o(i.HAL_DMA_Abort_IT)
    HAL_DMA_IRQHandler                       0x08000b0d   Thumb Code   408  stm32f1xx_hal_dma.o(i.HAL_DMA_IRQHandler)
    HAL_DMA_Init                             0x08000ca9   Thumb Code   100  stm32f1xx_hal_dma.o(i.HAL_DMA_Init)
    HAL_DMA_Start_IT                         0x08000d11   Thumb Code   156  stm32f1xx_hal_dma.o(i.HAL_DMA_Start_IT)
    HAL_Delay                                0x08000dad   Thumb Code    36  stm32f1xx_hal.o(i.HAL_Delay)
    HAL_GPIO_Init                            0x08000dd5   Thumb Code   766  stm32f1xx_hal_gpio.o(i.HAL_GPIO_Init)
    HAL_GPIO_ReadPin                         0x080010f5   Thumb Code    16  stm32f1xx_hal_gpio.o(i.HAL_GPIO_ReadPin)
    HAL_GPIO_WritePin                        0x08001105   Thumb Code    12  stm32f1xx_hal_gpio.o(i.HAL_GPIO_WritePin)
    HAL_GetTick                              0x08001111   Thumb Code     6  stm32f1xx_hal.o(i.HAL_GetTick)
    HAL_IncTick                              0x0800111d   Thumb Code    16  stm32f1xx_hal.o(i.HAL_IncTick)
    HAL_Init                                 0x08001135   Thumb Code    34  stm32f1xx_hal.o(i.HAL_Init)
    HAL_InitTick                             0x0800115d   Thumb Code    64  stm32f1xx_hal.o(i.HAL_InitTick)
    HAL_MspInit                              0x080011a9   Thumb Code    92  stm32f1xx_hal_msp.o(i.HAL_MspInit)
    HAL_NVIC_EnableIRQ                       0x0800120d   Thumb Code    32  stm32f1xx_hal_cortex.o(i.HAL_NVIC_EnableIRQ)
    HAL_NVIC_SetPriority                     0x0800122d   Thumb Code   124  stm32f1xx_hal_cortex.o(i.HAL_NVIC_SetPriority)
    HAL_NVIC_SetPriorityGrouping             0x080012a9   Thumb Code    32  stm32f1xx_hal_cortex.o(i.HAL_NVIC_SetPriorityGrouping)
    HAL_RCCEx_PeriphCLKConfig                0x080012d1   Thumb Code   290  stm32f1xx_hal_rcc_ex.o(i.HAL_RCCEx_PeriphCLKConfig)
    HAL_RCC_ClockConfig                      0x08001401   Thumb Code   376  stm32f1xx_hal_rcc.o(i.HAL_RCC_ClockConfig)
    HAL_RCC_GetSysClockFreq                  0x0800158d   Thumb Code    92  stm32f1xx_hal_rcc.o(i.HAL_RCC_GetSysClockFreq)
    HAL_RCC_OscConfig                        0x080015fd   Thumb Code  1114  stm32f1xx_hal_rcc.o(i.HAL_RCC_OscConfig)
    HAL_SPI_ErrorCallback                    0x08001a61   Thumb Code     2  stm32f1xx_hal_spi.o(i.HAL_SPI_ErrorCallback)
    HAL_SPI_IRQHandler                       0x08001a65   Thumb Code   304  stm32f1xx_hal_spi.o(i.HAL_SPI_IRQHandler)
    HAL_SPI_Init                             0x08001b99   Thumb Code   190  stm32f1xx_hal_spi.o(i.HAL_SPI_Init)
    HAL_SPI_MspInit                          0x08001c59   Thumb Code   276  spi.o(i.HAL_SPI_MspInit)
    HAL_SPI_Transmit                         0x08001d81   Thumb Code   444  stm32f1xx_hal_spi.o(i.HAL_SPI_Transmit)
    HAL_SPI_TransmitReceive                  0x08001f3d   Thumb Code   576  stm32f1xx_hal_spi.o(i.HAL_SPI_TransmitReceive)
    HAL_SYSTICK_Config                       0x0800217d   Thumb Code    52  stm32f1xx_hal_cortex.o(i.HAL_SYSTICK_Config)
    HAL_TIMEx_BreakCallback                  0x080021b1   Thumb Code     2  stm32f1xx_hal_tim_ex.o(i.HAL_TIMEx_BreakCallback)
    HAL_TIMEx_CommutCallback                 0x080021b3   Thumb Code     2  stm32f1xx_hal_tim_ex.o(i.HAL_TIMEx_CommutCallback)
    HAL_TIMEx_MasterConfigSynchronization    0x080021b5   Thumb Code   118  stm32f1xx_hal_tim_ex.o(i.HAL_TIMEx_MasterConfigSynchronization)
    HAL_TIM_Base_Init                        0x08002239   Thumb Code   102  stm32f1xx_hal_tim.o(i.HAL_TIM_Base_Init)
    HAL_TIM_Base_MspInit                     0x080022a1   Thumb Code   128  tim.o(i.HAL_TIM_Base_MspInit)
    HAL_TIM_Base_Start_IT                    0x08002329   Thumb Code   106  stm32f1xx_hal_tim.o(i.HAL_TIM_Base_Start_IT)
    HAL_TIM_ConfigClockSource                0x080023a1   Thumb Code   268  stm32f1xx_hal_tim.o(i.HAL_TIM_ConfigClockSource)
    HAL_TIM_IC_CaptureCallback               0x080024ad   Thumb Code     2  stm32f1xx_hal_tim.o(i.HAL_TIM_IC_CaptureCallback)
    HAL_TIM_IRQHandler                       0x080024af   Thumb Code   406  stm32f1xx_hal_tim.o(i.HAL_TIM_IRQHandler)
    HAL_TIM_OC_DelayElapsedCallback          0x08002645   Thumb Code     2  stm32f1xx_hal_tim.o(i.HAL_TIM_OC_DelayElapsedCallback)
    HAL_TIM_PWM_PulseFinishedCallback        0x08002647   Thumb Code     2  stm32f1xx_hal_tim.o(i.HAL_TIM_PWM_PulseFinishedCallback)
    HAL_TIM_PeriodElapsedCallback            0x08002649   Thumb Code    22  main.o(i.HAL_TIM_PeriodElapsedCallback)
    HAL_TIM_TriggerCallback                  0x0800266d   Thumb Code     2  stm32f1xx_hal_tim.o(i.HAL_TIM_TriggerCallback)
    HardFault_Handler                        0x0800266f   Thumb Code     4  stm32f1xx_it.o(i.HardFault_Handler)
    IsAdd                                    0x08002673   Thumb Code   102  debug.o(i.IsAdd)
    LCD_Address_Set                          0x080026d9   Thumb Code    90  lcd_bsp.o(i.LCD_Address_Set)
    LCD_Fill                                 0x08002735   Thumb Code    94  lcd.o(i.LCD_Fill)
    LCD_Init                                 0x08002799   Thumb Code   816  lcd.o(i.LCD_Init)
    LCD_WR_DATA                              0x08002acd   Thumb Code    30  lcd_bsp.o(i.LCD_WR_DATA)
    LCD_WR_DATA8                             0x08002aeb   Thumb Code    20  lcd_bsp.o(i.LCD_WR_DATA8)
    LCD_WR_REG                               0x08002aff   Thumb Code    28  lcd_bsp.o(i.LCD_WR_REG)
    LCD_Writ_Bus                             0x08002b1b   Thumb Code    26  lcd_bsp.o(i.LCD_Writ_Bus)
    LCD_spi_BLK_Set                          0x08002b35   Thumb Code    14  lcd.o(i.LCD_spi_BLK_Set)
    LCD_spi_CS_Clr                           0x08002b49   Thumb Code    16  lcd.o(i.LCD_spi_CS_Clr)
    LCD_spi_CS_Set                           0x08002b5d   Thumb Code    14  lcd.o(i.LCD_spi_CS_Set)
    LCD_spi_DC_Clr                           0x08002b71   Thumb Code    16  lcd.o(i.LCD_spi_DC_Clr)
    LCD_spi_DC_Set                           0x08002b85   Thumb Code    14  lcd.o(i.LCD_spi_DC_Set)
    LCD_spi_RES_Clr                          0x08002b99   Thumb Code    16  lcd.o(i.LCD_spi_RES_Clr)
    LCD_spi_RES_Set                          0x08002bad   Thumb Code    14  lcd.o(i.LCD_spi_RES_Set)
    MX_ADC1_Init                             0x08002be1   Thumb Code   150  adc.o(i.MX_ADC1_Init)
    MX_ADC2_Init                             0x08002c81   Thumb Code   138  adc.o(i.MX_ADC2_Init)
    MX_DMA_Init                              0x08002d15   Thumb Code    48  dma.o(i.MX_DMA_Init)
    MX_GPIO_Init                             0x08002d49   Thumb Code   188  gpio.o(i.MX_GPIO_Init)
    MX_SPI1_Init                             0x08002e11   Thumb Code    60  spi.o(i.MX_SPI1_Init)
    MX_SPI2_Init                             0x08002e55   Thumb Code    58  spi.o(i.MX_SPI2_Init)
    MX_TIM1_Init                             0x08002e99   Thumb Code   102  tim.o(i.MX_TIM1_Init)
    MX_TIM2_Init                             0x08002f09   Thumb Code   102  tim.o(i.MX_TIM2_Init)
    MemManage_Handler                        0x08002f75   Thumb Code     4  stm32f1xx_it.o(i.MemManage_Handler)
    NMI_Handler                              0x08002f79   Thumb Code     4  stm32f1xx_it.o(i.NMI_Handler)
    NRF24L01_Clear_IRQ_Flag                  0x08002f7d   Thumb Code    66  drv_rf24l01.o(i.NRF24L01_Clear_IRQ_Flag)
    NRF24L01_Read_Buf                        0x08002fd5   Thumb Code    66  drv_rf24l01.o(i.NRF24L01_Read_Buf)
    NRF24L01_Read_Reg                        0x0800301d   Thumb Code    48  drv_rf24l01.o(i.NRF24L01_Read_Reg)
    NRF24L01_Read_Status_Register            0x08003051   Thumb Code    38  drv_rf24l01.o(i.NRF24L01_Read_Status_Register)
    NRF24L01_RxPacket                        0x0800307d   Thumb Code   156  drv_rf24l01.o(i.NRF24L01_RxPacket)
    NRF24L01_Set_Power                       0x08003121   Thumb Code    72  drv_rf24l01.o(i.NRF24L01_Set_Power)
    NRF24L01_Set_RxAddr                      0x08003169   Thumb Code    56  drv_rf24l01.o(i.NRF24L01_Set_RxAddr)
    NRF24L01_Set_TxAddr                      0x080031a1   Thumb Code    34  drv_rf24l01.o(i.NRF24L01_Set_TxAddr)
    NRF24L01_TxPacket                        0x080031c5   Thumb Code   188  drv_rf24l01.o(i.NRF24L01_TxPacket)
    NRF24L01_Write_Buf                       0x08003289   Thumb Code    66  drv_rf24l01.o(i.NRF24L01_Write_Buf)
    NRF24L01_Write_Reg                       0x080032d1   Thumb Code    48  drv_rf24l01.o(i.NRF24L01_Write_Reg)
    PendSV_Handler                           0x08003305   Thumb Code     2  stm32f1xx_it.o(i.PendSV_Handler)
    RCC_IRQHandler                           0x08003331   Thumb Code     2  stm32f1xx_it.o(i.RCC_IRQHandler)
    RF24L01_Init                             0x08003335   Thumb Code   180  drv_rf24l01.o(i.RF24L01_Init)
    RF24L01_Port_Init                        0x080033f1   Thumb Code    18  drv_rf24l01.o(i.RF24L01_Port_Init)
    RF24L01_Set_Mode                         0x08003415   Thumb Code    74  drv_rf24l01.o(i.RF24L01_Set_Mode)
    ReceivePacket_fn                         0x08003465   Thumb Code   520  debug.o(i.ReceivePacket_fn)
    SPI1_IRQHandler                          0x08003679   Thumb Code    10  stm32f1xx_it.o(i.SPI1_IRQHandler)
    SPI2_IRQHandler                          0x08003689   Thumb Code    10  stm32f1xx_it.o(i.SPI2_IRQHandler)
    SVC_Handler                              0x080037ad   Thumb Code     2  stm32f1xx_it.o(i.SVC_Handler)
    SysTick_Handler                          0x080037af   Thumb Code     8  stm32f1xx_it.o(i.SysTick_Handler)
    SystemClock_Config                       0x080037b7   Thumb Code   132  main.o(i.SystemClock_Config)
    SystemInit                               0x0800383b   Thumb Code     2  system_stm32f1xx.o(i.SystemInit)
    TFT_LCD_Init                             0x0800383d   Thumb Code    14  lcd.o(i.TFT_LCD_Init)
    TIM1_BRK_IRQHandler                      0x0800385d   Thumb Code    10  stm32f1xx_it.o(i.TIM1_BRK_IRQHandler)
    TIM1_UP_IRQHandler                       0x0800386d   Thumb Code    10  stm32f1xx_it.o(i.TIM1_UP_IRQHandler)
    TIM2_IRQHandler                          0x0800387d   Thumb Code    10  stm32f1xx_it.o(i.TIM2_IRQHandler)
    TIM_Base_SetConfig                       0x0800388d   Thumb Code   104  stm32f1xx_hal_tim.o(i.TIM_Base_SetConfig)
    TIM_ETR_SetConfig                        0x08003901   Thumb Code    22  stm32f1xx_hal_tim.o(i.TIM_ETR_SetConfig)
    UsageFault_Handler                       0x08003977   Thumb Code     4  stm32f1xx_it.o(i.UsageFault_Handler)
    drv_spi_read_write_byte                  0x080039b5   Thumb Code    36  drv_spi.o(i.drv_spi_read_write_byte)
    main                                     0x080039d9   Thumb Code   248  main.o(i.main)
    __aeabi_fdiv                             0x08003af1   Thumb Code     0  fdiv.o(x$fpl$fdiv)
    _fdiv                                    0x08003af1   Thumb Code   384  fdiv.o(x$fpl$fdiv)
    __aeabi_i2f                              0x08003c75   Thumb Code     0  fflt_clz.o(x$fpl$fflt)
    _fflt                                    0x08003c75   Thumb Code    48  fflt_clz.o(x$fpl$fflt)
    __fpl_fnaninf                            0x08003ca5   Thumb Code   140  fnaninf.o(x$fpl$fnaninf)
    __fpl_fretinf                            0x08003d31   Thumb Code    10  fretinf.o(x$fpl$fretinf)
    __I$use$fp                               0x08003d3a   Number         0  usenofp.o(x$fpl$usenofp)
    AHBPrescTable                            0x08003d4c   Data          16  system_stm32f1xx.o(.constdata)
    APBPrescTable                            0x08003d5c   Data           8  system_stm32f1xx.o(.constdata)
    Region$$Table$$Base                      0x08003d80   Number         0  anon$$obj.o(Region$$Table)
    Region$$Table$$Limit                     0x08003da0   Number         0  anon$$obj.o(Region$$Table)
    a                                        0x20000000   Data           1  main.o(.data)
    b                                        0x20000001   Data           1  main.o(.data)
    count                                    0x20000002   Data           1  main.o(.data)
    uwTick                                   0x20000004   Data           4  stm32f1xx_hal.o(.data)
    uwTickPrio                               0x20000008   Data           4  stm32f1xx_hal.o(.data)
    uwTickFreq                               0x2000000c   Data           1  stm32f1xx_hal.o(.data)
    SystemCoreClock                          0x20000010   Data           4  system_stm32f1xx.o(.data)
    g_ErrorString                            0x20000014   Data           4  drv_rf24l01.o(.data)
    NRF24L01_rtx                             0x20000018   Data           8  drv_rf24l01.o(.data)
    LCD_ctx                                  0x20000020   Data           8  lcd.o(.data)
    Receive_packet                           0x20000028   Data         371  debug.o(.bss)
    Value_True                               0x2000019b   Data         803  debug.o(.bss)
    ADC_Value                                0x200004c0   Data          80  adc.o(.bss)
    hadc1                                    0x20000510   Data          48  adc.o(.bss)
    hadc2                                    0x20000540   Data          48  adc.o(.bss)
    hdma_adc1                                0x20000570   Data          68  adc.o(.bss)
    hspi1                                    0x200005b4   Data          88  spi.o(.bss)
    hspi2                                    0x2000060c   Data          88  spi.o(.bss)
    htim1                                    0x20000664   Data          72  tim.o(.bss)
    htim2                                    0x200006ac   Data          72  tim.o(.bss)
    NRF24L01_bus                             0x200006f4   Data          70  drv_rf24l01.o(.bss)
    LCD_bus_1                                0x2000073c   Data          12  lcd.o(.bss)
    LCD_bus_2                                0x20000748   Data          12  lcd.o(.bss)
    __libspace_start                         0x20000754   Data          96  libspace.o(.bss)
    __temporary_stack_top$libspace           0x200007b4   Data           0  libspace.o(.bss)



==============================================================================

Memory Map of the image

  Image Entry point : 0x080000ed

  Load Region LR_IROM1 (Base: 0x08000000, Size: 0x00003dc8, Max: 0x00010000, ABSOLUTE)

    Execution Region ER_IROM1 (Exec base: 0x08000000, Load base: 0x08000000, Size: 0x00003da0, Max: 0x00010000, ABSOLUTE)

    Exec Addr    Load Addr    Size         Type   Attr      Idx    E Section Name        Object

    0x08000000   0x08000000   0x000000ec   Data   RO            3    RESET               startup_stm32f103xb.o
    0x080000ec   0x080000ec   0x00000008   Code   RO         3854  * !!!main             c_w.l(__main.o)
    0x080000f4   0x080000f4   0x00000034   Code   RO         4034    !!!scatter          c_w.l(__scatter.o)
    0x08000128   0x08000128   0x0000001a   Code   RO         4036    !!handler_copy      c_w.l(__scatter_copy.o)
    0x08000142   0x08000142   0x00000002   PAD
    0x08000144   0x08000144   0x0000001c   Code   RO         4038    !!handler_zi        c_w.l(__scatter_zi.o)
    0x08000160   0x08000160   0x00000002   Code   RO         3904    .ARM.Collect$$libinit$$00000000  c_w.l(libinit.o)
    0x08000162   0x08000162   0x00000000   Code   RO         3911    .ARM.Collect$$libinit$$00000002  c_w.l(libinit2.o)
    0x08000162   0x08000162   0x00000000   Code   RO         3913    .ARM.Collect$$libinit$$00000004  c_w.l(libinit2.o)
    0x08000162   0x08000162   0x00000000   Code   RO         3916    .ARM.Collect$$libinit$$0000000A  c_w.l(libinit2.o)
    0x08000162   0x08000162   0x00000000   Code   RO         3918    .ARM.Collect$$libinit$$0000000C  c_w.l(libinit2.o)
    0x08000162   0x08000162   0x00000000   Code   RO         3920    .ARM.Collect$$libinit$$0000000E  c_w.l(libinit2.o)
    0x08000162   0x08000162   0x00000000   Code   RO         3923    .ARM.Collect$$libinit$$00000011  c_w.l(libinit2.o)
    0x08000162   0x08000162   0x00000000   Code   RO         3925    .ARM.Collect$$libinit$$00000013  c_w.l(libinit2.o)
    0x08000162   0x08000162   0x00000000   Code   RO         3927    .ARM.Collect$$libinit$$00000015  c_w.l(libinit2.o)
    0x08000162   0x08000162   0x00000000   Code   RO         3929    .ARM.Collect$$libinit$$00000017  c_w.l(libinit2.o)
    0x08000162   0x08000162   0x00000000   Code   RO         3931    .ARM.Collect$$libinit$$00000019  c_w.l(libinit2.o)
    0x08000162   0x08000162   0x00000000   Code   RO         3933    .ARM.Collect$$libinit$$0000001B  c_w.l(libinit2.o)
    0x08000162   0x08000162   0x00000000   Code   RO         3935    .ARM.Collect$$libinit$$0000001D  c_w.l(libinit2.o)
    0x08000162   0x08000162   0x00000000   Code   RO         3937    .ARM.Collect$$libinit$$0000001F  c_w.l(libinit2.o)
    0x08000162   0x08000162   0x00000000   Code   RO         3939    .ARM.Collect$$libinit$$00000021  c_w.l(libinit2.o)
    0x08000162   0x08000162   0x00000000   Code   RO         3941    .ARM.Collect$$libinit$$00000023  c_w.l(libinit2.o)
    0x08000162   0x08000162   0x00000000   Code   RO         3943    .ARM.Collect$$libinit$$00000025  c_w.l(libinit2.o)
    0x08000162   0x08000162   0x00000000   Code   RO         3947    .ARM.Collect$$libinit$$0000002C  c_w.l(libinit2.o)
    0x08000162   0x08000162   0x00000000   Code   RO         3949    .ARM.Collect$$libinit$$0000002E  c_w.l(libinit2.o)
    0x08000162   0x08000162   0x00000000   Code   RO         3951    .ARM.Collect$$libinit$$00000030  c_w.l(libinit2.o)
    0x08000162   0x08000162   0x00000000   Code   RO         3953    .ARM.Collect$$libinit$$00000032  c_w.l(libinit2.o)
    0x08000162   0x08000162   0x00000002   Code   RO         3954    .ARM.Collect$$libinit$$00000033  c_w.l(libinit2.o)
    0x08000164   0x08000164   0x00000002   Code   RO         3974    .ARM.Collect$$libshutdown$$00000000  c_w.l(libshutdown.o)
    0x08000166   0x08000166   0x00000000   Code   RO         3987    .ARM.Collect$$libshutdown$$00000002  c_w.l(libshutdown2.o)
    0x08000166   0x08000166   0x00000000   Code   RO         3989    .ARM.Collect$$libshutdown$$00000004  c_w.l(libshutdown2.o)
    0x08000166   0x08000166   0x00000000   Code   RO         3992    .ARM.Collect$$libshutdown$$00000007  c_w.l(libshutdown2.o)
    0x08000166   0x08000166   0x00000000   Code   RO         3995    .ARM.Collect$$libshutdown$$0000000A  c_w.l(libshutdown2.o)
    0x08000166   0x08000166   0x00000000   Code   RO         3997    .ARM.Collect$$libshutdown$$0000000C  c_w.l(libshutdown2.o)
    0x08000166   0x08000166   0x00000000   Code   RO         4000    .ARM.Collect$$libshutdown$$0000000F  c_w.l(libshutdown2.o)
    0x08000166   0x08000166   0x00000002   Code   RO         4001    .ARM.Collect$$libshutdown$$00000010  c_w.l(libshutdown2.o)
    0x08000168   0x08000168   0x00000000   Code   RO         3872    .ARM.Collect$$rtentry$$00000000  c_w.l(__rtentry.o)
    0x08000168   0x08000168   0x00000000   Code   RO         3881    .ARM.Collect$$rtentry$$00000002  c_w.l(__rtentry2.o)
    0x08000168   0x08000168   0x00000006   Code   RO         3893    .ARM.Collect$$rtentry$$00000004  c_w.l(__rtentry4.o)
    0x0800016e   0x0800016e   0x00000000   Code   RO         3883    .ARM.Collect$$rtentry$$00000009  c_w.l(__rtentry2.o)
    0x0800016e   0x0800016e   0x00000004   Code   RO         3884    .ARM.Collect$$rtentry$$0000000A  c_w.l(__rtentry2.o)
    0x08000172   0x08000172   0x00000000   Code   RO         3886    .ARM.Collect$$rtentry$$0000000C  c_w.l(__rtentry2.o)
    0x08000172   0x08000172   0x00000008   Code   RO         3887    .ARM.Collect$$rtentry$$0000000D  c_w.l(__rtentry2.o)
    0x0800017a   0x0800017a   0x00000002   Code   RO         3908    .ARM.Collect$$rtexit$$00000000  c_w.l(rtexit.o)
    0x0800017c   0x0800017c   0x00000000   Code   RO         3956    .ARM.Collect$$rtexit$$00000002  c_w.l(rtexit2.o)
    0x0800017c   0x0800017c   0x00000004   Code   RO         3957    .ARM.Collect$$rtexit$$00000003  c_w.l(rtexit2.o)
    0x08000180   0x08000180   0x00000006   Code   RO         3958    .ARM.Collect$$rtexit$$00000004  c_w.l(rtexit2.o)
    0x08000186   0x08000186   0x00000002   PAD
    0x08000188   0x08000188   0x00000040   Code   RO            4    .text               startup_stm32f103xb.o
    0x080001c8   0x080001c8   0x0000008a   Code   RO         3846    .text               c_w.l(rt_memcpy_v6.o)
    0x08000252   0x08000252   0x0000004e   Code   RO         3850    .text               c_w.l(rt_memclr_w.o)
    0x080002a0   0x080002a0   0x00000006   Code   RO         3852    .text               c_w.l(heapauxi.o)
    0x080002a6   0x080002a6   0x00000064   Code   RO         3873    .text               c_w.l(rt_memcpy_w.o)
    0x0800030a   0x0800030a   0x0000004a   Code   RO         3895    .text               c_w.l(sys_stackheap_outer.o)
    0x08000354   0x08000354   0x00000012   Code   RO         3897    .text               c_w.l(exit.o)
    0x08000366   0x08000366   0x00000002   PAD
    0x08000368   0x08000368   0x00000008   Code   RO         3905    .text               c_w.l(libspace.o)
    0x08000370   0x08000370   0x0000000c   Code   RO         3966    .text               c_w.l(sys_exit.o)
    0x0800037c   0x0800037c   0x00000002   Code   RO         3977    .text               c_w.l(use_no_semi.o)
    0x0800037e   0x0800037e   0x00000000   Code   RO         3979    .text               c_w.l(indicate_semi.o)
    0x0800037e   0x0800037e   0x0000005c   Code   RO          646    i.ADC_ConversionStop_Disable  stm32f1xx_hal_adc.o
    0x080003da   0x080003da   0x00000052   Code   RO          647    i.ADC_DMAConvCplt   stm32f1xx_hal_adc.o
    0x0800042c   0x0800042c   0x0000001e   Code   RO          648    i.ADC_DMAError      stm32f1xx_hal_adc.o
    0x0800044a   0x0800044a   0x0000000e   Code   RO          649    i.ADC_DMAHalfConvCplt  stm32f1xx_hal_adc.o
    0x08000458   0x08000458   0x00000090   Code   RO          650    i.ADC_Enable        stm32f1xx_hal_adc.o
    0x080004e8   0x080004e8   0x00000004   Code   RO          468    i.BusFault_Handler  stm32f1xx_it.o
    0x080004ec   0x080004ec   0x00000010   Code   RO          469    i.DMA1_Channel1_IRQHandler  stm32f1xx_it.o
    0x080004fc   0x080004fc   0x0000002c   Code   RO         1307    i.DMA_SetConfig     stm32f1xx_hal_dma.o
    0x08000528   0x08000528   0x00000002   Code   RO          470    i.DebugMon_Handler  stm32f1xx_it.o
    0x0800052a   0x0800052a   0x00000006   Code   RO          200    i.Error_Handler     main.o
    0x08000530   0x08000530   0x00000160   Code   RO          652    i.HAL_ADC_ConfigChannel  stm32f1xx_hal_adc.o
    0x08000690   0x08000690   0x00000002   Code   RO          653    i.HAL_ADC_ConvCpltCallback  stm32f1xx_hal_adc.o
    0x08000692   0x08000692   0x00000002   Code   RO          654    i.HAL_ADC_ConvHalfCpltCallback  stm32f1xx_hal_adc.o
    0x08000694   0x08000694   0x00000002   Code   RO          656    i.HAL_ADC_ErrorCallback  stm32f1xx_hal_adc.o
    0x08000696   0x08000696   0x00000002   PAD
    0x08000698   0x08000698   0x00000144   Code   RO          661    i.HAL_ADC_Init      stm32f1xx_hal_adc.o
    0x080007dc   0x080007dc   0x00000100   Code   RO          300    i.HAL_ADC_MspInit   adc.o
    0x080008dc   0x080008dc   0x00000180   Code   RO          668    i.HAL_ADC_Start_DMA  stm32f1xx_hal_adc.o
    0x08000a5c   0x08000a5c   0x000000b0   Code   RO         1309    i.HAL_DMA_Abort_IT  stm32f1xx_hal_dma.o
    0x08000b0c   0x08000b0c   0x0000019c   Code   RO         1313    i.HAL_DMA_IRQHandler  stm32f1xx_hal_dma.o
    0x08000ca8   0x08000ca8   0x00000068   Code   RO         1314    i.HAL_DMA_Init      stm32f1xx_hal_dma.o
    0x08000d10   0x08000d10   0x0000009c   Code   RO         1318    i.HAL_DMA_Start_IT  stm32f1xx_hal_dma.o
    0x08000dac   0x08000dac   0x00000028   Code   RO          929    i.HAL_Delay         stm32f1xx_hal.o
    0x08000dd4   0x08000dd4   0x00000320   Code   RO         1244    i.HAL_GPIO_Init     stm32f1xx_hal_gpio.o
    0x080010f4   0x080010f4   0x00000010   Code   RO         1246    i.HAL_GPIO_ReadPin  stm32f1xx_hal_gpio.o
    0x08001104   0x08001104   0x0000000c   Code   RO         1248    i.HAL_GPIO_WritePin  stm32f1xx_hal_gpio.o
    0x08001110   0x08001110   0x0000000c   Code   RO          933    i.HAL_GetTick       stm32f1xx_hal.o
    0x0800111c   0x0800111c   0x00000018   Code   RO          939    i.HAL_IncTick       stm32f1xx_hal.o
    0x08001134   0x08001134   0x00000028   Code   RO          940    i.HAL_Init          stm32f1xx_hal.o
    0x0800115c   0x0800115c   0x0000004c   Code   RO          941    i.HAL_InitTick      stm32f1xx_hal.o
    0x080011a8   0x080011a8   0x00000064   Code   RO          586    i.HAL_MspInit       stm32f1xx_hal_msp.o
    0x0800120c   0x0800120c   0x00000020   Code   RO         1404    i.HAL_NVIC_EnableIRQ  stm32f1xx_hal_cortex.o
    0x0800122c   0x0800122c   0x0000007c   Code   RO         1410    i.HAL_NVIC_SetPriority  stm32f1xx_hal_cortex.o
    0x080012a8   0x080012a8   0x00000028   Code   RO         1411    i.HAL_NVIC_SetPriorityGrouping  stm32f1xx_hal_cortex.o
    0x080012d0   0x080012d0   0x00000130   Code   RO         1206    i.HAL_RCCEx_PeriphCLKConfig  stm32f1xx_hal_rcc_ex.o
    0x08001400   0x08001400   0x0000018c   Code   RO         1097    i.HAL_RCC_ClockConfig  stm32f1xx_hal_rcc.o
    0x0800158c   0x0800158c   0x00000070   Code   RO         1106    i.HAL_RCC_GetSysClockFreq  stm32f1xx_hal_rcc.o
    0x080015fc   0x080015fc   0x00000464   Code   RO         1109    i.HAL_RCC_OscConfig  stm32f1xx_hal_rcc.o
    0x08001a60   0x08001a60   0x00000002   Code   RO         1937    i.HAL_SPI_ErrorCallback  stm32f1xx_hal_spi.o
    0x08001a62   0x08001a62   0x00000002   PAD
    0x08001a64   0x08001a64   0x00000134   Code   RO         1940    i.HAL_SPI_IRQHandler  stm32f1xx_hal_spi.o
    0x08001b98   0x08001b98   0x000000be   Code   RO         1941    i.HAL_SPI_Init      stm32f1xx_hal_spi.o
    0x08001c56   0x08001c56   0x00000002   PAD
    0x08001c58   0x08001c58   0x00000128   Code   RO          373    i.HAL_SPI_MspInit   spi.o
    0x08001d80   0x08001d80   0x000001bc   Code   RO         1949    i.HAL_SPI_Transmit  stm32f1xx_hal_spi.o
    0x08001f3c   0x08001f3c   0x00000240   Code   RO         1950    i.HAL_SPI_TransmitReceive  stm32f1xx_hal_spi.o
    0x0800217c   0x0800217c   0x00000034   Code   RO         1415    i.HAL_SYSTICK_Config  stm32f1xx_hal_cortex.o
    0x080021b0   0x080021b0   0x00000002   Code   RO         2969    i.HAL_TIMEx_BreakCallback  stm32f1xx_hal_tim_ex.o
    0x080021b2   0x080021b2   0x00000002   Code   RO         2970    i.HAL_TIMEx_CommutCallback  stm32f1xx_hal_tim_ex.o
    0x080021b4   0x080021b4   0x00000084   Code   RO         2988    i.HAL_TIMEx_MasterConfigSynchronization  stm32f1xx_hal_tim_ex.o
    0x08002238   0x08002238   0x00000066   Code   RO         2254    i.HAL_TIM_Base_Init  stm32f1xx_hal_tim.o
    0x0800229e   0x0800229e   0x00000002   PAD
    0x080022a0   0x080022a0   0x00000088   Code   RO          421    i.HAL_TIM_Base_MspInit  tim.o
    0x08002328   0x08002328   0x00000078   Code   RO         2259    i.HAL_TIM_Base_Start_IT  stm32f1xx_hal_tim.o
    0x080023a0   0x080023a0   0x0000010c   Code   RO         2263    i.HAL_TIM_ConfigClockSource  stm32f1xx_hal_tim.o
    0x080024ac   0x080024ac   0x00000002   Code   RO         2288    i.HAL_TIM_IC_CaptureCallback  stm32f1xx_hal_tim.o
    0x080024ae   0x080024ae   0x00000196   Code   RO         2302    i.HAL_TIM_IRQHandler  stm32f1xx_hal_tim.o
    0x08002644   0x08002644   0x00000002   Code   RO         2305    i.HAL_TIM_OC_DelayElapsedCallback  stm32f1xx_hal_tim.o
    0x08002646   0x08002646   0x00000002   Code   RO         2332    i.HAL_TIM_PWM_PulseFinishedCallback  stm32f1xx_hal_tim.o
    0x08002648   0x08002648   0x00000024   Code   RO          201    i.HAL_TIM_PeriodElapsedCallback  main.o
    0x0800266c   0x0800266c   0x00000002   Code   RO         2345    i.HAL_TIM_TriggerCallback  stm32f1xx_hal_tim.o
    0x0800266e   0x0800266e   0x00000004   Code   RO          471    i.HardFault_Handler  stm32f1xx_it.o
    0x08002672   0x08002672   0x00000066   Code   RO          155    i.IsAdd             debug.o
    0x080026d8   0x080026d8   0x0000005a   Code   RO         3790    i.LCD_Address_Set   lcd_bsp.o
    0x08002732   0x08002732   0x00000002   PAD
    0x08002734   0x08002734   0x00000064   Code   RO         3506    i.LCD_Fill          lcd.o
    0x08002798   0x08002798   0x00000334   Code   RO         3507    i.LCD_Init          lcd.o
    0x08002acc   0x08002acc   0x0000001e   Code   RO         3791    i.LCD_WR_DATA       lcd_bsp.o
    0x08002aea   0x08002aea   0x00000014   Code   RO         3792    i.LCD_WR_DATA8      lcd_bsp.o
    0x08002afe   0x08002afe   0x0000001c   Code   RO         3793    i.LCD_WR_REG        lcd_bsp.o
    0x08002b1a   0x08002b1a   0x0000001a   Code   RO         3794    i.LCD_Writ_Bus      lcd_bsp.o
    0x08002b34   0x08002b34   0x00000014   Code   RO         3519    i.LCD_spi_BLK_Set   lcd.o
    0x08002b48   0x08002b48   0x00000014   Code   RO         3520    i.LCD_spi_CS_Clr    lcd.o
    0x08002b5c   0x08002b5c   0x00000014   Code   RO         3521    i.LCD_spi_CS_Set    lcd.o
    0x08002b70   0x08002b70   0x00000014   Code   RO         3522    i.LCD_spi_DC_Clr    lcd.o
    0x08002b84   0x08002b84   0x00000014   Code   RO         3523    i.LCD_spi_DC_Set    lcd.o
    0x08002b98   0x08002b98   0x00000014   Code   RO         3524    i.LCD_spi_RES_Clr   lcd.o
    0x08002bac   0x08002bac   0x00000014   Code   RO         3525    i.LCD_spi_RES_Set   lcd.o
    0x08002bc0   0x08002bc0   0x0000001e   Code   RO         3526    i.LCD_spi_trans     lcd.o
    0x08002bde   0x08002bde   0x00000002   PAD
    0x08002be0   0x08002be0   0x000000a0   Code   RO          301    i.MX_ADC1_Init      adc.o
    0x08002c80   0x08002c80   0x00000094   Code   RO          302    i.MX_ADC2_Init      adc.o
    0x08002d14   0x08002d14   0x00000034   Code   RO          348    i.MX_DMA_Init       dma.o
    0x08002d48   0x08002d48   0x000000c8   Code   RO          275    i.MX_GPIO_Init      gpio.o
    0x08002e10   0x08002e10   0x00000044   Code   RO          374    i.MX_SPI1_Init      spi.o
    0x08002e54   0x08002e54   0x00000044   Code   RO          375    i.MX_SPI2_Init      spi.o
    0x08002e98   0x08002e98   0x00000070   Code   RO          422    i.MX_TIM1_Init      tim.o
    0x08002f08   0x08002f08   0x0000006c   Code   RO          423    i.MX_TIM2_Init      tim.o
    0x08002f74   0x08002f74   0x00000004   Code   RO          472    i.MemManage_Handler  stm32f1xx_it.o
    0x08002f78   0x08002f78   0x00000004   Code   RO          473    i.NMI_Handler       stm32f1xx_it.o
    0x08002f7c   0x08002f7c   0x00000048   Code   RO         3303    i.NRF24L01_Clear_IRQ_Flag  drv_rf24l01.o
    0x08002fc4   0x08002fc4   0x00000010   Code   RO         3307    i.NRF24L01_RT       drv_rf24l01.o
    0x08002fd4   0x08002fd4   0x00000048   Code   RO         3308    i.NRF24L01_Read_Buf  drv_rf24l01.o
    0x0800301c   0x0800301c   0x00000034   Code   RO         3309    i.NRF24L01_Read_Reg  drv_rf24l01.o
    0x08003050   0x08003050   0x0000002c   Code   RO         3311    i.NRF24L01_Read_Status_Register  drv_rf24l01.o
    0x0800307c   0x0800307c   0x000000a4   Code   RO         3314    i.NRF24L01_RxPacket  drv_rf24l01.o
    0x08003120   0x08003120   0x00000048   Code   RO         3315    i.NRF24L01_Set_Power  drv_rf24l01.o
    0x08003168   0x08003168   0x00000038   Code   RO         3316    i.NRF24L01_Set_RxAddr  drv_rf24l01.o
    0x080031a0   0x080031a0   0x00000022   Code   RO         3318    i.NRF24L01_Set_TxAddr  drv_rf24l01.o
    0x080031c2   0x080031c2   0x00000002   PAD
    0x080031c4   0x080031c4   0x000000c4   Code   RO         3319    i.NRF24L01_TxPacket  drv_rf24l01.o
    0x08003288   0x08003288   0x00000048   Code   RO         3320    i.NRF24L01_Write_Buf  drv_rf24l01.o
    0x080032d0   0x080032d0   0x00000034   Code   RO         3321    i.NRF24L01_Write_Reg  drv_rf24l01.o
    0x08003304   0x08003304   0x00000002   Code   RO          474    i.PendSV_Handler    stm32f1xx_it.o
    0x08003306   0x08003306   0x00000002   PAD
    0x08003308   0x08003308   0x00000028   Code   RO         1110    i.RCC_Delay         stm32f1xx_hal_rcc.o
    0x08003330   0x08003330   0x00000002   Code   RO          475    i.RCC_IRQHandler    stm32f1xx_it.o
    0x08003332   0x08003332   0x00000002   PAD
    0x08003334   0x08003334   0x000000bc   Code   RO         3327    i.RF24L01_Init      drv_rf24l01.o
    0x080033f0   0x080033f0   0x00000024   Code   RO         3328    i.RF24L01_Port_Init  drv_rf24l01.o
    0x08003414   0x08003414   0x00000050   Code   RO         3330    i.RF24L01_Set_Mode  drv_rf24l01.o
    0x08003464   0x08003464   0x00000214   Code   RO          156    i.ReceivePacket_fn  debug.o
    0x08003678   0x08003678   0x00000010   Code   RO          476    i.SPI1_IRQHandler   stm32f1xx_it.o
    0x08003688   0x08003688   0x00000010   Code   RO          477    i.SPI2_IRQHandler   stm32f1xx_it.o
    0x08003698   0x08003698   0x00000014   Code   RO         1968    i.SPI_DMAAbortOnError  stm32f1xx_hal_spi.o
    0x080036ac   0x080036ac   0x00000028   Code   RO         1979    i.SPI_EndRxTxTransaction  stm32f1xx_hal_spi.o
    0x080036d4   0x080036d4   0x000000d8   Code   RO         1984    i.SPI_WaitFlagStateUntilTimeout  stm32f1xx_hal_spi.o
    0x080037ac   0x080037ac   0x00000002   Code   RO          478    i.SVC_Handler       stm32f1xx_it.o
    0x080037ae   0x080037ae   0x00000008   Code   RO          479    i.SysTick_Handler   stm32f1xx_it.o
    0x080037b6   0x080037b6   0x00000084   Code   RO          202    i.SystemClock_Config  main.o
    0x0800383a   0x0800383a   0x00000002   Code   RO         3237    i.SystemInit        system_stm32f1xx.o
    0x0800383c   0x0800383c   0x00000020   Code   RO         3527    i.TFT_LCD_Init      lcd.o
    0x0800385c   0x0800385c   0x00000010   Code   RO          480    i.TIM1_BRK_IRQHandler  stm32f1xx_it.o
    0x0800386c   0x0800386c   0x00000010   Code   RO          481    i.TIM1_UP_IRQHandler  stm32f1xx_it.o
    0x0800387c   0x0800387c   0x00000010   Code   RO          482    i.TIM2_IRQHandler   stm32f1xx_it.o
    0x0800388c   0x0800388c   0x00000074   Code   RO         2347    i.TIM_Base_SetConfig  stm32f1xx_hal_tim.o
    0x08003900   0x08003900   0x00000016   Code   RO         2358    i.TIM_ETR_SetConfig  stm32f1xx_hal_tim.o
    0x08003916   0x08003916   0x00000012   Code   RO         2359    i.TIM_ITRx_SetConfig  stm32f1xx_hal_tim.o
    0x08003928   0x08003928   0x00000026   Code   RO         2365    i.TIM_TI1_ConfigInputStage  stm32f1xx_hal_tim.o
    0x0800394e   0x0800394e   0x00000028   Code   RO         2367    i.TIM_TI2_ConfigInputStage  stm32f1xx_hal_tim.o
    0x08003976   0x08003976   0x00000004   Code   RO          483    i.UsageFault_Handler  stm32f1xx_it.o
    0x0800397a   0x0800397a   0x00000002   PAD
    0x0800397c   0x0800397c   0x00000010   Code   RO         1417    i.__NVIC_GetPriorityGrouping  stm32f1xx_hal_cortex.o
    0x0800398c   0x0800398c   0x00000028   Code   RO         1418    i.__NVIC_SetPriority  stm32f1xx_hal_cortex.o
    0x080039b4   0x080039b4   0x00000024   Code   RO         3273    i.drv_spi_read_write_byte  drv_spi.o
    0x080039d8   0x080039d8   0x00000118   Code   RO          203    i.main              main.o
    0x08003af0   0x08003af0   0x00000184   Code   RO         3857    x$fpl$fdiv          fz_ws.l(fdiv.o)
    0x08003c74   0x08003c74   0x00000030   Code   RO         3865    x$fpl$fflt          fz_ws.l(fflt_clz.o)
    0x08003ca4   0x08003ca4   0x0000008c   Code   RO         3875    x$fpl$fnaninf       fz_ws.l(fnaninf.o)
    0x08003d30   0x08003d30   0x0000000a   Code   RO         3877    x$fpl$fretinf       fz_ws.l(fretinf.o)
    0x08003d3a   0x08003d3a   0x00000000   Code   RO         3879    x$fpl$usenofp       fz_ws.l(usenofp.o)
    0x08003d3a   0x08003d3a   0x00000012   Data   RO         1111    .constdata          stm32f1xx_hal_rcc.o
    0x08003d4c   0x08003d4c   0x00000018   Data   RO         3238    .constdata          system_stm32f1xx.o
    0x08003d64   0x08003d64   0x00000019   Data   RO         3333    .conststring        drv_rf24l01.o
    0x08003d7d   0x08003d7d   0x00000003   PAD
    0x08003d80   0x08003d80   0x00000020   Data   RO         4032    Region$$Table       anon$$obj.o


    Execution Region RW_IRAM1 (Exec base: 0x20000000, Load base: 0x08003da0, Size: 0x00000db8, Max: 0x00005000, ABSOLUTE)

    Exec Addr    Load Addr    Size         Type   Attr      Idx    E Section Name        Object

    0x20000000   0x08003da0   0x00000003   Data   RW          205    .data               main.o
    0x20000003   0x08003da3   0x00000001   PAD
    0x20000004   0x08003da4   0x00000009   Data   RW          947    .data               stm32f1xx_hal.o
    0x2000000d   0x08003dad   0x00000003   PAD
    0x20000010   0x08003db0   0x00000004   Data   RW         3239    .data               system_stm32f1xx.o
    0x20000014   0x08003db4   0x0000000c   Data   RW         3334    .data               drv_rf24l01.o
    0x20000020   0x08003dc0   0x00000008   Data   RW         3531    .data               lcd.o
    0x20000028        -       0x00000496   Zero   RW          157    .bss                debug.o
    0x200004be   0x08003dc8   0x00000002   PAD
    0x200004c0        -       0x000000f4   Zero   RW          303    .bss                adc.o
    0x200005b4        -       0x000000b0   Zero   RW          376    .bss                spi.o
    0x20000664        -       0x00000090   Zero   RW          424    .bss                tim.o
    0x200006f4        -       0x00000046   Zero   RW         3332    .bss                drv_rf24l01.o
    0x2000073a   0x08003dc8   0x00000002   PAD
    0x2000073c        -       0x00000018   Zero   RW         3529    .bss                lcd.o
    0x20000754        -       0x00000060   Zero   RW         3906    .bss                c_w.l(libspace.o)
    0x200007b4   0x08003dc8   0x00000004   PAD
    0x200007b8        -       0x00000200   Zero   RW            2    HEAP                startup_stm32f103xb.o
    0x200009b8        -       0x00000400   Zero   RW            1    STACK               startup_stm32f103xb.o


==============================================================================

Image component sizes


      Code (inc. data)   RO Data    RW Data    ZI Data      Debug   Object Name

       564         46          0          0        244       3014   adc.o
       634         12          0          0       1174       4008   debug.o
        52          4          0          0          0        782   dma.o
      1206         80         25         12         70      14397   drv_rf24l01.o
        36          0          0          0          0       1010   drv_spi.o
       200         12          0          0          0        975   gpio.o
      1122         64          0          8         24       7829   lcd.o
       194          0          0          0          0       4595   lcd_bsp.o
       454         46          0          3          0       4299   main.o
         0          0          0          0          0     438660   remote_control.o
       432         38          0          0        176       2426   spi.o
        64         26        236          0       1536        828   startup_stm32f103xb.o
       192         36          0          9          0       6045   stm32f1xx_hal.o
      1428         56          0          0          0       8574   stm32f1xx_hal_adc.o
       304         22          0          0          0      29555   stm32f1xx_hal_cortex.o
       892         12          0          0          0       4314   stm32f1xx_hal_dma.o
       828         34          0          0          0       3391   stm32f1xx_hal_gpio.o
       100          8          0          0          0        942   stm32f1xx_hal_msp.o
      1672         72         18          0          0       4436   stm32f1xx_hal_rcc.o
       304         14          0          0          0       1436   stm32f1xx_hal_rcc_ex.o
      1796         10          0          0          0       7993   stm32f1xx_hal_spi.o
      1138         26          0          0          0       9523   stm32f1xx_hal_tim.o
       136         14          0          0          0       2501   stm32f1xx_hal_tim_ex.o
       132         36          0          0          0       7443   stm32f1xx_it.o
         2          0         24          4          0       1179   system_stm32f1xx.o
       356         24          0          0        144       2435   tim.o

    ----------------------------------------------------------------------
     14258        692        338         40       3372     572590   Object Totals
         0          0         32          0          0          0   (incl. Generated)
        20          0          3          4          4          0   (incl. Padding)

    ----------------------------------------------------------------------

      Code (inc. data)   RO Data    RW Data    ZI Data      Debug   Library Member Name

         8          0          0          0          0         68   __main.o
         0          0          0          0          0          0   __rtentry.o
        12          0          0          0          0          0   __rtentry2.o
         6          0          0          0          0          0   __rtentry4.o
        52          8          0          0          0          0   __scatter.o
        26          0          0          0          0          0   __scatter_copy.o
        28          0          0          0          0          0   __scatter_zi.o
        18          0          0          0          0         80   exit.o
         6          0          0          0          0        152   heapauxi.o
         0          0          0          0          0          0   indicate_semi.o
         2          0          0          0          0          0   libinit.o
         2          0          0          0          0          0   libinit2.o
         2          0          0          0          0          0   libshutdown.o
         2          0          0          0          0          0   libshutdown2.o
         8          4          0          0         96         68   libspace.o
        78          0          0          0          0         80   rt_memclr_w.o
       138          0          0          0          0         68   rt_memcpy_v6.o
       100          0          0          0          0         80   rt_memcpy_w.o
         2          0          0          0          0          0   rtexit.o
        10          0          0          0          0          0   rtexit2.o
        12          4          0          0          0         68   sys_exit.o
        74          0          0          0          0         80   sys_stackheap_outer.o
         2          0          0          0          0         68   use_no_semi.o
       388         76          0          0          0         96   fdiv.o
        48          0          0          0          0         68   fflt_clz.o
       140          4          0          0          0         84   fnaninf.o
        10          0          0          0          0         68   fretinf.o
         0          0          0          0          0          0   usenofp.o

    ----------------------------------------------------------------------
      1180         96          0          0        100       1128   Library Totals
         6          0          0          0          4          0   (incl. Padding)

    ----------------------------------------------------------------------

      Code (inc. data)   RO Data    RW Data    ZI Data      Debug   Library Name

       588         16          0          0         96        812   c_w.l
       586         80          0          0          0        316   fz_ws.l

    ----------------------------------------------------------------------
      1180         96          0          0        100       1128   Library Totals

    ----------------------------------------------------------------------

==============================================================================


      Code (inc. data)   RO Data    RW Data    ZI Data      Debug   

     15438        788        338         40       3472     566798   Grand Totals
     15438        788        338         40       3472     566798   ELF Image Totals
     15438        788        338         40          0          0   ROM Totals

==============================================================================

    Total RO  Size (Code + RO Data)                15776 (  15.41kB)
    Total RW  Size (RW Data + ZI Data)              3512 (   3.43kB)
    Total ROM Size (Code + RO Data + RW Data)      15816 (  15.45kB)

==============================================================================

