Component: ARM Compiler 5.06 update 5 (build 528) Tool: armlink [4d35e2]

==============================================================================

Section Cross References

    startup_stm32f103xb.o(RESET) refers to startup_stm32f103xb.o(STACK) for __initial_sp
    startup_stm32f103xb.o(RESET) refers to startup_stm32f103xb.o(.text) for Reset_Handler
    startup_stm32f103xb.o(RESET) refers to stm32f1xx_it.o(i.NMI_Handler) for NMI_Handler
    startup_stm32f103xb.o(RESET) refers to stm32f1xx_it.o(i.HardFault_Handler) for HardFault_Handler
    startup_stm32f103xb.o(RESET) refers to stm32f1xx_it.o(i.MemManage_Handler) for MemManage_Handler
    startup_stm32f103xb.o(RESET) refers to stm32f1xx_it.o(i.BusFault_Handler) for BusFault_Handler
    startup_stm32f103xb.o(RESET) refers to stm32f1xx_it.o(i.UsageFault_Handler) for UsageFault_Handler
    startup_stm32f103xb.o(RESET) refers to stm32f1xx_it.o(i.SVC_Handler) for SVC_Handler
    startup_stm32f103xb.o(RESET) refers to stm32f1xx_it.o(i.DebugMon_Handler) for DebugMon_Handler
    startup_stm32f103xb.o(RESET) refers to stm32f1xx_it.o(i.PendSV_Handler) for PendSV_Handler
    startup_stm32f103xb.o(RESET) refers to stm32f1xx_it.o(i.SysTick_Handler) for SysTick_Handler
    startup_stm32f103xb.o(RESET) refers to stm32f1xx_it.o(i.RCC_IRQHandler) for RCC_IRQHandler
    startup_stm32f103xb.o(RESET) refers to stm32f1xx_it.o(i.DMA1_Channel1_IRQHandler) for DMA1_Channel1_IRQHandler
    startup_stm32f103xb.o(RESET) refers to stm32f1xx_it.o(i.TIM1_BRK_IRQHandler) for TIM1_BRK_IRQHandler
    startup_stm32f103xb.o(RESET) refers to stm32f1xx_it.o(i.TIM1_UP_IRQHandler) for TIM1_UP_IRQHandler
    startup_stm32f103xb.o(RESET) refers to stm32f1xx_it.o(i.TIM2_IRQHandler) for TIM2_IRQHandler
    startup_stm32f103xb.o(RESET) refers to stm32f1xx_it.o(i.SPI1_IRQHandler) for SPI1_IRQHandler
    startup_stm32f103xb.o(RESET) refers to stm32f1xx_it.o(i.SPI2_IRQHandler) for SPI2_IRQHandler
    startup_stm32f103xb.o(.text) refers to system_stm32f1xx.o(i.SystemInit) for SystemInit
    startup_stm32f103xb.o(.text) refers to entry.o(.ARM.Collect$$$$00000000) for __main
    remote_control.o(i.Ctrl_Reset) refers to remote_control.o(.bss) for ctrl
    remote_control.o(i.Send_control_message) refers to memcpya.o(.text) for __aeabi_memcpy4
    remote_control.o(i.Send_control_message) refers to remote_control.o(i.Tx_Data_Prepare) for Tx_Data_Prepare
    remote_control.o(i.Send_control_message) refers to drv_rf24l01.o(i.NRF24L01_TxPacket) for NRF24L01_TxPacket
    remote_control.o(i.Send_control_message) refers to adc.o(.data) for left_x
    remote_control.o(i.Send_control_message) refers to remote_control.o(.bss) for ctrl
    remote_control.o(i.Tx_Data_Prepare) refers to remote_control.o(.bss) for ctrl
    debug.o(i.InitPacket) refers to memseta.o(.text) for __aeabi_memclr
    debug.o(i.InitPacket) refers to debug.o(.bss) for Receive_packet
    debug.o(i.ReceivePacket_fn) refers to drv_rf24l01.o(i.NRF24L01_RxPacket) for NRF24L01_RxPacket
    debug.o(i.ReceivePacket_fn) refers to memseta.o(.text) for __aeabi_memclr4
    debug.o(i.ReceivePacket_fn) refers to memcpya.o(.text) for __aeabi_memcpy
    debug.o(i.ReceivePacket_fn) refers to fflti.o(.text) for __aeabi_i2f
    debug.o(i.ReceivePacket_fn) refers to fdiv.o(.text) for __aeabi_fdiv
    debug.o(i.ReceivePacket_fn) refers to debug.o(i.IsAdd) for IsAdd
    debug.o(i.ReceivePacket_fn) refers to drv_rf24l01.o(.bss) for NRF24L01_bus
    debug.o(i.ReceivePacket_fn) refers to drv_rf24l01.o(.data) for NRF24L01_rtx
    main.o(i.HAL_TIM_PeriodElapsedCallback) refers to stm32f1xx_hal_adc.o(i.HAL_ADC_Start_DMA) for HAL_ADC_Start_DMA
    main.o(i.HAL_TIM_PeriodElapsedCallback) refers to adc.o(i.ADC1_Value_average) for ADC1_Value_average
    main.o(i.HAL_TIM_PeriodElapsedCallback) refers to tim.o(.bss) for htim1
    main.o(i.HAL_TIM_PeriodElapsedCallback) refers to adc.o(.bss) for ADC_Value
    main.o(i.SystemClock_Config) refers to memseta.o(.text) for __aeabi_memclr4
    main.o(i.SystemClock_Config) refers to stm32f1xx_hal_rcc.o(i.HAL_RCC_OscConfig) for HAL_RCC_OscConfig
    main.o(i.SystemClock_Config) refers to main.o(i.Error_Handler) for Error_Handler
    main.o(i.SystemClock_Config) refers to stm32f1xx_hal_rcc.o(i.HAL_RCC_ClockConfig) for HAL_RCC_ClockConfig
    main.o(i.SystemClock_Config) refers to stm32f1xx_hal_rcc_ex.o(i.HAL_RCCEx_PeriphCLKConfig) for HAL_RCCEx_PeriphCLKConfig
    main.o(i.main) refers to stm32f1xx_hal.o(i.HAL_Init) for HAL_Init
    main.o(i.main) refers to main.o(i.SystemClock_Config) for SystemClock_Config
    main.o(i.main) refers to gpio.o(i.MX_GPIO_Init) for MX_GPIO_Init
    main.o(i.main) refers to dma.o(i.MX_DMA_Init) for MX_DMA_Init
    main.o(i.main) refers to spi.o(i.MX_SPI1_Init) for MX_SPI1_Init
    main.o(i.main) refers to tim.o(i.MX_TIM2_Init) for MX_TIM2_Init
    main.o(i.main) refers to adc.o(i.MX_ADC1_Init) for MX_ADC1_Init
    main.o(i.main) refers to spi.o(i.MX_SPI2_Init) for MX_SPI2_Init
[...]
    Removing stm32f1xx_hal_tim_ex.o(i.HAL_TIMEx_OCN_Start), (196 bytes).
    Removing stm32f1xx_hal_tim_ex.o(i.HAL_TIMEx_OCN_Start_DMA), (456 bytes).
    Removing stm32f1xx_hal_tim_ex.o(i.HAL_TIMEx_OCN_Start_IT), (276 bytes).
    Removing stm32f1xx_hal_tim_ex.o(i.HAL_TIMEx_OCN_Stop), (136 bytes).
    Removing stm32f1xx_hal_tim_ex.o(i.HAL_TIMEx_OCN_Stop_DMA), (220 bytes).
    Removing stm32f1xx_hal_tim_ex.o(i.HAL_TIMEx_OCN_Stop_IT), (230 bytes).
    Removing stm32f1xx_hal_tim_ex.o(i.HAL_TIMEx_OnePulseN_Start), (118 bytes).
    Removing stm32f1xx_hal_tim_ex.o(i.HAL_TIMEx_OnePulseN_Start_IT), (142 bytes).
    Removing stm32f1xx_hal_tim_ex.o(i.HAL_TIMEx_OnePulseN_Stop), (138 bytes).
    Removing stm32f1xx_hal_tim_ex.o(i.HAL_TIMEx_OnePulseN_Stop_IT), (162 bytes).
    Removing stm32f1xx_hal_tim_ex.o(i.HAL_TIMEx_PWMN_Start), (196 bytes).
    Removing stm32f1xx_hal_tim_ex.o(i.HAL_TIMEx_PWMN_Start_DMA), (456 bytes).
    Removing stm32f1xx_hal_tim_ex.o(i.HAL_TIMEx_PWMN_Start_IT), (276 bytes).
    Removing stm32f1xx_hal_tim_ex.o(i.HAL_TIMEx_PWMN_Stop), (136 bytes).
    Removing stm32f1xx_hal_tim_ex.o(i.HAL_TIMEx_PWMN_Stop_DMA), (220 bytes).
    Removing stm32f1xx_hal_tim_ex.o(i.HAL_TIMEx_PWMN_Stop_IT), (230 bytes).
    Removing stm32f1xx_hal_tim_ex.o(i.HAL_TIMEx_RemapConfig), (6 bytes).
    Removing stm32f1xx_hal_tim_ex.o(i.TIMEx_DMACommutationCplt), (20 bytes).
    Removing stm32f1xx_hal_tim_ex.o(i.TIMEx_DMACommutationHalfCplt), (20 bytes).
    Removing stm32f1xx_hal_tim_ex.o(i.TIM_CCxNChannelCmd), (34 bytes).
    Removing stm32f1xx_hal_tim_ex.o(i.TIM_DMADelayPulseNCplt), (104 bytes).
    Removing stm32f1xx_hal_tim_ex.o(i.TIM_DMAErrorCCxN), (68 bytes).
    Removing stm32f1xx_hal_uart.o(.rev16_text), (4 bytes).
    Removing stm32f1xx_hal_uart.o(.revsh_text), (4 bytes).
    Removing stm32f1xx_hal_uart.o(.rrx_text), (6 bytes).
    Removing stm32f1xx_hal_uart.o(i.HAL_HalfDuplex_EnableReceiver), (68 bytes).
    Removing stm32f1xx_hal_uart.o(i.HAL_HalfDuplex_EnableTransmitter), (68 bytes).
    Removing stm32f1xx_hal_uart.o(i.HAL_HalfDuplex_Init), (122 bytes).
    Removing stm32f1xx_hal_uart.o(i.HAL_LIN_Init), (146 bytes).
    Removing stm32f1xx_hal_uart.o(i.HAL_LIN_SendBreak), (80 bytes).
    Removing stm32f1xx_hal_uart.o(i.HAL_MultiProcessor_EnterMuteMode), (82 bytes).
    Removing stm32f1xx_hal_uart.o(i.HAL_MultiProcessor_ExitMuteMode), (82 bytes).
    Removing stm32f1xx_hal_uart.o(i.HAL_MultiProcessor_Init), (158 bytes).
    Removing stm32f1xx_hal_uart.o(i.HAL_UARTEx_GetRxEventType), (6 bytes).
    Removing stm32f1xx_hal_uart.o(i.HAL_UARTEx_ReceiveToIdle), (296 bytes).
    Removing stm32f1xx_hal_uart.o(i.HAL_UARTEx_ReceiveToIdle_DMA), (114 bytes).
    Removing stm32f1xx_hal_uart.o(i.HAL_UARTEx_ReceiveToIdle_IT), (114 bytes).
    Removing stm32f1xx_hal_uart.o(i.HAL_UARTEx_RxEventCallback), (2 bytes).
    Removing stm32f1xx_hal_uart.o(i.HAL_UART_Abort), (278 bytes).
    Removing stm32f1xx_hal_uart.o(i.HAL_UART_AbortCpltCallback), (2 bytes).
    Removing stm32f1xx_hal_uart.o(i.HAL_UART_AbortReceive), (194 bytes).
    Removing stm32f1xx_hal_uart.o(i.HAL_UART_AbortReceiveCpltCallback), (2 bytes).
    Removing stm32f1xx_hal_uart.o(i.HAL_UART_AbortReceive_IT), (216 bytes).
    Removing stm32f1xx_hal_uart.o(i.HAL_UART_AbortTransmit), (124 bytes).
    Removing stm32f1xx_hal_uart.o(i.HAL_UART_AbortTransmitCpltCallback), (2 bytes).
    Removing stm32f1xx_hal_uart.o(i.HAL_UART_AbortTransmit_IT), (144 bytes).
    Removing stm32f1xx_hal_uart.o(i.HAL_UART_Abort_IT), (328 bytes).
    Removing stm32f1xx_hal_uart.o(i.HAL_UART_DMAPause), (166 bytes).
    Removing stm32f1xx_hal_uart.o(i.HAL_UART_DMAResume), (170 bytes).
    Removing stm32f1xx_hal_uart.o(i.HAL_UART_DMAStop), (138 bytes).
    Removing stm32f1xx_hal_uart.o(i.HAL_UART_DeInit), (62 bytes).
    Removing stm32f1xx_hal_uart.o(i.HAL_UART_ErrorCallback), (2 bytes).
    Removing stm32f1xx_hal_uart.o(i.HAL_UART_GetError), (6 bytes).
    Removing stm32f1xx_hal_uart.o(i.HAL_UART_GetState), (20 bytes).
    Removing stm32f1xx_hal_uart.o(i.HAL_UART_IRQHandler), (740 bytes).
    Removing stm32f1xx_hal_uart.o(i.HAL_UART_MspDeInit), (2 bytes).
    Removing stm32f1xx_hal_uart.o(i.HAL_UART_MspInit), (2 bytes).
    Removing stm32f1xx_hal_uart.o(i.HAL_UART_Receive), (188 bytes).
    Removing stm32f1xx_hal_uart.o(i.HAL_UART_Receive_DMA), (44 bytes).
    Removing stm32f1xx_hal_uart.o(i.HAL_UART_Receive_IT), (44 bytes).
    Removing stm32f1xx_hal_uart.o(i.HAL_UART_RxCpltCallback), (2 bytes).
    Removing stm32f1xx_hal_uart.o(i.HAL_UART_RxHalfCpltCallback), (2 bytes).
    Removing stm32f1xx_hal_uart.o(i.HAL_UART_Transmit_DMA), (140 bytes).
    Removing stm32f1xx_hal_uart.o(i.HAL_UART_Transmit_IT), (56 bytes).
    Removing stm32f1xx_hal_uart.o(i.HAL_UART_TxCpltCallback), (2 bytes).
    Removing stm32f1xx_hal_uart.o(i.HAL_UART_TxHalfCpltCallback), (2 bytes).
    Removing stm32f1xx_hal_uart.o(i.UART_DMAAbortOnError), (20 bytes).
    Removing stm32f1xx_hal_uart.o(i.UART_DMAError), (80 bytes).
    Removing stm32f1xx_hal_uart.o(i.UART_DMAReceiveCplt), (180 bytes).
    Removing stm32f1xx_hal_uart.o(i.UART_DMARxAbortCallback), (56 bytes).
    Removing stm32f1xx_hal_uart.o(i.UART_DMARxHalfCplt), (36 bytes).
    Removing stm32f1xx_hal_uart.o(i.UART_DMARxOnlyAbortCallback), (28 bytes).
    Removing stm32f1xx_hal_uart.o(i.UART_DMATransmitCplt), (88 bytes).
    Removing stm32f1xx_hal_uart.o(i.UART_DMATxAbortCallback), (56 bytes).
    Removing stm32f1xx_hal_uart.o(i.UART_DMATxHalfCplt), (14 bytes).
    Removing stm32f1xx_hal_uart.o(i.UART_DMATxOnlyAbortCallback), (24 bytes).
    Removing stm32f1xx_hal_uart.o(i.UART_EndRxTransfer), (108 bytes).
    Removing stm32f1xx_hal_uart.o(i.UART_EndTransmit_IT), (32 bytes).
    Removing stm32f1xx_hal_uart.o(i.UART_EndTxTransfer), (38 bytes).
    Removing stm32f1xx_hal_uart.o(i.UART_Receive_IT), (252 bytes).
    Removing stm32f1xx_hal_uart.o(i.UART_Start_Receive_DMA), (200 bytes).
    Removing stm32f1xx_hal_uart.o(i.UART_Start_Receive_IT), (64 bytes).
    Removing stm32f1xx_hal_uart.o(i.UART_Transmit_IT), (96 bytes).
    Removing system_stm32f1xx.o(.rev16_text), (4 bytes).
    Removing system_stm32f1xx.o(.revsh_text), (4 bytes).
    Removing system_stm32f1xx.o(.rrx_text), (6 bytes).
    Removing system_stm32f1xx.o(i.SystemCoreClockUpdate), (164 bytes).
    Removing drv_spi.o(.rev16_text), (4 bytes).
    Removing drv_spi.o(.revsh_text), (4 bytes).
    Removing drv_spi.o(.rrx_text), (6 bytes).
    Removing drv_spi.o(i.drv_spi_read_write_string), (68 bytes).
    Removing drv_rf24l01.o(.rev16_text), (4 bytes).
    Removing drv_rf24l01.o(.revsh_text), (4 bytes).
    Removing drv_rf24l01.o(.rrx_text), (6 bytes).
    Removing drv_rf24l01.o(i.NRF24L01_Flush_Rx_Fifo), (40 bytes).
    Removing drv_rf24l01.o(i.NRF24L01_Flush_Tx_Fifo), (40 bytes).
    Removing drv_rf24l01.o(i.NRF24L01_Nop), (40 bytes).
    Removing drv_rf24l01.o(i.NRF24L01_Read_Buf), (72 bytes).
    Removing drv_rf24l01.o(i.NRF24L01_Read_Rx_Payload), (100 bytes).
    Removing drv_rf24l01.o(i.NRF24L01_Read_Top_Fifo_Width), (52 bytes).
    Removing drv_rf24l01.o(i.NRF24L01_Reuse_Tx_Payload), (40 bytes).
    Removing drv_rf24l01.o(i.NRF24L01_RxPacket), (164 bytes).
    Removing drv_rf24l01.o(i.NRF24L01_Set_Speed), (60 bytes).
    Removing drv_rf24l01.o(i.NRF24L01_Write_Tx_Payload_Ack), (88 bytes).
    Removing drv_rf24l01.o(i.NRF24L01_Write_Tx_Payload_InAck), (80 bytes).
    Removing drv_rf24l01.o(i.NRF24L01_Write_Tx_Payload_NoAck), (80 bytes).
    Removing drv_rf24l01.o(i.NRF24L01_check), (100 bytes).
    Removing drv_rf24l01.o(i.NRF_Intercommunication), (116 bytes).
    Removing drv_rf24l01.o(i.RF24L01_Read_IRQ_Status), (16 bytes).
    Removing drv_rf24l01.o(i.RF24LL01_Write_Hopping_Point), (20 bytes).
    Removing lcd.o(.rev16_text), (4 bytes).
    Removing lcd.o(.revsh_text), (4 bytes).
    Removing lcd.o(.rrx_text), (6 bytes).
    Removing lcd.o(i.Draw_Circle), (192 bytes).
    Removing lcd.o(i.LCD_DrawLine), (188 bytes).
    Removing lcd.o(i.LCD_DrawRectangle), (96 bytes).
    Removing lcd.o(i.LCD_ShowChinese), (168 bytes).
    Removing lcd.o(i.LCD_ShowChinese12x12), (368 bytes).
    Removing lcd.o(i.LCD_ShowChinese16x16), (352 bytes).
    Removing lcd.o(i.LCD_ShowChinese24x24), (368 bytes).
    Removing lcd.o(i.LCD_ShowChinese32x32), (352 bytes).
    Removing lcd.o(i.LCD_ShowIntNum), (180 bytes).
    Removing lcd.o(i.LCD_ShowPicture), (132 bytes).
    Removing lcd.o(i.LCD_spi_BLK_Clr), (20 bytes).
    Removing zk.o(.rev16_text), (4 bytes).
    Removing zk.o(.revsh_text), (4 bytes).
    Removing zk.o(.rrx_text), (6 bytes).
    Removing zk.o(i.Display_Arial_String), (232 bytes).
    Removing zk.o(i.Display_Arial_TimesNewRoman), (220 bytes).
    Removing zk.o(i.Display_Asc), (248 bytes).
    Removing zk.o(i.Display_Asc_String), (276 bytes).
    Removing zk.o(i.Display_GB2312), (216 bytes).
    Removing zk.o(i.Display_GB2312_String), (324 bytes).
    Removing zk.o(i.Display_TimesNewRoman_String), (232 bytes).
    Removing zk.o(i.SPI1_ReadWriteByte), (84 bytes).
    Removing zk.o(i.SPI_I2S_ReceiveData), (10 bytes).
    Removing zk.o(i.ZK_command), (14 bytes).
    Removing zk.o(i.get_data_from_ROM), (10 bytes).
    Removing zk.o(i.get_n_bytes_data_from_ROM), (96 bytes).
    Removing zk.o(.bss), (130 bytes).
    Removing lcd_bsp.o(.rev16_text), (4 bytes).
    Removing lcd_bsp.o(.revsh_text), (4 bytes).
    Removing lcd_bsp.o(.rrx_text), (6 bytes).
    Removing fdiv.o(.text), (124 bytes).

552 unused section(s) (total 49834 bytes) removed from the image.

==============================================================================

Image Symbol Table

    Local Symbols

    Symbol Name                              Value     Ov Type        Size  Object(Section)

    ../Core/Src/adc.c                        0x00000000   Number         0  adc.o ABSOLUTE
    ../Core/Src/dma.c                        0x00000000   Number         0  dma.o ABSOLUTE
    ../Core/Src/gpio.c                       0x00000000   Number         0  gpio.o ABSOLUTE
    ../Core/Src/main.c                       0x00000000   Number         0  main.o ABSOLUTE
    ../Core/Src/spi.c                        0x00000000   Number         0  spi.o ABSOLUTE
    ../Core/Src/stm32f1xx_hal_msp.c          0x00000000   Number         0  stm32f1xx_hal_msp.o ABSOLUTE
    ../Core/Src/stm32f1xx_it.c               0x00000000   Number         0  stm32f1xx_it.o ABSOLUTE
    ../Core/Src/system_stm32f1xx.c           0x00000000   Number         0  system_stm32f1xx.o ABSOLUTE
    ../Core/Src/tim.c                        0x00000000   Number         0  tim.o ABSOLUTE
    ../Core/Src/usart.c                      0x00000000   Number         0  usart.o ABSOLUTE
    ../Drivers/STM32F1xx_HAL_Driver/Src/stm32f1xx_hal.c 0x00000000   Number         0  stm32f1xx_hal.o ABSOLUTE
    ../Drivers/STM32F1xx_HAL_Driver/Src/stm32f1xx_hal_adc.c 0x00000000   Number         0  stm32f1xx_hal_adc.o ABSOLUTE
    ../Drivers/STM32F1xx_HAL_Driver/Src/stm32f1xx_hal_adc_ex.c 0x00000000   Number         0  stm32f1xx_hal_adc_ex.o ABSOLUTE
    ../Drivers/STM32F1xx_HAL_Driver/Src/stm32f1xx_hal_cortex.c 0x00000000   Number         0  stm32f1xx_hal_cortex.o ABSOLUTE
    ../Drivers/STM32F1xx_HAL_Driver/Src/stm32f1xx_hal_dma.c 0x00000000   Number         0  stm32f1xx_hal_dma.o ABSOLUTE
    ../Drivers/STM32F1xx_HAL_Driver/Src/stm32f1xx_hal_exti.c 0x00000000   Number         0  stm32f1xx_hal_exti.o ABSOLUTE
    ../Drivers/STM32F1xx_HAL_Driver/Src/stm32f1xx_hal_flash.c 0x00000000   Number         0  stm32f1xx_hal_flash.o ABSOLUTE
    ../Drivers/STM32F1xx_HAL_Driver/Src/stm32f1xx_hal_flash_ex.c 0x00000000   Number         0  stm32f1xx_hal_flash_ex.o ABSOLUTE
    ../Drivers/STM32F1xx_HAL_Driver/Src/stm32f1xx_hal_gpio.c 0x00000000   Number         0  stm32f1xx_hal_gpio.o ABSOLUTE
    ../Drivers/STM32F1xx_HAL_Driver/Src/stm32f1xx_hal_gpio_ex.c 0x00000000   Number         0  stm32f1xx_hal_gpio_ex.o ABSOLUTE
    ../Drivers/STM32F1xx_HAL_Driver/Src/stm32f1xx_hal_pwr.c 0x00000000   Number         0  stm32f1xx_hal_pwr.o ABSOLUTE
    ../Drivers/STM32F1xx_HAL_Driver/Src/stm32f1xx_hal_rcc.c 0x00000000   Number         0  stm32f1xx_hal_rcc.o ABSOLUTE
    ../Drivers/STM32F1xx_HAL_Driver/Src/stm32f1xx_hal_rcc_ex.c 0x00000000   Number         0  stm32f1xx_hal_rcc_ex.o ABSOLUTE
    ../Drivers/STM32F1xx_HAL_Driver/Src/stm32f1xx_hal_spi.c 0x00000000   Number         0  stm32f1xx_hal_spi.o ABSOLUTE
    ../Drivers/STM32F1xx_HAL_Driver/Src/stm32f1xx_hal_tim.c 0x00000000   Number         0  stm32f1xx_hal_tim.o ABSOLUTE
    ../Drivers/STM32F1xx_HAL_Driver/Src/stm32f1xx_hal_tim_ex.c 0x00000000   Number         0  stm32f1xx_hal_tim_ex.o ABSOLUTE
    ../Drivers/STM32F1xx_HAL_Driver/Src/stm32f1xx_hal_uart.c 0x00000000   Number         0  stm32f1xx_hal_uart.o ABSOLUTE
    ../clib/microlib/init/entry.s            0x00000000   Number         0  entry9b.o ABSOLUTE
    ../clib/microlib/init/entry.s            0x00000000   Number         0  entry5.o ABSOLUTE
    ../clib/microlib/init/entry.s            0x00000000   Number         0  entry10a.o ABSOLUTE
    ../clib/microlib/init/entry.s            0x00000000   Number         0  entry2.o ABSOLUTE
    ../clib/microlib/init/entry.s            0x00000000   Number         0  entry7a.o ABSOLUTE
    ../clib/microlib/init/entry.s            0x00000000   Number         0  entry10b.o ABSOLUTE
    ../clib/microlib/init/entry.s            0x00000000   Number         0  entry11a.o ABSOLUTE
    ../clib/microlib/init/entry.s            0x00000000   Number         0  entry7b.o ABSOLUTE
    ../clib/microlib/init/entry.s            0x00000000   Number         0  entry11b.o ABSOLUTE
    ../clib/microlib/init/entry.s            0x00000000   Number         0  entry8a.o ABSOLUTE
    ../clib/microlib/init/entry.s            0x00000000   Number         0  entry.o ABSOLUTE
    ../clib/microlib/init/entry.s            0x00000000   Number         0  entry8b.o ABSOLUTE
    ../clib/microlib/init/entry.s            0x00000000   Number         0  entry9a.o ABSOLUTE
    ../clib/microlib/longlong.c              0x00000000   Number         0  llushr.o ABSOLUTE
    ../clib/microlib/string/memcpy.c         0x00000000   Number         0  memcpya.o ABSOLUTE
    ../clib/microlib/string/memcpy.c         0x00000000   Number         0  memcpyb.o ABSOLUTE
    ../clib/microlib/string/memset.c         0x00000000   Number         0  memseta.o ABSOLUTE
    ../clib/microlib/stubs.s                 0x00000000   Number         0  iusefp.o ABSOLUTE
    ../fplib/microlib/fpdiv.c                0x00000000   Number         0  fdiv.o ABSOLUTE
    ../fplib/microlib/fpepilogue.c           0x00000000   Number         0  fepilogue.o ABSOLUTE
    ../fplib/microlib/fpfix.c                0x00000000   Number         0  ffixui.o ABSOLUTE
    ../fplib/microlib/fpflt.c                0x00000000   Number         0  ffltui.o ABSOLUTE
    ../fplib/microlib/fpflt.c                0x00000000   Number         0  fflti.o ABSOLUTE
    ../fplib/microlib/fpmul.c                0x00000000   Number         0  fmul.o ABSOLUTE
    ..\Core\Src\adc.c                        0x00000000   Number         0  adc.o ABSOLUTE
    ..\Core\Src\debug.c                      0x00000000   Number         0  debug.o ABSOLUTE
    ..\Core\Src\dma.c                        0x00000000   Number         0  dma.o ABSOLUTE
    ..\Core\Src\gpio.c                       0x00000000   Number         0  gpio.o ABSOLUTE
    ..\Core\Src\main.c                       0x00000000   Number         0  main.o ABSOLUTE
    ..\Core\Src\remote_control.c             0x00000000   Number         0  remote_control.o ABSOLUTE
    ..\Core\Src\spi.c                        0x00000000   Number         0  spi.o ABSOLUTE
    ..\Core\Src\stm32f1xx_hal_msp.c          0x00000000   Number         0  stm32f1xx_hal_msp.o ABSOLUTE
    ..\Core\Src\stm32f1xx_it.c               0x00000000   Number         0  stm32f1xx_it.o ABSOLUTE
    ..\Core\Src\system_stm32f1xx.c           0x00000000   Number         0  system_stm32f1xx.o ABSOLUTE
    ..\Core\Src\tim.c                        0x00000000   Number         0  tim.o ABSOLUTE
    ..\Core\Src\usart.c                      0x00000000   Number         0  usart.o ABSOLUTE
    ..\Drivers\STM32F1xx_HAL_Driver\Src\stm32f1xx_hal.c 0x00000000   Number         0  stm32f1xx_hal.o ABSOLUTE
    ..\Drivers\STM32F1xx_HAL_Driver\Src\stm32f1xx_hal_adc.c 0x00000000   Number         0  stm32f1xx_hal_adc.o ABSOLUTE
    ..\Drivers\STM32F1xx_HAL_Driver\Src\stm32f1xx_hal_adc_ex.c 0x00000000   Number         0  stm32f1xx_hal_adc_ex.o ABSOLUTE
    ..\Drivers\STM32F1xx_HAL_Driver\Src\stm32f1xx_hal_cortex.c 0x00000000   Number         0  stm32f1xx_hal_cortex.o ABSOLUTE
    ..\Drivers\STM32F1xx_HAL_Driver\Src\stm32f1xx_hal_dma.c 0x00000000   Number         0  stm32f1xx_hal_dma.o ABSOLUTE
    ..\Drivers\STM32F1xx_HAL_Driver\Src\stm32f1xx_hal_exti.c 0x00000000   Number         0  stm32f1xx_hal_exti.o ABSOLUTE
    ..\Drivers\STM32F1xx_HAL_Driver\Src\stm32f1xx_hal_flash.c 0x00000000   Number         0  stm32f1xx_hal_flash.o ABSOLUTE
    ..\Drivers\STM32F1xx_HAL_Driver\Src\stm32f1xx_hal_flash_ex.c 0x00000000   Number         0  stm32f1xx_hal_flash_ex.o ABSOLUTE
    ..\Drivers\STM32F1xx_HAL_Driver\Src\stm32f1xx_hal_gpio.c 0x00000000   Number         0  stm32f1xx_hal_gpio.o ABSOLUTE
    ..\Drivers\STM32F1xx_HAL_Driver\Src\stm32f1xx_hal_gpio_ex.c 0x00000000   Number         0  stm32f1xx_hal_gpio_ex.o ABSOLUTE
    ..\Drivers\STM32F1xx_HAL_Driver\Src\stm32f1xx_hal_pwr.c 0x00000000   Number         0  stm32f1xx_hal_pwr.o ABSOLUTE
    ..\Drivers\STM32F1xx_HAL_Driver\Src\stm32f1xx_hal_rcc.c 0x00000000   Number         0  stm32f1xx_hal_rcc.o ABSOLUTE
    ..\Drivers\STM32F1xx_HAL_Driver\Src\stm32f1xx_hal_rcc_ex.c 0x00000000   Number         0  stm32f1xx_hal_rcc_ex.o ABSOLUTE
    ..\Drivers\STM32F1xx_HAL_Driver\Src\stm32f1xx_hal_spi.c 0x00000000   Number         0  stm32f1xx_hal_spi.o ABSOLUTE
    ..\Drivers\STM32F1xx_HAL_Driver\Src\stm32f1xx_hal_tim.c 0x00000000   Number         0  stm32f1xx_hal_tim.o ABSOLUTE
    ..\Drivers\STM32F1xx_HAL_Driver\Src\stm32f1xx_hal_tim_ex.c 0x00000000   Number         0  stm32f1xx_hal_tim_ex.o ABSOLUTE
    ..\Drivers\STM32F1xx_HAL_Driver\Src\stm32f1xx_hal_uart.c 0x00000000   Number         0  stm32f1xx_hal_uart.o ABSOLUTE
    ..\Drv\app_lcd\lcd.c                     0x00000000   Number         0  lcd.o ABSOLUTE
    ..\Drv\app_lcd\zk.c                      0x00000000   Number         0  zk.o ABSOLUTE
    ..\Drv\bsp_lcd\lcd_bsp.c                 0x00000000   Number         0  lcd_bsp.o ABSOLUTE
    ..\Drv\drv_mcu\src\drv_spi.c             0x00000000   Number         0  drv_spi.o ABSOLUTE
    ..\Drv\drv_periph\src\drv_RF24L01.c      0x00000000   Number         0  drv_rf24l01.o ABSOLUTE
    ..\\Core\\Src\\debug.c                   0x00000000   Number         0  debug.o ABSOLUTE
    ..\\Core\\Src\\remote_control.c          0x00000000   Number         0  remote_control.o ABSOLUTE
    ..\\Drv\\app_lcd\\lcd.c                  0x00000000   Number         0  lcd.o ABSOLUTE
    ..\\Drv\\app_lcd\\zk.c                   0x00000000   Number         0  zk.o ABSOLUTE
    ..\\Drv\\bsp_lcd\\lcd_bsp.c              0x00000000   Number         0  lcd_bsp.o ABSOLUTE
    ..\\Drv\\drv_mcu\\src\\drv_spi.c         0x00000000   Number         0  drv_spi.o ABSOLUTE
    ..\\Drv\\drv_periph\\src\\drv_RF24L01.c  0x00000000   Number         0  drv_rf24l01.o ABSOLUTE
    dc.s                                     0x00000000   Number         0  dc.o ABSOLUTE
    handlers.s                               0x00000000   Number         0  handlers.o ABSOLUTE
    init.s                                   0x00000000   Number         0  init.o ABSOLUTE
    startup_stm32f103xb.s                    0x00000000   Number         0  startup_stm32f103xb.o ABSOLUTE
    RESET                                    0x08000000   Section      236  startup_stm32f103xb.o(RESET)
    .ARM.Collect$$$$00000000                 0x080000ec   Section        0  entry.o(.ARM.Collect$$$$00000000)
    .ARM.Collect$$$$00000001                 0x080000ec   Section        4  entry2.o(.ARM.Collect$$$$00000001)
    .ARM.Collect$$$$00000004                 0x080000f0   Section        4  entry5.o(.ARM.Collect$$$$00000004)
    .ARM.Collect$$$$00000008                 0x080000f4   Section        0  entry7b.o(.ARM.Collect$$$$00000008)
    .ARM.Collect$$$$0000000A                 0x080000f4   Section        0  entry8b.o(.ARM.Collect$$$$0000000A)
    .ARM.Collect$$$$0000000B                 0x080000f4   Section        8  entry9a.o(.ARM.Collect$$$$0000000B)
    .ARM.Collect$$$$0000000D                 0x080000fc   Section        0  entry10a.o(.ARM.Collect$$$$0000000D)
    .ARM.Collect$$$$0000000F                 0x080000fc   Section        0  entry11a.o(.ARM.Collect$$$$0000000F)
    .ARM.Collect$$$$00002712                 0x080000fc   Section        4  entry2.o(.ARM.Collect$$$$00002712)
    __lit__00000000                          0x080000fc   Data           4  entry2.o(.ARM.Collect$$$$00002712)
    .text                                    0x08000100   Section       36  startup_stm32f103xb.o(.text)
    .text                                    0x08000124   Section        0  memcpya.o(.text)
    .text                                    0x08000148   Section        0  memseta.o(.text)
    .text                                    0x0800016c   Section        0  fmul.o(.text)
    .text                                    0x080001d0   Section        0  fflti.o(.text)
    .text                                    0x080001e2   Section        0  ffltui.o(.text)
    .text                                    0x080001ec   Section        0  ffixui.o(.text)
    .text                                    0x08000214   Section        0  iusefp.o(.text)
    .text                                    0x08000214   Section        0  fepilogue.o(.text)
    .text                                    0x08000284   Section       36  init.o(.text)
    i.ADC1_Value_average                     0x080002a8   Section        0  adc.o(i.ADC1_Value_average)
    i.ADC_ConversionStop_Disable             0x08000368   Section        0  stm32f1xx_hal_adc.o(i.ADC_ConversionStop_Disable)
    i.ADC_DMAConvCplt                        0x080003c4   Section        0  stm32f1xx_hal_adc.o(i.ADC_DMAConvCplt)
    i.ADC_DMAError                           0x08000416   Section        0  stm32f1xx_hal_adc.o(i.ADC_DMAError)
    i.ADC_DMAHalfConvCplt                    0x08000434   Section        0  stm32f1xx_hal_adc.o(i.ADC_DMAHalfConvCplt)
    i.ADC_Enable                             0x08000444   Section        0  stm32f1xx_hal_adc.o(i.ADC_Enable)
    i.BusFault_Handler                       0x080004d4   Section        0  stm32f1xx_it.o(i.BusFault_Handler)
    i.DMA1_Channel1_IRQHandler               0x080004d8   Section        0  stm32f1xx_it.o(i.DMA1_Channel1_IRQHandler)
    i.DMA_SetConfig                          0x080004e8   Section        0  stm32f1xx_hal_dma.o(i.DMA_SetConfig)
    DMA_SetConfig                            0x080004e9   Thumb Code    44  stm32f1xx_hal_dma.o(i.DMA_SetConfig)
    i.DebugMon_Handler                       0x08000514   Section        0  stm32f1xx_it.o(i.DebugMon_Handler)
    i.Error_Handler                          0x08000516   Section        0  main.o(i.Error_Handler)
    i.HAL_ADC_ConfigChannel                  0x0800051c   Section        0  stm32f1xx_hal_adc.o(i.HAL_ADC_ConfigChannel)
    i.HAL_ADC_ConvCpltCallback               0x0800067c   Section        0  stm32f1xx_hal_adc.o(i.HAL_ADC_ConvCpltCallback)
    i.HAL_ADC_ConvHalfCpltCallback           0x0800067e   Section        0  stm32f1xx_hal_adc.o(i.HAL_ADC_ConvHalfCpltCallback)
    i.HAL_ADC_ErrorCallback                  0x08000680   Section        0  stm32f1xx_hal_adc.o(i.HAL_ADC_ErrorCallback)
    i.HAL_ADC_Init                           0x08000684   Section        0  stm32f1xx_hal_adc.o(i.HAL_ADC_Init)
    i.HAL_ADC_MspInit                        0x080007c8   Section        0  adc.o(i.HAL_ADC_MspInit)
    i.HAL_ADC_Start_DMA                      0x08000874   Section        0  stm32f1xx_hal_adc.o(i.HAL_ADC_Start_DMA)
    i.HAL_DMA_Abort_IT                       0x080009f4   Section        0  stm32f1xx_hal_dma.o(i.HAL_DMA_Abort_IT)
    i.HAL_DMA_IRQHandler                     0x08000aa4   Section        0  stm32f1xx_hal_dma.o(i.HAL_DMA_IRQHandler)
    i.HAL_DMA_Init                           0x08000c40   Section        0  stm32f1xx_hal_dma.o(i.HAL_DMA_Init)
    i.HAL_DMA_Start_IT                       0x08000ca8   Section        0  stm32f1xx_hal_dma.o(i.HAL_DMA_Start_IT)
    i.HAL_Delay                              0x08000d44   Section        0  stm32f1xx_hal.o(i.HAL_Delay)
    i.HAL_GPIO_Init                          0x08000d6c   Section        0  stm32f1xx_hal_gpio.o(i.HAL_GPIO_Init)
    i.HAL_GPIO_ReadPin                       0x0800108c   Section        0  stm32f1xx_hal_gpio.o(i.HAL_GPIO_ReadPin)
    i.HAL_GPIO_WritePin                      0x0800109c   Section        0  stm32f1xx_hal_gpio.o(i.HAL_GPIO_WritePin)
    i.HAL_GetTick                            0x080010a8   Section        0  stm32f1xx_hal.o(i.HAL_GetTick)
    i.HAL_IncTick                            0x080010b4   Section        0  stm32f1xx_hal.o(i.HAL_IncTick)
    i.HAL_Init                               0x080010cc   Section        0  stm32f1xx_hal.o(i.HAL_Init)
    i.HAL_InitTick                           0x080010f4   Section        0  stm32f1xx_hal.o(i.HAL_InitTick)
    i.HAL_MspInit                            0x08001140   Section        0  stm32f1xx_hal_msp.o(i.HAL_MspInit)
    i.HAL_NVIC_EnableIRQ                     0x080011a4   Section        0  stm32f1xx_hal_cortex.o(i.HAL_NVIC_EnableIRQ)
    i.HAL_NVIC_SetPriority                   0x080011c4   Section        0  stm32f1xx_hal_cortex.o(i.HAL_NVIC_SetPriority)
    i.HAL_NVIC_SetPriorityGrouping           0x08001240   Section        0  stm32f1xx_hal_cortex.o(i.HAL_NVIC_SetPriorityGrouping)
    i.HAL_RCCEx_PeriphCLKConfig              0x08001268   Section        0  stm32f1xx_hal_rcc_ex.o(i.HAL_RCCEx_PeriphCLKConfig)
    i.HAL_RCC_ClockConfig                    0x08001398   Section        0  stm32f1xx_hal_rcc.o(i.HAL_RCC_ClockConfig)
    i.HAL_RCC_GetHCLKFreq                    0x08001524   Section        0  stm32f1xx_hal_rcc.o(i.HAL_RCC_GetHCLKFreq)
    i.HAL_RCC_GetPCLK1Freq                   0x08001530   Section        0  stm32f1xx_hal_rcc.o(i.HAL_RCC_GetPCLK1Freq)
    i.HAL_RCC_GetPCLK2Freq                   0x08001550   Section        0  stm32f1xx_hal_rcc.o(i.HAL_RCC_GetPCLK2Freq)
    i.HAL_RCC_GetSysClockFreq                0x08001570   Section        0  stm32f1xx_hal_rcc.o(i.HAL_RCC_GetSysClockFreq)
    i.HAL_RCC_OscConfig                      0x080015e0   Section        0  stm32f1xx_hal_rcc.o(i.HAL_RCC_OscConfig)
    i.HAL_SPI_ErrorCallback                  0x08001a44   Section        0  stm32f1xx_hal_spi.o(i.HAL_SPI_ErrorCallback)
    i.HAL_SPI_IRQHandler                     0x08001a48   Section        0  stm32f1xx_hal_spi.o(i.HAL_SPI_IRQHandler)
    i.HAL_SPI_Init                           0x08001b7c   Section        0  stm32f1xx_hal_spi.o(i.HAL_SPI_Init)
    i.HAL_SPI_MspInit                        0x08001c3c   Section        0  spi.o(i.HAL_SPI_MspInit)
    i.HAL_SPI_Transmit                       0x08001d64   Section        0  stm32f1xx_hal_spi.o(i.HAL_SPI_Transmit)
    i.HAL_SPI_TransmitReceive                0x08001f20   Section        0  stm32f1xx_hal_spi.o(i.HAL_SPI_TransmitReceive)
    i.HAL_SYSTICK_Config                     0x08002160   Section        0  stm32f1xx_hal_cortex.o(i.HAL_SYSTICK_Config)
    i.HAL_TIMEx_BreakCallback                0x08002194   Section        0  stm32f1xx_hal_tim_ex.o(i.HAL_TIMEx_BreakCallback)
    i.HAL_TIMEx_CommutCallback               0x08002196   Section        0  stm32f1xx_hal_tim_ex.o(i.HAL_TIMEx_CommutCallback)
    i.HAL_TIMEx_MasterConfigSynchronization  0x08002198   Section        0  stm32f1xx_hal_tim_ex.o(i.HAL_TIMEx_MasterConfigSynchronization)
    i.HAL_TIM_Base_Init                      0x0800221c   Section        0  stm32f1xx_hal_tim.o(i.HAL_TIM_Base_Init)
    i.HAL_TIM_Base_MspInit                   0x08002284   Section        0  tim.o(i.HAL_TIM_Base_MspInit)
    i.HAL_TIM_Base_Start_IT                  0x0800230c   Section        0  stm32f1xx_hal_tim.o(i.HAL_TIM_Base_Start_IT)
    i.HAL_TIM_ConfigClockSource              0x08002384   Section        0  stm32f1xx_hal_tim.o(i.HAL_TIM_ConfigClockSource)
    i.HAL_TIM_IC_CaptureCallback             0x08002490   Section        0  stm32f1xx_hal_tim.o(i.HAL_TIM_IC_CaptureCallback)
    i.HAL_TIM_IRQHandler                     0x08002492   Section        0  stm32f1xx_hal_tim.o(i.HAL_TIM_IRQHandler)
    i.HAL_TIM_OC_DelayElapsedCallback        0x08002628   Section        0  stm32f1xx_hal_tim.o(i.HAL_TIM_OC_DelayElapsedCallback)
    i.HAL_TIM_PWM_PulseFinishedCallback      0x0800262a   Section        0  stm32f1xx_hal_tim.o(i.HAL_TIM_PWM_PulseFinishedCallback)
    i.HAL_TIM_PeriodElapsedCallback          0x0800262c   Section        0  main.o(i.HAL_TIM_PeriodElapsedCallback)
    i.HAL_TIM_TriggerCallback                0x08002654   Section        0  stm32f1xx_hal_tim.o(i.HAL_TIM_TriggerCallback)
    i.HAL_UART_Init                          0x08002656   Section        0  stm32f1xx_hal_uart.o(i.HAL_UART_Init)
    i.HAL_UART_MspInit                       0x080026cc   Section        0  usart.o(i.HAL_UART_MspInit)
    i.HAL_UART_Transmit                      0x08002768   Section        0  stm32f1xx_hal_uart.o(i.HAL_UART_Transmit)
    i.HardFault_Handler                      0x0800281a   Section        0  stm32f1xx_it.o(i.HardFault_Handler)
    i.LCD_Address_Set                        0x0800281e   Section        0  lcd_bsp.o(i.LCD_Address_Set)
    i.LCD_DrawPoint                          0x08002878   Section        0  lcd.o(i.LCD_DrawPoint)
    i.LCD_Fill                               0x080028ac   Section        0  lcd.o(i.LCD_Fill)
    i.LCD_Init                               0x08002910   Section        0  lcd.o(i.LCD_Init)
    i.LCD_ShowChar                           0x08002c44   Section        0  lcd.o(i.LCD_ShowChar)
    i.LCD_ShowFloatNum1                      0x08002db4   Section        0  lcd.o(i.LCD_ShowFloatNum1)
    i.LCD_ShowString                         0x08002e74   Section        0  lcd.o(i.LCD_ShowString)
    i.LCD_WR_DATA                            0x08002ec0   Section        0  lcd_bsp.o(i.LCD_WR_DATA)
    i.LCD_WR_DATA8                           0x08002ede   Section        0  lcd_bsp.o(i.LCD_WR_DATA8)
    i.LCD_WR_REG                             0x08002ef2   Section        0  lcd_bsp.o(i.LCD_WR_REG)
    i.LCD_Writ_Bus                           0x08002f0e   Section        0  lcd_bsp.o(i.LCD_Writ_Bus)
    i.LCD_spi_BLK_Set                        0x08002f28   Section        0  lcd.o(i.LCD_spi_BLK_Set)
    i.LCD_spi_CS_Clr                         0x08002f3c   Section        0  lcd.o(i.LCD_spi_CS_Clr)
    i.LCD_spi_CS_Set                         0x08002f50   Section        0  lcd.o(i.LCD_spi_CS_Set)
    i.LCD_spi_DC_Clr                         0x08002f64   Section        0  lcd.o(i.LCD_spi_DC_Clr)
    i.LCD_spi_DC_Set                         0x08002f78   Section        0  lcd.o(i.LCD_spi_DC_Set)
    i.LCD_spi_RES_Clr                        0x08002f8c   Section        0  lcd.o(i.LCD_spi_RES_Clr)
    i.LCD_spi_RES_Set                        0x08002fa0   Section        0  lcd.o(i.LCD_spi_RES_Set)
    i.LCD_spi_trans                          0x08002fb4   Section        0  lcd.o(i.LCD_spi_trans)
    LCD_spi_trans                            0x08002fb5   Thumb Code    30  lcd.o(i.LCD_spi_trans)
    i.MX_ADC1_Init                           0x08002fd4   Section        0  adc.o(i.MX_ADC1_Init)
    i.MX_DMA_Init                            0x08003074   Section        0  dma.o(i.MX_DMA_Init)
    i.MX_GPIO_Init                           0x080030a8   Section        0  gpio.o(i.MX_GPIO_Init)
    i.MX_SPI1_Init                           0x08003184   Section        0  spi.o(i.MX_SPI1_Init)
    i.MX_SPI2_Init                           0x080031c8   Section        0  spi.o(i.MX_SPI2_Init)
    i.MX_TIM1_Init                           0x0800320c   Section        0  tim.o(i.MX_TIM1_Init)
    i.MX_TIM2_Init                           0x0800327c   Section        0  tim.o(i.MX_TIM2_Init)
    i.MX_USART1_UART_Init                    0x080032e8   Section        0  usart.o(i.MX_USART1_UART_Init)
    i.MemManage_Handler                      0x08003320   Section        0  stm32f1xx_it.o(i.MemManage_Handler)
    i.NMI_Handler                            0x08003324   Section        0  stm32f1xx_it.o(i.NMI_Handler)
    i.NRF24L01_Clear_IRQ_Flag                0x08003328   Section        0  drv_rf24l01.o(i.NRF24L01_Clear_IRQ_Flag)
    i.NRF24L01_RT                            0x08003370   Section        0  drv_rf24l01.o(i.NRF24L01_RT)
    NRF24L01_RT                              0x08003371   Thumb Code    16  drv_rf24l01.o(i.NRF24L01_RT)
    i.NRF24L01_Read_Reg                      0x08003380   Section        0  drv_rf24l01.o(i.NRF24L01_Read_Reg)
    i.NRF24L01_Read_Status_Register          0x080033b4   Section        0  drv_rf24l01.o(i.NRF24L01_Read_Status_Register)
    i.NRF24L01_Set_Power                     0x080033e0   Section        0  drv_rf24l01.o(i.NRF24L01_Set_Power)
    i.NRF24L01_Set_RxAddr                    0x08003428   Section        0  drv_rf24l01.o(i.NRF24L01_Set_RxAddr)
    i.NRF24L01_Set_TxAddr                    0x08003460   Section        0  drv_rf24l01.o(i.NRF24L01_Set_TxAddr)
    i.NRF24L01_TxPacket                      0x08003484   Section        0  drv_rf24l01.o(i.NRF24L01_TxPacket)
    i.NRF24L01_Write_Buf                     0x08003548   Section        0  drv_rf24l01.o(i.NRF24L01_Write_Buf)
    i.NRF24L01_Write_Reg                     0x08003590   Section        0  drv_rf24l01.o(i.NRF24L01_Write_Reg)
    i.PendSV_Handler                         0x080035c4   Section        0  stm32f1xx_it.o(i.PendSV_Handler)
    i.RCC_Delay                              0x080035c8   Section        0  stm32f1xx_hal_rcc.o(i.RCC_Delay)
    RCC_Delay                                0x080035c9   Thumb Code    36  stm32f1xx_hal_rcc.o(i.RCC_Delay)
    i.RCC_IRQHandler                         0x080035f0   Section        0  stm32f1xx_it.o(i.RCC_IRQHandler)
    i.RF24L01_Init                           0x080035f4   Section        0  drv_rf24l01.o(i.RF24L01_Init)
    i.RF24L01_Port_Init                      0x080036b0   Section        0  drv_rf24l01.o(i.RF24L01_Port_Init)
    i.RF24L01_Set_Mode                       0x080036d4   Section        0  drv_rf24l01.o(i.RF24L01_Set_Mode)
    i.SPI1_IRQHandler                        0x08003724   Section        0  stm32f1xx_it.o(i.SPI1_IRQHandler)
    i.SPI2_IRQHandler                        0x08003734   Section        0  stm32f1xx_it.o(i.SPI2_IRQHandler)
    i.SPI_DMAAbortOnError                    0x08003744   Section        0  stm32f1xx_hal_spi.o(i.SPI_DMAAbortOnError)
    SPI_DMAAbortOnError                      0x08003745   Thumb Code    20  stm32f1xx_hal_spi.o(i.SPI_DMAAbortOnError)
    i.SPI_EndRxTxTransaction                 0x08003758   Section        0  stm32f1xx_hal_spi.o(i.SPI_EndRxTxTransaction)
    SPI_EndRxTxTransaction                   0x08003759   Thumb Code    40  stm32f1xx_hal_spi.o(i.SPI_EndRxTxTransaction)
    i.SPI_WaitFlagStateUntilTimeout          0x08003780   Section        0  stm32f1xx_hal_spi.o(i.SPI_WaitFlagStateUntilTimeout)
    SPI_WaitFlagStateUntilTimeout            0x08003781   Thumb Code   210  stm32f1xx_hal_spi.o(i.SPI_WaitFlagStateUntilTimeout)
    i.SVC_Handler                            0x08003858   Section        0  stm32f1xx_it.o(i.SVC_Handler)
    i.Send_control_message                   0x0800385c   Section        0  remote_control.o(i.Send_control_message)
    i.ShowValue                              0x080038b0   Section        0  lcd.o(i.ShowValue)
    i.SysTick_Handler                        0x08003b6c   Section        0  stm32f1xx_it.o(i.SysTick_Handler)
    i.SystemClock_Config                     0x08003b74   Section        0  main.o(i.SystemClock_Config)
    i.SystemInit                             0x08003bf8   Section        0  system_stm32f1xx.o(i.SystemInit)
    i.TFT_LCD_Init                           0x08003bfc   Section        0  lcd.o(i.TFT_LCD_Init)
    i.TIM1_BRK_IRQHandler                    0x08003c1c   Section        0  stm32f1xx_it.o(i.TIM1_BRK_IRQHandler)
    i.TIM1_UP_IRQHandler                     0x08003c2c   Section        0  stm32f1xx_it.o(i.TIM1_UP_IRQHandler)
    i.TIM2_IRQHandler                        0x08003c3c   Section        0  stm32f1xx_it.o(i.TIM2_IRQHandler)
    i.TIM_Base_SetConfig                     0x08003c4c   Section        0  stm32f1xx_hal_tim.o(i.TIM_Base_SetConfig)
    i.TIM_ETR_SetConfig                      0x08003cc0   Section        0  stm32f1xx_hal_tim.o(i.TIM_ETR_SetConfig)
    i.TIM_ITRx_SetConfig                     0x08003cd6   Section        0  stm32f1xx_hal_tim.o(i.TIM_ITRx_SetConfig)
    TIM_ITRx_SetConfig                       0x08003cd7   Thumb Code    18  stm32f1xx_hal_tim.o(i.TIM_ITRx_SetConfig)
    i.TIM_TI1_ConfigInputStage               0x08003ce8   Section        0  stm32f1xx_hal_tim.o(i.TIM_TI1_ConfigInputStage)
    TIM_TI1_ConfigInputStage                 0x08003ce9   Thumb Code    38  stm32f1xx_hal_tim.o(i.TIM_TI1_ConfigInputStage)
    i.TIM_TI2_ConfigInputStage               0x08003d0e   Section        0  stm32f1xx_hal_tim.o(i.TIM_TI2_ConfigInputStage)
    TIM_TI2_ConfigInputStage                 0x08003d0f   Thumb Code    40  stm32f1xx_hal_tim.o(i.TIM_TI2_ConfigInputStage)
    i.Tx_Data_Prepare                        0x08003d38   Section        0  remote_control.o(i.Tx_Data_Prepare)
    i.UART_SetConfig                         0x08003ed4   Section        0  stm32f1xx_hal_uart.o(i.UART_SetConfig)
    UART_SetConfig                           0x08003ed5   Thumb Code   248  stm32f1xx_hal_uart.o(i.UART_SetConfig)
    i.UART_WaitOnFlagUntilTimeout            0x08003fd0   Section        0  stm32f1xx_hal_uart.o(i.UART_WaitOnFlagUntilTimeout)
    UART_WaitOnFlagUntilTimeout              0x08003fd1   Thumb Code   146  stm32f1xx_hal_uart.o(i.UART_WaitOnFlagUntilTimeout)
    i.UsageFault_Handler                     0x08004062   Section        0  stm32f1xx_it.o(i.UsageFault_Handler)
    i.__NVIC_GetPriorityGrouping             0x08004068   Section        0  stm32f1xx_hal_cortex.o(i.__NVIC_GetPriorityGrouping)
    __NVIC_GetPriorityGrouping               0x08004069   Thumb Code    10  stm32f1xx_hal_cortex.o(i.__NVIC_GetPriorityGrouping)
    i.__NVIC_SetPriority                     0x08004078   Section        0  stm32f1xx_hal_cortex.o(i.__NVIC_SetPriority)
    __NVIC_SetPriority                       0x08004079   Thumb Code    32  stm32f1xx_hal_cortex.o(i.__NVIC_SetPriority)
    i.__scatterload_copy                     0x080040a0   Section       14  handlers.o(i.__scatterload_copy)
    i.__scatterload_null                     0x080040ae   Section        2  handlers.o(i.__scatterload_null)
    i.__scatterload_zeroinit                 0x080040b0   Section       14  handlers.o(i.__scatterload_zeroinit)
    i.drv_spi_read_write_byte                0x080040be   Section        0  drv_spi.o(i.drv_spi_read_write_byte)
    i.main                                   0x080040e4   Section        0  main.o(i.main)
    i.mypow                                  0x080041e8   Section        0  lcd.o(i.mypow)
    .constdata                               0x080041fe   Section       18  stm32f1xx_hal_rcc.o(.constdata)
    aPLLMULFactorTable                       0x080041fe   Data          16  stm32f1xx_hal_rcc.o(.constdata)
    aPredivFactorTable                       0x0800420e   Data           2  stm32f1xx_hal_rcc.o(.constdata)
    .constdata                               0x08004210   Section       24  system_stm32f1xx.o(.constdata)
    .constdata                               0x08004228   Section    14620  lcd.o(.constdata)
    .conststring                             0x08007b44   Section       25  drv_rf24l01.o(.conststring)
    .data                                    0x20000000   Section        3  main.o(.data)
    .data                                    0x20000004   Section       20  adc.o(.data)
    .data                                    0x20000018   Section        9  stm32f1xx_hal.o(.data)
    .data                                    0x20000024   Section        4  system_stm32f1xx.o(.data)
    .data                                    0x20000028   Section       12  drv_rf24l01.o(.data)
    .data                                    0x20000034   Section        8  lcd.o(.data)
    .bss                                     0x2000003c   Section       48  remote_control.o(.bss)
    .bss                                     0x2000006c   Section     1174  debug.o(.bss)
    .bss                                     0x20000504   Section      196  adc.o(.bss)
    .bss                                     0x200005c8   Section      176  spi.o(.bss)
    .bss                                     0x20000678   Section      144  tim.o(.bss)
    .bss                                     0x20000708   Section       72  usart.o(.bss)
    .bss                                     0x20000750   Section       70  drv_rf24l01.o(.bss)
    .bss                                     0x20000798   Section       24  lcd.o(.bss)
    STACK                                    0x200007b0   Section     1024  startup_stm32f103xb.o(STACK)

    Global Symbols

    Symbol Name                              Value     Ov Type        Size  Object(Section)

    BuildAttributes$$THM_ISAv4$P$D$K$B$S$PE$A:L22UL41UL21$X:L11$S22US41US21$IEEE1$IW$USESV6$~STKCKD$USESV7$~SHL$OTIME$ROPI$EBA8$MICROLIB$REQ8$PRES8$EABIv2 0x00000000   Number         0  anon$$obj.o ABSOLUTE
    __ARM_use_no_argv                        0x00000000   Number         0  main.o ABSOLUTE
    __cpp_initialize__aeabi_                  - Undefined Weak Reference
    __cxa_finalize                            - Undefined Weak Reference
    __decompress                              - Undefined Weak Reference
    _clock_init                               - Undefined Weak Reference
    _microlib_exit                            - Undefined Weak Reference
    __Vectors_Size                           0x000000ec   Number         0  startup_stm32f103xb.o ABSOLUTE
    __Vectors                                0x08000000   Data           4  startup_stm32f103xb.o(RESET)
    __Vectors_End                            0x080000ec   Data           0  startup_stm32f103xb.o(RESET)
    __main                                   0x080000ed   Thumb Code     0  entry.o(.ARM.Collect$$$$00000000)
    _main_stk                                0x080000ed   Thumb Code     0  entry2.o(.ARM.Collect$$$$00000001)
    _main_scatterload                        0x080000f1   Thumb Code     0  entry5.o(.ARM.Collect$$$$00000004)
    __main_after_scatterload                 0x080000f5   Thumb Code     0  entry5.o(.ARM.Collect$$$$00000004)
    _main_clock                              0x080000f5   Thumb Code     0  entry7b.o(.ARM.Collect$$$$00000008)
    _main_cpp_init                           0x080000f5   Thumb Code     0  entry8b.o(.ARM.Collect$$$$0000000A)
    _main_init                               0x080000f5   Thumb Code     0  entry9a.o(.ARM.Collect$$$$0000000B)
    __rt_final_cpp                           0x080000fd   Thumb Code     0  entry10a.o(.ARM.Collect$$$$0000000D)
    __rt_final_exit                          0x080000fd   Thumb Code     0  entry11a.o(.ARM.Collect$$$$0000000F)
    Reset_Handler                            0x08000101   Thumb Code     8  startup_stm32f103xb.o(.text)
    ADC1_2_IRQHandler                        0x0800011b   Thumb Code     0  startup_stm32f103xb.o(.text)
    CAN1_RX1_IRQHandler                      0x0800011b   Thumb Code     0  startup_stm32f103xb.o(.text)
    CAN1_SCE_IRQHandler                      0x0800011b   Thumb Code     0  startup_stm32f103xb.o(.text)
    DMA1_Channel2_IRQHandler                 0x0800011b   Thumb Code     0  startup_stm32f103xb.o(.text)
    DMA1_Channel3_IRQHandler                 0x0800011b   Thumb Code     0  startup_stm32f103xb.o(.text)
    DMA1_Channel4_IRQHandler                 0x0800011b   Thumb Code     0  startup_stm32f103xb.o(.text)
    DMA1_Channel5_IRQHandler                 0x0800011b   Thumb Code     0  startup_stm32f103xb.o(.text)
    DMA1_Channel6_IRQHandler                 0x0800011b   Thumb Code     0  startup_stm32f103xb.o(.text)
    DMA1_Channel7_IRQHandler                 0x0800011b   Thumb Code     0  startup_stm32f103xb.o(.text)
    EXTI0_IRQHandler                         0x0800011b   Thumb Code     0  startup_stm32f103xb.o(.text)
    EXTI15_10_IRQHandler                     0x0800011b   Thumb Code     0  startup_stm32f103xb.o(.text)
    EXTI1_IRQHandler                         0x0800011b   Thumb Code     0  startup_stm32f103xb.o(.text)
    EXTI2_IRQHandler                         0x0800011b   Thumb Code     0  startup_stm32f103xb.o(.text)
    EXTI3_IRQHandler                         0x0800011b   Thumb Code     0  startup_stm32f103xb.o(.text)
    EXTI4_IRQHandler                         0x0800011b   Thumb Code     0  startup_stm32f103xb.o(.text)
    EXTI9_5_IRQHandler                       0x0800011b   Thumb Code     0  startup_stm32f103xb.o(.text)
    FLASH_IRQHandler                         0x0800011b   Thumb Code     0  startup_stm32f103xb.o(.text)
    I2C1_ER_IRQHandler                       0x0800011b   Thumb Code     0  startup_stm32f103xb.o(.text)
    I2C1_EV_IRQHandler                       0x0800011b   Thumb Code     0  startup_stm32f103xb.o(.text)
    I2C2_ER_IRQHandler                       0x0800011b   Thumb Code     0  startup_stm32f103xb.o(.text)
    I2C2_EV_IRQHandler                       0x0800011b   Thumb Code     0  startup_stm32f103xb.o(.text)
    PVD_IRQHandler                           0x0800011b   Thumb Code     0  startup_stm32f103xb.o(.text)
    RTC_Alarm_IRQHandler                     0x0800011b   Thumb Code     0  startup_stm32f103xb.o(.text)
    RTC_IRQHandler                           0x0800011b   Thumb Code     0  startup_stm32f103xb.o(.text)
    TAMPER_IRQHandler                        0x0800011b   Thumb Code     0  startup_stm32f103xb.o(.text)
    TIM1_CC_IRQHandler                       0x0800011b   Thumb Code     0  startup_stm32f103xb.o(.text)
    TIM1_TRG_COM_IRQHandler                  0x0800011b   Thumb Code     0  startup_stm32f103xb.o(.text)
    TIM3_IRQHandler                          0x0800011b   Thumb Code     0  startup_stm32f103xb.o(.text)
    TIM4_IRQHandler                          0x0800011b   Thumb Code     0  startup_stm32f103xb.o(.text)
    USART1_IRQHandler                        0x0800011b   Thumb Code     0  startup_stm32f103xb.o(.text)
    USART2_IRQHandler                        0x0800011b   Thumb Code     0  startup_stm32f103xb.o(.text)
    USART3_IRQHandler                        0x0800011b   Thumb Code     0  startup_stm32f103xb.o(.text)
    USBWakeUp_IRQHandler                     0x0800011b   Thumb Code     0  startup_stm32f103xb.o(.text)
    USB_HP_CAN1_TX_IRQHandler                0x0800011b   Thumb Code     0  startup_stm32f103xb.o(.text)
    USB_LP_CAN1_RX0_IRQHandler               0x0800011b   Thumb Code     0  startup_stm32f103xb.o(.text)
    WWDG_IRQHandler                          0x0800011b   Thumb Code     0  startup_stm32f103xb.o(.text)
    __aeabi_memcpy                           0x08000125   Thumb Code    36  memcpya.o(.text)
    __aeabi_memcpy4                          0x08000125   Thumb Code     0  memcpya.o(.text)
    __aeabi_memcpy8                          0x08000125   Thumb Code     0  memcpya.o(.text)
    __aeabi_memset                           0x08000149   Thumb Code    14  memseta.o(.text)
    __aeabi_memset4                          0x08000149   Thumb Code     0  memseta.o(.text)
    __aeabi_memset8                          0x08000149   Thumb Code     0  memseta.o(.text)
    __aeabi_memclr                           0x08000157   Thumb Code     4  memseta.o(.text)
    __aeabi_memclr4                          0x08000157   Thumb Code     0  memseta.o(.text)
    __aeabi_memclr8                          0x08000157   Thumb Code     0  memseta.o(.text)
    _memset$wrapper                          0x0800015b   Thumb Code    18  memseta.o(.text)
    __aeabi_fmul                             0x0800016d   Thumb Code   100  fmul.o(.text)
    __aeabi_i2f                              0x080001d1   Thumb Code    18  fflti.o(.text)
    __aeabi_ui2f                             0x080001e3   Thumb Code    10  ffltui.o(.text)
    __aeabi_f2uiz                            0x080001ed   Thumb Code    40  ffixui.o(.text)
    __I$use$fp                               0x08000215   Thumb Code     0  iusefp.o(.text)
    _float_round                             0x08000215   Thumb Code    18  fepilogue.o(.text)
    _float_epilogue                          0x08000227   Thumb Code    92  fepilogue.o(.text)
    __scatterload                            0x08000285   Thumb Code    28  init.o(.text)
    __scatterload_rt2                        0x08000285   Thumb Code     0  init.o(.text)
    ADC1_Value_average                       0x080002a9   Thumb Code   156  adc.o(i.ADC1_Value_average)
    ADC_ConversionStop_Disable               0x08000369   Thumb Code    92  stm32f1xx_hal_adc.o(i.ADC_ConversionStop_Disable)
    ADC_DMAConvCplt                          0x080003c5   Thumb Code    82  stm32f1xx_hal_adc.o(i.ADC_DMAConvCplt)
    ADC_DMAError                             0x08000417   Thumb Code    30  stm32f1xx_hal_adc.o(i.ADC_DMAError)
    ADC_DMAHalfConvCplt                      0x08000435   Thumb Code    14  stm32f1xx_hal_adc.o(i.ADC_DMAHalfConvCplt)
    ADC_Enable                               0x08000445   Thumb Code   134  stm32f1xx_hal_adc.o(i.ADC_Enable)
    BusFault_Handler                         0x080004d5   Thumb Code     4  stm32f1xx_it.o(i.BusFault_Handler)
    DMA1_Channel1_IRQHandler                 0x080004d9   Thumb Code    10  stm32f1xx_it.o(i.DMA1_Channel1_IRQHandler)
    DebugMon_Handler                         0x08000515   Thumb Code     2  stm32f1xx_it.o(i.DebugMon_Handler)
    Error_Handler                            0x08000517   Thumb Code     6  main.o(i.Error_Handler)
    HAL_ADC_ConfigChannel                    0x0800051d   Thumb Code   338  stm32f1xx_hal_adc.o(i.HAL_ADC_ConfigChannel)
    HAL_ADC_ConvCpltCallback                 0x0800067d   Thumb Code     2  stm32f1xx_hal_adc.o(i.HAL_ADC_ConvCpltCallback)
    HAL_ADC_ConvHalfCpltCallback             0x0800067f   Thumb Code     2  stm32f1xx_hal_adc.o(i.HAL_ADC_ConvHalfCpltCallback)
    HAL_ADC_ErrorCallback                    0x08000681   Thumb Code     2  stm32f1xx_hal_adc.o(i.HAL_ADC_ErrorCallback)
    HAL_ADC_Init                             0x08000685   Thumb Code   314  stm32f1xx_hal_adc.o(i.HAL_ADC_Init)
    HAL_ADC_MspInit                          0x080007c9   Thumb Code   152  adc.o(i.HAL_ADC_MspInit)
    HAL_ADC_Start_DMA                        0x08000875   Thumb Code   362  stm32f1xx_hal_adc.o(i.HAL_ADC_Start_DMA)
    HAL_DMA_Abort_IT                         0x080009f5   Thumb Code   172  stm32f1xx_hal_dma.o(i.HAL_DMA_Abort_IT)
    HAL_DMA_IRQHandler                       0x08000aa5   Thumb Code   408  stm32f1xx_hal_dma.o(i.HAL_DMA_IRQHandler)
    HAL_DMA_Init                             0x08000c41   Thumb Code   100  stm32f1xx_hal_dma.o(i.HAL_DMA_Init)
    HAL_DMA_Start_IT                         0x08000ca9   Thumb Code   156  stm32f1xx_hal_dma.o(i.HAL_DMA_Start_IT)
    HAL_Delay                                0x08000d45   Thumb Code    36  stm32f1xx_hal.o(i.HAL_Delay)
    HAL_GPIO_Init                            0x08000d6d   Thumb Code   766  stm32f1xx_hal_gpio.o(i.HAL_GPIO_Init)
    HAL_GPIO_ReadPin                         0x0800108d   Thumb Code    16  stm32f1xx_hal_gpio.o(i.HAL_GPIO_ReadPin)
    HAL_GPIO_WritePin                        0x0800109d   Thumb Code    12  stm32f1xx_hal_gpio.o(i.HAL_GPIO_WritePin)
    HAL_GetTick                              0x080010a9   Thumb Code     6  stm32f1xx_hal.o(i.HAL_GetTick)
    HAL_IncTick                              0x080010b5   Thumb Code    16  stm32f1xx_hal.o(i.HAL_IncTick)
    HAL_Init                                 0x080010cd   Thumb Code    34  stm32f1xx_hal.o(i.HAL_Init)
    HAL_InitTick                             0x080010f5   Thumb Code    64  stm32f1xx_hal.o(i.HAL_InitTick)
    HAL_MspInit                              0x08001141   Thumb Code    92  stm32f1xx_hal_msp.o(i.HAL_MspInit)
    HAL_NVIC_EnableIRQ                       0x080011a5   Thumb Code    32  stm32f1xx_hal_cortex.o(i.HAL_NVIC_EnableIRQ)
    HAL_NVIC_SetPriority                     0x080011c5   Thumb Code   124  stm32f1xx_hal_cortex.o(i.HAL_NVIC_SetPriority)
    HAL_NVIC_SetPriorityGrouping             0x08001241   Thumb Code    32  stm32f1xx_hal_cortex.o(i.HAL_NVIC_SetPriorityGrouping)
    HAL_RCCEx_PeriphCLKConfig                0x08001269   Thumb Code   290  stm32f1xx_hal_rcc_ex.o(i.HAL_RCCEx_PeriphCLKConfig)
    HAL_RCC_ClockConfig                      0x08001399   Thumb Code   376  stm32f1xx_hal_rcc.o(i.HAL_RCC_ClockConfig)
    HAL_RCC_GetHCLKFreq                      0x08001525   Thumb Code     6  stm32f1xx_hal_rcc.o(i.HAL_RCC_GetHCLKFreq)
    HAL_RCC_GetPCLK1Freq                     0x08001531   Thumb Code    22  stm32f1xx_hal_rcc.o(i.HAL_RCC_GetPCLK1Freq)
    HAL_RCC_GetPCLK2Freq                     0x08001551   Thumb Code    22  stm32f1xx_hal_rcc.o(i.HAL_RCC_GetPCLK2Freq)
    HAL_RCC_GetSysClockFreq                  0x08001571   Thumb Code    92  stm32f1xx_hal_rcc.o(i.HAL_RCC_GetSysClockFreq)
    HAL_RCC_OscConfig                        0x080015e1   Thumb Code  1114  stm32f1xx_hal_rcc.o(i.HAL_RCC_OscConfig)
    HAL_SPI_ErrorCallback                    0x08001a45   Thumb Code     2  stm32f1xx_hal_spi.o(i.HAL_SPI_ErrorCallback)
    HAL_SPI_IRQHandler                       0x08001a49   Thumb Code   304  stm32f1xx_hal_spi.o(i.HAL_SPI_IRQHandler)
    HAL_SPI_Init                             0x08001b7d   Thumb Code   190  stm32f1xx_hal_spi.o(i.HAL_SPI_Init)
    HAL_SPI_MspInit                          0x08001c3d   Thumb Code   276  spi.o(i.HAL_SPI_MspInit)
    HAL_SPI_Transmit                         0x08001d65   Thumb Code   444  stm32f1xx_hal_spi.o(i.HAL_SPI_Transmit)
    HAL_SPI_TransmitReceive                  0x08001f21   Thumb Code   576  stm32f1xx_hal_spi.o(i.HAL_SPI_TransmitReceive)
    HAL_SYSTICK_Config                       0x08002161   Thumb Code    52  stm32f1xx_hal_cortex.o(i.HAL_SYSTICK_Config)
    HAL_TIMEx_BreakCallback                  0x08002195   Thumb Code     2  stm32f1xx_hal_tim_ex.o(i.HAL_TIMEx_BreakCallback)
    HAL_TIMEx_CommutCallback                 0x08002197   Thumb Code     2  stm32f1xx_hal_tim_ex.o(i.HAL_TIMEx_CommutCallback)
    HAL_TIMEx_MasterConfigSynchronization    0x08002199   Thumb Code   118  stm32f1xx_hal_tim_ex.o(i.HAL_TIMEx_MasterConfigSynchronization)
    HAL_TIM_Base_Init                        0x0800221d   Thumb Code   102  stm32f1xx_hal_tim.o(i.HAL_TIM_Base_Init)
    HAL_TIM_Base_MspInit                     0x08002285   Thumb Code   128  tim.o(i.HAL_TIM_Base_MspInit)
    HAL_TIM_Base_Start_IT                    0x0800230d   Thumb Code   106  stm32f1xx_hal_tim.o(i.HAL_TIM_Base_Start_IT)
    HAL_TIM_ConfigClockSource                0x08002385   Thumb Code   268  stm32f1xx_hal_tim.o(i.HAL_TIM_ConfigClockSource)
    HAL_TIM_IC_CaptureCallback               0x08002491   Thumb Code     2  stm32f1xx_hal_tim.o(i.HAL_TIM_IC_CaptureCallback)
    HAL_TIM_IRQHandler                       0x08002493   Thumb Code   406  stm32f1xx_hal_tim.o(i.HAL_TIM_IRQHandler)
    HAL_TIM_OC_DelayElapsedCallback          0x08002629   Thumb Code     2  stm32f1xx_hal_tim.o(i.HAL_TIM_OC_DelayElapsedCallback)
    HAL_TIM_PWM_PulseFinishedCallback        0x0800262b   Thumb Code     2  stm32f1xx_hal_tim.o(i.HAL_TIM_PWM_PulseFinishedCallback)
    HAL_TIM_PeriodElapsedCallback            0x0800262d   Thumb Code    26  main.o(i.HAL_TIM_PeriodElapsedCallback)
    HAL_TIM_TriggerCallback                  0x08002655   Thumb Code     2  stm32f1xx_hal_tim.o(i.HAL_TIM_TriggerCallback)
    HAL_UART_Init                            0x08002657   Thumb Code   118  stm32f1xx_hal_uart.o(i.HAL_UART_Init)
    HAL_UART_MspInit                         0x080026cd   Thumb Code   138  usart.o(i.HAL_UART_MspInit)
    HAL_UART_Transmit                        0x08002769   Thumb Code   178  stm32f1xx_hal_uart.o(i.HAL_UART_Transmit)
    HardFault_Handler                        0x0800281b   Thumb Code     4  stm32f1xx_it.o(i.HardFault_Handler)
    LCD_Address_Set                          0x0800281f   Thumb Code    90  lcd_bsp.o(i.LCD_Address_Set)
    LCD_DrawPoint                            0x08002879   Thumb Code    48  lcd.o(i.LCD_DrawPoint)
    LCD_Fill                                 0x080028ad   Thumb Code    94  lcd.o(i.LCD_Fill)
    LCD_Init                                 0x08002911   Thumb Code   816  lcd.o(i.LCD_Init)
    LCD_ShowChar                             0x08002c45   Thumb Code   348  lcd.o(i.LCD_ShowChar)
    LCD_ShowFloatNum1                        0x08002db5   Thumb Code   182  lcd.o(i.LCD_ShowFloatNum1)
    LCD_ShowString                           0x08002e75   Thumb Code    72  lcd.o(i.LCD_ShowString)
    LCD_WR_DATA                              0x08002ec1   Thumb Code    30  lcd_bsp.o(i.LCD_WR_DATA)
    LCD_WR_DATA8                             0x08002edf   Thumb Code    20  lcd_bsp.o(i.LCD_WR_DATA8)
    LCD_WR_REG                               0x08002ef3   Thumb Code    28  lcd_bsp.o(i.LCD_WR_REG)
    LCD_Writ_Bus                             0x08002f0f   Thumb Code    26  lcd_bsp.o(i.LCD_Writ_Bus)
    LCD_spi_BLK_Set                          0x08002f29   Thumb Code    14  lcd.o(i.LCD_spi_BLK_Set)
    LCD_spi_CS_Clr                           0x08002f3d   Thumb Code    16  lcd.o(i.LCD_spi_CS_Clr)
    LCD_spi_CS_Set                           0x08002f51   Thumb Code    14  lcd.o(i.LCD_spi_CS_Set)
    LCD_spi_DC_Clr                           0x08002f65   Thumb Code    16  lcd.o(i.LCD_spi_DC_Clr)
    LCD_spi_DC_Set                           0x08002f79   Thumb Code    14  lcd.o(i.LCD_spi_DC_Set)
    LCD_spi_RES_Clr                          0x08002f8d   Thumb Code    16  lcd.o(i.LCD_spi_RES_Clr)
    LCD_spi_RES_Set                          0x08002fa1   Thumb Code    14  lcd.o(i.LCD_spi_RES_Set)
    MX_ADC1_Init                             0x08002fd5   Thumb Code   150  adc.o(i.MX_ADC1_Init)
    MX_DMA_Init                              0x08003075   Thumb Code    48  dma.o(i.MX_DMA_Init)
    MX_GPIO_Init                             0x080030a9   Thumb Code   206  gpio.o(i.MX_GPIO_Init)
    MX_SPI1_Init                             0x08003185   Thumb Code    60  spi.o(i.MX_SPI1_Init)
    MX_SPI2_Init                             0x080031c9   Thumb Code    58  spi.o(i.MX_SPI2_Init)
    MX_TIM1_Init                             0x0800320d   Thumb Code   102  tim.o(i.MX_TIM1_Init)
    MX_TIM2_Init                             0x0800327d   Thumb Code   102  tim.o(i.MX_TIM2_Init)
    MX_USART1_UART_Init                      0x080032e9   Thumb Code    46  usart.o(i.MX_USART1_UART_Init)
    MemManage_Handler                        0x08003321   Thumb Code     4  stm32f1xx_it.o(i.MemManage_Handler)
    NMI_Handler                              0x08003325   Thumb Code     4  stm32f1xx_it.o(i.NMI_Handler)
    NRF24L01_Clear_IRQ_Flag                  0x08003329   Thumb Code    66  drv_rf24l01.o(i.NRF24L01_Clear_IRQ_Flag)
    NRF24L01_Read_Reg                        0x08003381   Thumb Code    48  drv_rf24l01.o(i.NRF24L01_Read_Reg)
    NRF24L01_Read_Status_Register            0x080033b5   Thumb Code    38  drv_rf24l01.o(i.NRF24L01_Read_Status_Register)
    NRF24L01_Set_Power                       0x080033e1   Thumb Code    72  drv_rf24l01.o(i.NRF24L01_Set_Power)
    NRF24L01_Set_RxAddr                      0x08003429   Thumb Code    56  drv_rf24l01.o(i.NRF24L01_Set_RxAddr)
    NRF24L01_Set_TxAddr                      0x08003461   Thumb Code    34  drv_rf24l01.o(i.NRF24L01_Set_TxAddr)
    NRF24L01_TxPacket                        0x08003485   Thumb Code   188  drv_rf24l01.o(i.NRF24L01_TxPacket)
    NRF24L01_Write_Buf                       0x08003549   Thumb Code    66  drv_rf24l01.o(i.NRF24L01_Write_Buf)
    NRF24L01_Write_Reg                       0x08003591   Thumb Code    48  drv_rf24l01.o(i.NRF24L01_Write_Reg)
    PendSV_Handler                           0x080035c5   Thumb Code     2  stm32f1xx_it.o(i.PendSV_Handler)
    RCC_IRQHandler                           0x080035f1   Thumb Code     2  stm32f1xx_it.o(i.RCC_IRQHandler)
    RF24L01_Init                             0x080035f5   Thumb Code   180  drv_rf24l01.o(i.RF24L01_Init)
    RF24L01_Port_Init                        0x080036b1   Thumb Code    18  drv_rf24l01.o(i.RF24L01_Port_Init)
    RF24L01_Set_Mode                         0x080036d5   Thumb Code    74  drv_rf24l01.o(i.RF24L01_Set_Mode)
    SPI1_IRQHandler                          0x08003725   Thumb Code    10  stm32f1xx_it.o(i.SPI1_IRQHandler)
    SPI2_IRQHandler                          0x08003735   Thumb Code    10  stm32f1xx_it.o(i.SPI2_IRQHandler)
    SVC_Handler                              0x08003859   Thumb Code     2  stm32f1xx_it.o(i.SVC_Handler)
    Send_control_message                     0x0800385d   Thumb Code    64  remote_control.o(i.Send_control_message)
    ShowValue                                0x080038b1   Thumb Code   658  lcd.o(i.ShowValue)
    SysTick_Handler                          0x08003b6d   Thumb Code     8  stm32f1xx_it.o(i.SysTick_Handler)
    SystemClock_Config                       0x08003b75   Thumb Code   132  main.o(i.SystemClock_Config)
    SystemInit                               0x08003bf9   Thumb Code     2  system_stm32f1xx.o(i.SystemInit)
    TFT_LCD_Init                             0x08003bfd   Thumb Code    14  lcd.o(i.TFT_LCD_Init)
    TIM1_BRK_IRQHandler                      0x08003c1d   Thumb Code    10  stm32f1xx_it.o(i.TIM1_BRK_IRQHandler)
    TIM1_UP_IRQHandler                       0x08003c2d   Thumb Code    10  stm32f1xx_it.o(i.TIM1_UP_IRQHandler)
    TIM2_IRQHandler                          0x08003c3d   Thumb Code    10  stm32f1xx_it.o(i.TIM2_IRQHandler)
    TIM_Base_SetConfig                       0x08003c4d   Thumb Code   104  stm32f1xx_hal_tim.o(i.TIM_Base_SetConfig)
    TIM_ETR_SetConfig                        0x08003cc1   Thumb Code    22  stm32f1xx_hal_tim.o(i.TIM_ETR_SetConfig)
    Tx_Data_Prepare                          0x08003d39   Thumb Code   406  remote_control.o(i.Tx_Data_Prepare)
    UsageFault_Handler                       0x08004063   Thumb Code     4  stm32f1xx_it.o(i.UsageFault_Handler)
    __scatterload_copy                       0x080040a1   Thumb Code    14  handlers.o(i.__scatterload_copy)
    __scatterload_null                       0x080040af   Thumb Code     2  handlers.o(i.__scatterload_null)
    __scatterload_zeroinit                   0x080040b1   Thumb Code    14  handlers.o(i.__scatterload_zeroinit)
    drv_spi_read_write_byte                  0x080040bf   Thumb Code    36  drv_spi.o(i.drv_spi_read_write_byte)
    main                                     0x080040e5   Thumb Code   216  main.o(i.main)
    mypow                                    0x080041e9   Thumb Code    22  lcd.o(i.mypow)
    AHBPrescTable                            0x08004210   Data          16  system_stm32f1xx.o(.constdata)
    APBPrescTable                            0x08004220   Data           8  system_stm32f1xx.o(.constdata)
    ascii_1206                               0x08004228   Data        1140  lcd.o(.constdata)
    ascii_1608                               0x0800469c   Data        1520  lcd.o(.constdata)
    ascii_2412                               0x08004c8c   Data        4560  lcd.o(.constdata)
    ascii_3216                               0x08005e5c   Data        6080  lcd.o(.constdata)
    tfont12                                  0x0800761c   Data         130  lcd.o(.constdata)
    tfont16                                  0x0800769e   Data         170  lcd.o(.constdata)
    tfont24                                  0x08007748   Data         370  lcd.o(.constdata)
    tfont32                                  0x080078ba   Data         650  lcd.o(.constdata)
    Region$$Table$$Base                      0x08007b60   Number         0  anon$$obj.o(Region$$Table)
    Region$$Table$$Limit                     0x08007b80   Number         0  anon$$obj.o(Region$$Table)
    a                                        0x20000000   Data           1  main.o(.data)
    b                                        0x20000001   Data           1  main.o(.data)
    count                                    0x20000002   Data           1  main.o(.data)
    left_x_sum                               0x20000004   Data           2  adc.o(.data)
    left_y_sum                               0x20000006   Data           2  adc.o(.data)
    right_x_sum                              0x20000008   Data           2  adc.o(.data)
    right_y_sum                              0x2000000a   Data           2  adc.o(.data)
    battery_sum                              0x2000000c   Data           2  adc.o(.data)
    left_x                                   0x2000000e   Data           2  adc.o(.data)
    left_y                                   0x20000010   Data           2  adc.o(.data)
    right_x                                  0x20000012   Data           2  adc.o(.data)
    right_y                                  0x20000014   Data           2  adc.o(.data)
    battery                                  0x20000016   Data           2  adc.o(.data)
    uwTick                                   0x20000018   Data           4  stm32f1xx_hal.o(.data)
    uwTickPrio                               0x2000001c   Data           4  stm32f1xx_hal.o(.data)
    uwTickFreq                               0x20000020   Data           1  stm32f1xx_hal.o(.data)
    SystemCoreClock                          0x20000024   Data           4  system_stm32f1xx.o(.data)
    g_ErrorString                            0x20000028   Data           4  drv_rf24l01.o(.data)
    NRF24L01_rtx                             0x2000002c   Data           8  drv_rf24l01.o(.data)
    LCD_ctx                                  0x20000034   Data           8  lcd.o(.data)
    ctrl                                     0x2000003c   Data          30  remote_control.o(.bss)
    _buf                                     0x2000005a   Data          18  remote_control.o(.bss)
    Receive_packet                           0x2000006c   Data         371  debug.o(.bss)
    Value_True                               0x200001df   Data         803  debug.o(.bss)
    ADC_Value                                0x20000504   Data          80  adc.o(.bss)
    hadc1                                    0x20000554   Data          48  adc.o(.bss)
    hdma_adc1                                0x20000584   Data          68  adc.o(.bss)
    hspi1                                    0x200005c8   Data          88  spi.o(.bss)
    hspi2                                    0x20000620   Data          88  spi.o(.bss)
    htim1                                    0x20000678   Data          72  tim.o(.bss)
    htim2                                    0x200006c0   Data          72  tim.o(.bss)
    huart1                                   0x20000708   Data          72  usart.o(.bss)
    NRF24L01_bus                             0x20000750   Data          70  drv_rf24l01.o(.bss)
    LCD_bus_1                                0x20000798   Data          12  lcd.o(.bss)
    LCD_bus_2                                0x200007a4   Data          12  lcd.o(.bss)
    __initial_sp                             0x20000bb0   Data           0  startup_stm32f103xb.o(STACK)



==============================================================================

Memory Map of the image

  Image Entry point : 0x080000ed

  Load Region LR_IROM1 (Base: 0x08000000, Size: 0x00007bbc, Max: 0x00020000, ABSOLUTE)

    Execution Region ER_IROM1 (Exec base: 0x08000000, Load base: 0x08000000, Size: 0x00007b80, Max: 0x00020000, ABSOLUTE)

    Exec Addr    Load Addr    Size         Type   Attr      Idx    E Section Name        Object

    0x08000000   0x08000000   0x000000ec   Data   RO            3    RESET               startup_stm32f103xb.o
    0x080000ec   0x080000ec   0x00000000   Code   RO         4280  * .ARM.Collect$$$$00000000  mc_w.l(entry.o)
    0x080000ec   0x080000ec   0x00000004   Code   RO         4301    .ARM.Collect$$$$00000001  mc_w.l(entry2.o)
    0x080000f0   0x080000f0   0x00000004   Code   RO         4304    .ARM.Collect$$$$00000004  mc_w.l(entry5.o)
    0x080000f4   0x080000f4   0x00000000   Code   RO         4306    .ARM.Collect$$$$00000008  mc_w.l(entry7b.o)
    0x080000f4   0x080000f4   0x00000000   Code   RO         4308    .ARM.Collect$$$$0000000A  mc_w.l(entry8b.o)
    0x080000f4   0x080000f4   0x00000008   Code   RO         4309    .ARM.Collect$$$$0000000B  mc_w.l(entry9a.o)
    0x080000fc   0x080000fc   0x00000000   Code   RO         4311    .ARM.Collect$$$$0000000D  mc_w.l(entry10a.o)
    0x080000fc   0x080000fc   0x00000000   Code   RO         4313    .ARM.Collect$$$$0000000F  mc_w.l(entry11a.o)
    0x080000fc   0x080000fc   0x00000004   Code   RO         4302    .ARM.Collect$$$$00002712  mc_w.l(entry2.o)
    0x08000100   0x08000100   0x00000024   Code   RO            4    .text               startup_stm32f103xb.o
    0x08000124   0x08000124   0x00000024   Code   RO         4285    .text               mc_w.l(memcpya.o)
    0x08000148   0x08000148   0x00000024   Code   RO         4287    .text               mc_w.l(memseta.o)
    0x0800016c   0x0800016c   0x00000064   Code   RO         4291    .text               mf_w.l(fmul.o)
    0x080001d0   0x080001d0   0x00000012   Code   RO         4295    .text               mf_w.l(fflti.o)
    0x080001e2   0x080001e2   0x0000000a   Code   RO         4297    .text               mf_w.l(ffltui.o)
    0x080001ec   0x080001ec   0x00000028   Code   RO         4299    .text               mf_w.l(ffixui.o)
    0x08000214   0x08000214   0x00000000   Code   RO         4315    .text               mc_w.l(iusefp.o)
    0x08000214   0x08000214   0x0000006e   Code   RO         4316    .text               mf_w.l(fepilogue.o)
    0x08000282   0x08000282   0x00000002   PAD
    0x08000284   0x08000284   0x00000024   Code   RO         4318    .text               mc_w.l(init.o)
    0x080002a8   0x080002a8   0x000000c0   Code   RO          316    i.ADC1_Value_average  adc.o
    0x08000368   0x08000368   0x0000005c   Code   RO          705    i.ADC_ConversionStop_Disable  stm32f1xx_hal_adc.o
    0x080003c4   0x080003c4   0x00000052   Code   RO          706    i.ADC_DMAConvCplt   stm32f1xx_hal_adc.o
    0x08000416   0x08000416   0x0000001e   Code   RO          707    i.ADC_DMAError      stm32f1xx_hal_adc.o
    0x08000434   0x08000434   0x0000000e   Code   RO          708    i.ADC_DMAHalfConvCplt  stm32f1xx_hal_adc.o
    0x08000442   0x08000442   0x00000002   PAD
    0x08000444   0x08000444   0x00000090   Code   RO          709    i.ADC_Enable        stm32f1xx_hal_adc.o
    0x080004d4   0x080004d4   0x00000004   Code   RO          527    i.BusFault_Handler  stm32f1xx_it.o
    0x080004d8   0x080004d8   0x00000010   Code   RO          528    i.DMA1_Channel1_IRQHandler  stm32f1xx_it.o
    0x080004e8   0x080004e8   0x0000002c   Code   RO         1366    i.DMA_SetConfig     stm32f1xx_hal_dma.o
    0x08000514   0x08000514   0x00000002   Code   RO          529    i.DebugMon_Handler  stm32f1xx_it.o
    0x08000516   0x08000516   0x00000006   Code   RO          213    i.Error_Handler     main.o
    0x0800051c   0x0800051c   0x00000160   Code   RO          711    i.HAL_ADC_ConfigChannel  stm32f1xx_hal_adc.o
    0x0800067c   0x0800067c   0x00000002   Code   RO          712    i.HAL_ADC_ConvCpltCallback  stm32f1xx_hal_adc.o
    0x0800067e   0x0800067e   0x00000002   Code   RO          713    i.HAL_ADC_ConvHalfCpltCallback  stm32f1xx_hal_adc.o
    0x08000680   0x08000680   0x00000002   Code   RO          715    i.HAL_ADC_ErrorCallback  stm32f1xx_hal_adc.o
    0x08000682   0x08000682   0x00000002   PAD
    0x08000684   0x08000684   0x00000144   Code   RO          720    i.HAL_ADC_Init      stm32f1xx_hal_adc.o
    0x080007c8   0x080007c8   0x000000ac   Code   RO          318    i.HAL_ADC_MspInit   adc.o
    0x08000874   0x08000874   0x00000180   Code   RO          727    i.HAL_ADC_Start_DMA  stm32f1xx_hal_adc.o
    0x080009f4   0x080009f4   0x000000b0   Code   RO         1368    i.HAL_DMA_Abort_IT  stm32f1xx_hal_dma.o
    0x08000aa4   0x08000aa4   0x0000019c   Code   RO         1372    i.HAL_DMA_IRQHandler  stm32f1xx_hal_dma.o
    0x08000c40   0x08000c40   0x00000068   Code   RO         1373    i.HAL_DMA_Init      stm32f1xx_hal_dma.o
    0x08000ca8   0x08000ca8   0x0000009c   Code   RO         1377    i.HAL_DMA_Start_IT  stm32f1xx_hal_dma.o
    0x08000d44   0x08000d44   0x00000028   Code   RO          988    i.HAL_Delay         stm32f1xx_hal.o
    0x08000d6c   0x08000d6c   0x00000320   Code   RO         1303    i.HAL_GPIO_Init     stm32f1xx_hal_gpio.o
    0x0800108c   0x0800108c   0x00000010   Code   RO         1305    i.HAL_GPIO_ReadPin  stm32f1xx_hal_gpio.o
    0x0800109c   0x0800109c   0x0000000c   Code   RO         1307    i.HAL_GPIO_WritePin  stm32f1xx_hal_gpio.o
    0x080010a8   0x080010a8   0x0000000c   Code   RO          992    i.HAL_GetTick       stm32f1xx_hal.o
    0x080010b4   0x080010b4   0x00000018   Code   RO          998    i.HAL_IncTick       stm32f1xx_hal.o
    0x080010cc   0x080010cc   0x00000028   Code   RO          999    i.HAL_Init          stm32f1xx_hal.o
    0x080010f4   0x080010f4   0x0000004c   Code   RO         1000    i.HAL_InitTick      stm32f1xx_hal.o
    0x08001140   0x08001140   0x00000064   Code   RO          645    i.HAL_MspInit       stm32f1xx_hal_msp.o
    0x080011a4   0x080011a4   0x00000020   Code   RO         1463    i.HAL_NVIC_EnableIRQ  stm32f1xx_hal_cortex.o
    0x080011c4   0x080011c4   0x0000007c   Code   RO         1469    i.HAL_NVIC_SetPriority  stm32f1xx_hal_cortex.o
    0x08001240   0x08001240   0x00000028   Code   RO         1470    i.HAL_NVIC_SetPriorityGrouping  stm32f1xx_hal_cortex.o
    0x08001268   0x08001268   0x00000130   Code   RO         1265    i.HAL_RCCEx_PeriphCLKConfig  stm32f1xx_hal_rcc_ex.o
    0x08001398   0x08001398   0x0000018c   Code   RO         1156    i.HAL_RCC_ClockConfig  stm32f1xx_hal_rcc.o
    0x08001524   0x08001524   0x0000000c   Code   RO         1161    i.HAL_RCC_GetHCLKFreq  stm32f1xx_hal_rcc.o
    0x08001530   0x08001530   0x00000020   Code   RO         1163    i.HAL_RCC_GetPCLK1Freq  stm32f1xx_hal_rcc.o
    0x08001550   0x08001550   0x00000020   Code   RO         1164    i.HAL_RCC_GetPCLK2Freq  stm32f1xx_hal_rcc.o
    0x08001570   0x08001570   0x00000070   Code   RO         1165    i.HAL_RCC_GetSysClockFreq  stm32f1xx_hal_rcc.o
    0x080015e0   0x080015e0   0x00000464   Code   RO         1168    i.HAL_RCC_OscConfig  stm32f1xx_hal_rcc.o
    0x08001a44   0x08001a44   0x00000002   Code   RO         1996    i.HAL_SPI_ErrorCallback  stm32f1xx_hal_spi.o
    0x08001a46   0x08001a46   0x00000002   PAD
    0x08001a48   0x08001a48   0x00000134   Code   RO         1999    i.HAL_SPI_IRQHandler  stm32f1xx_hal_spi.o
    0x08001b7c   0x08001b7c   0x000000be   Code   RO         2000    i.HAL_SPI_Init      stm32f1xx_hal_spi.o
    0x08001c3a   0x08001c3a   0x00000002   PAD
    0x08001c3c   0x08001c3c   0x00000128   Code   RO          390    i.HAL_SPI_MspInit   spi.o
    0x08001d64   0x08001d64   0x000001bc   Code   RO         2008    i.HAL_SPI_Transmit  stm32f1xx_hal_spi.o
    0x08001f20   0x08001f20   0x00000240   Code   RO         2009    i.HAL_SPI_TransmitReceive  stm32f1xx_hal_spi.o
    0x08002160   0x08002160   0x00000034   Code   RO         1474    i.HAL_SYSTICK_Config  stm32f1xx_hal_cortex.o
    0x08002194   0x08002194   0x00000002   Code   RO         3028    i.HAL_TIMEx_BreakCallback  stm32f1xx_hal_tim_ex.o
    0x08002196   0x08002196   0x00000002   Code   RO         3029    i.HAL_TIMEx_CommutCallback  stm32f1xx_hal_tim_ex.o
    0x08002198   0x08002198   0x00000084   Code   RO         3047    i.HAL_TIMEx_MasterConfigSynchronization  stm32f1xx_hal_tim_ex.o
    0x0800221c   0x0800221c   0x00000066   Code   RO         2313    i.HAL_TIM_Base_Init  stm32f1xx_hal_tim.o
    0x08002282   0x08002282   0x00000002   PAD
    0x08002284   0x08002284   0x00000088   Code   RO          438    i.HAL_TIM_Base_MspInit  tim.o
    0x0800230c   0x0800230c   0x00000078   Code   RO         2318    i.HAL_TIM_Base_Start_IT  stm32f1xx_hal_tim.o
    0x08002384   0x08002384   0x0000010c   Code   RO         2322    i.HAL_TIM_ConfigClockSource  stm32f1xx_hal_tim.o
    0x08002490   0x08002490   0x00000002   Code   RO         2347    i.HAL_TIM_IC_CaptureCallback  stm32f1xx_hal_tim.o
    0x08002492   0x08002492   0x00000196   Code   RO         2361    i.HAL_TIM_IRQHandler  stm32f1xx_hal_tim.o
    0x08002628   0x08002628   0x00000002   Code   RO         2364    i.HAL_TIM_OC_DelayElapsedCallback  stm32f1xx_hal_tim.o
    0x0800262a   0x0800262a   0x00000002   Code   RO         2391    i.HAL_TIM_PWM_PulseFinishedCallback  stm32f1xx_hal_tim.o
    0x0800262c   0x0800262c   0x00000028   Code   RO          214    i.HAL_TIM_PeriodElapsedCallback  main.o
    0x08002654   0x08002654   0x00000002   Code   RO         2404    i.HAL_TIM_TriggerCallback  stm32f1xx_hal_tim.o
    0x08002656   0x08002656   0x00000076   Code   RO         3325    i.HAL_UART_Init     stm32f1xx_hal_uart.o
    0x080026cc   0x080026cc   0x0000009c   Code   RO          486    i.HAL_UART_MspInit  usart.o
    0x08002768   0x08002768   0x000000b2   Code   RO         3333    i.HAL_UART_Transmit  stm32f1xx_hal_uart.o
    0x0800281a   0x0800281a   0x00000004   Code   RO          530    i.HardFault_Handler  stm32f1xx_it.o
    0x0800281e   0x0800281e   0x0000005a   Code   RO         4228    i.LCD_Address_Set   lcd_bsp.o
    0x08002878   0x08002878   0x00000034   Code   RO         3936    i.LCD_DrawPoint     lcd.o
    0x080028ac   0x080028ac   0x00000064   Code   RO         3938    i.LCD_Fill          lcd.o
    0x08002910   0x08002910   0x00000334   Code   RO         3939    i.LCD_Init          lcd.o
    0x08002c44   0x08002c44   0x00000170   Code   RO         3940    i.LCD_ShowChar      lcd.o
    0x08002db4   0x08002db4   0x000000c0   Code   RO         3946    i.LCD_ShowFloatNum1  lcd.o
    0x08002e74   0x08002e74   0x0000004c   Code   RO         3949    i.LCD_ShowString    lcd.o
    0x08002ec0   0x08002ec0   0x0000001e   Code   RO         4229    i.LCD_WR_DATA       lcd_bsp.o
    0x08002ede   0x08002ede   0x00000014   Code   RO         4230    i.LCD_WR_DATA8      lcd_bsp.o
    0x08002ef2   0x08002ef2   0x0000001c   Code   RO         4231    i.LCD_WR_REG        lcd_bsp.o
    0x08002f0e   0x08002f0e   0x0000001a   Code   RO         4232    i.LCD_Writ_Bus      lcd_bsp.o
    0x08002f28   0x08002f28   0x00000014   Code   RO         3951    i.LCD_spi_BLK_Set   lcd.o
    0x08002f3c   0x08002f3c   0x00000014   Code   RO         3952    i.LCD_spi_CS_Clr    lcd.o
    0x08002f50   0x08002f50   0x00000014   Code   RO         3953    i.LCD_spi_CS_Set    lcd.o
    0x08002f64   0x08002f64   0x00000014   Code   RO         3954    i.LCD_spi_DC_Clr    lcd.o
    0x08002f78   0x08002f78   0x00000014   Code   RO         3955    i.LCD_spi_DC_Set    lcd.o
    0x08002f8c   0x08002f8c   0x00000014   Code   RO         3956    i.LCD_spi_RES_Clr   lcd.o
    0x08002fa0   0x08002fa0   0x00000014   Code   RO         3957    i.LCD_spi_RES_Set   lcd.o
    0x08002fb4   0x08002fb4   0x0000001e   Code   RO         3958    i.LCD_spi_trans     lcd.o
    0x08002fd2   0x08002fd2   0x00000002   PAD
    0x08002fd4   0x08002fd4   0x000000a0   Code   RO          319    i.MX_ADC1_Init      adc.o
    0x08003074   0x08003074   0x00000034   Code   RO          365    i.MX_DMA_Init       dma.o
    0x080030a8   0x080030a8   0x000000dc   Code   RO          292    i.MX_GPIO_Init      gpio.o
    0x08003184   0x08003184   0x00000044   Code   RO          391    i.MX_SPI1_Init      spi.o
    0x080031c8   0x080031c8   0x00000044   Code   RO          392    i.MX_SPI2_Init      spi.o
    0x0800320c   0x0800320c   0x00000070   Code   RO          439    i.MX_TIM1_Init      tim.o
    0x0800327c   0x0800327c   0x0000006c   Code   RO          440    i.MX_TIM2_Init      tim.o
    0x080032e8   0x080032e8   0x00000038   Code   RO          487    i.MX_USART1_UART_Init  usart.o
    0x08003320   0x08003320   0x00000004   Code   RO          531    i.MemManage_Handler  stm32f1xx_it.o
    0x08003324   0x08003324   0x00000004   Code   RO          532    i.NMI_Handler       stm32f1xx_it.o
    0x08003328   0x08003328   0x00000048   Code   RO         3735    i.NRF24L01_Clear_IRQ_Flag  drv_rf24l01.o
    0x08003370   0x08003370   0x00000010   Code   RO         3739    i.NRF24L01_RT       drv_rf24l01.o
    0x08003380   0x08003380   0x00000034   Code   RO         3741    i.NRF24L01_Read_Reg  drv_rf24l01.o
    0x080033b4   0x080033b4   0x0000002c   Code   RO         3743    i.NRF24L01_Read_Status_Register  drv_rf24l01.o
    0x080033e0   0x080033e0   0x00000048   Code   RO         3747    i.NRF24L01_Set_Power  drv_rf24l01.o
    0x08003428   0x08003428   0x00000038   Code   RO         3748    i.NRF24L01_Set_RxAddr  drv_rf24l01.o
    0x08003460   0x08003460   0x00000022   Code   RO         3750    i.NRF24L01_Set_TxAddr  drv_rf24l01.o
    0x08003482   0x08003482   0x00000002   PAD
    0x08003484   0x08003484   0x000000c4   Code   RO         3751    i.NRF24L01_TxPacket  drv_rf24l01.o
    0x08003548   0x08003548   0x00000048   Code   RO         3752    i.NRF24L01_Write_Buf  drv_rf24l01.o
    0x08003590   0x08003590   0x00000034   Code   RO         3753    i.NRF24L01_Write_Reg  drv_rf24l01.o
    0x080035c4   0x080035c4   0x00000002   Code   RO          533    i.PendSV_Handler    stm32f1xx_it.o
    0x080035c6   0x080035c6   0x00000002   PAD
    0x080035c8   0x080035c8   0x00000028   Code   RO         1169    i.RCC_Delay         stm32f1xx_hal_rcc.o
    0x080035f0   0x080035f0   0x00000002   Code   RO          534    i.RCC_IRQHandler    stm32f1xx_it.o
    0x080035f2   0x080035f2   0x00000002   PAD
    0x080035f4   0x080035f4   0x000000bc   Code   RO         3759    i.RF24L01_Init      drv_rf24l01.o
    0x080036b0   0x080036b0   0x00000024   Code   RO         3760    i.RF24L01_Port_Init  drv_rf24l01.o
    0x080036d4   0x080036d4   0x00000050   Code   RO         3762    i.RF24L01_Set_Mode  drv_rf24l01.o
    0x08003724   0x08003724   0x00000010   Code   RO          535    i.SPI1_IRQHandler   stm32f1xx_it.o
    0x08003734   0x08003734   0x00000010   Code   RO          536    i.SPI2_IRQHandler   stm32f1xx_it.o
    0x08003744   0x08003744   0x00000014   Code   RO         2027    i.SPI_DMAAbortOnError  stm32f1xx_hal_spi.o
    0x08003758   0x08003758   0x00000028   Code   RO         2038    i.SPI_EndRxTxTransaction  stm32f1xx_hal_spi.o
    0x08003780   0x08003780   0x000000d8   Code   RO         2043    i.SPI_WaitFlagStateUntilTimeout  stm32f1xx_hal_spi.o
    0x08003858   0x08003858   0x00000002   Code   RO          537    i.SVC_Handler       stm32f1xx_it.o
    0x0800385a   0x0800385a   0x00000002   PAD
    0x0800385c   0x0800385c   0x00000054   Code   RO           14    i.Send_control_message  remote_control.o
    0x080038b0   0x080038b0   0x000002bc   Code   RO         3959    i.ShowValue         lcd.o
    0x08003b6c   0x08003b6c   0x00000008   Code   RO          538    i.SysTick_Handler   stm32f1xx_it.o
    0x08003b74   0x08003b74   0x00000084   Code   RO          215    i.SystemClock_Config  main.o
    0x08003bf8   0x08003bf8   0x00000002   Code   RO         3669    i.SystemInit        system_stm32f1xx.o
    0x08003bfa   0x08003bfa   0x00000002   PAD
    0x08003bfc   0x08003bfc   0x00000020   Code   RO         3960    i.TFT_LCD_Init      lcd.o
    0x08003c1c   0x08003c1c   0x00000010   Code   RO          539    i.TIM1_BRK_IRQHandler  stm32f1xx_it.o
    0x08003c2c   0x08003c2c   0x00000010   Code   RO          540    i.TIM1_UP_IRQHandler  stm32f1xx_it.o
    0x08003c3c   0x08003c3c   0x00000010   Code   RO          541    i.TIM2_IRQHandler   stm32f1xx_it.o
    0x08003c4c   0x08003c4c   0x00000074   Code   RO         2406    i.TIM_Base_SetConfig  stm32f1xx_hal_tim.o
    0x08003cc0   0x08003cc0   0x00000016   Code   RO         2417    i.TIM_ETR_SetConfig  stm32f1xx_hal_tim.o
    0x08003cd6   0x08003cd6   0x00000012   Code   RO         2418    i.TIM_ITRx_SetConfig  stm32f1xx_hal_tim.o
    0x08003ce8   0x08003ce8   0x00000026   Code   RO         2424    i.TIM_TI1_ConfigInputStage  stm32f1xx_hal_tim.o
    0x08003d0e   0x08003d0e   0x00000028   Code   RO         2426    i.TIM_TI2_ConfigInputStage  stm32f1xx_hal_tim.o
    0x08003d36   0x08003d36   0x00000002   PAD
    0x08003d38   0x08003d38   0x0000019c   Code   RO           15    i.Tx_Data_Prepare   remote_control.o
    0x08003ed4   0x08003ed4   0x000000fc   Code   RO         3352    i.UART_SetConfig    stm32f1xx_hal_uart.o
    0x08003fd0   0x08003fd0   0x00000092   Code   RO         3356    i.UART_WaitOnFlagUntilTimeout  stm32f1xx_hal_uart.o
    0x08004062   0x08004062   0x00000004   Code   RO          542    i.UsageFault_Handler  stm32f1xx_it.o
    0x08004066   0x08004066   0x00000002   PAD
    0x08004068   0x08004068   0x00000010   Code   RO         1476    i.__NVIC_GetPriorityGrouping  stm32f1xx_hal_cortex.o
    0x08004078   0x08004078   0x00000028   Code   RO         1477    i.__NVIC_SetPriority  stm32f1xx_hal_cortex.o
    0x080040a0   0x080040a0   0x0000000e   Code   RO         4322    i.__scatterload_copy  mc_w.l(handlers.o)
    0x080040ae   0x080040ae   0x00000002   Code   RO         4323    i.__scatterload_null  mc_w.l(handlers.o)
    0x080040b0   0x080040b0   0x0000000e   Code   RO         4324    i.__scatterload_zeroinit  mc_w.l(handlers.o)
    0x080040be   0x080040be   0x00000024   Code   RO         3705    i.drv_spi_read_write_byte  drv_spi.o
    0x080040e2   0x080040e2   0x00000002   PAD
    0x080040e4   0x080040e4   0x00000104   Code   RO          216    i.main              main.o
    0x080041e8   0x080041e8   0x00000016   Code   RO         3961    i.mypow             lcd.o
    0x080041fe   0x080041fe   0x00000012   Data   RO         1170    .constdata          stm32f1xx_hal_rcc.o
    0x08004210   0x08004210   0x00000018   Data   RO         3670    .constdata          system_stm32f1xx.o
    0x08004228   0x08004228   0x0000391c   Data   RO         3963    .constdata          lcd.o
    0x08007b44   0x08007b44   0x00000019   Data   RO         3765    .conststring        drv_rf24l01.o
    0x08007b5d   0x08007b5d   0x00000003   PAD
    0x08007b60   0x08007b60   0x00000020   Data   RO         4320    Region$$Table       anon$$obj.o


    Execution Region RW_IRAM1 (Exec base: 0x20000000, Load base: 0x08007b80, Size: 0x00000bb0, Max: 0x00005000, ABSOLUTE)

    Exec Addr    Load Addr    Size         Type   Attr      Idx    E Section Name        Object

    0x20000000   0x08007b80   0x00000003   Data   RW          218    .data               main.o
    0x20000003   0x08007b83   0x00000001   PAD
    0x20000004   0x08007b84   0x00000014   Data   RW          321    .data               adc.o
    0x20000018   0x08007b98   0x00000009   Data   RW         1006    .data               stm32f1xx_hal.o
    0x20000021   0x08007ba1   0x00000003   PAD
    0x20000024   0x08007ba4   0x00000004   Data   RW         3671    .data               system_stm32f1xx.o
    0x20000028   0x08007ba8   0x0000000c   Data   RW         3766    .data               drv_rf24l01.o
    0x20000034   0x08007bb4   0x00000008   Data   RW         3964    .data               lcd.o
    0x2000003c        -       0x00000030   Zero   RW           16    .bss                remote_control.o
    0x2000006c        -       0x00000496   Zero   RW          170    .bss                debug.o
    0x20000502   0x08007bbc   0x00000002   PAD
    0x20000504        -       0x000000c4   Zero   RW          320    .bss                adc.o
    0x200005c8        -       0x000000b0   Zero   RW          393    .bss                spi.o
    0x20000678        -       0x00000090   Zero   RW          441    .bss                tim.o
    0x20000708        -       0x00000048   Zero   RW          488    .bss                usart.o
    0x20000750        -       0x00000046   Zero   RW         3764    .bss                drv_rf24l01.o
    0x20000796   0x08007bbc   0x00000002   PAD
    0x20000798        -       0x00000018   Zero   RW         3962    .bss                lcd.o
    0x200007b0        -       0x00000400   Zero   RW            1    STACK               startup_stm32f103xb.o


==============================================================================

Image component sizes


      Code (inc. data)   RO Data    RW Data    ZI Data      Debug   Object Name

       524         66          0         20        196       2858   adc.o
         0          0          0          0       1174       1669   debug.o
        52          4          0          0          0        782   dma.o
       970         66         25         12         70      12785   drv_rf24l01.o
        36          0          0          0          0       1010   drv_spi.o
       220         14          0          0          0        987   gpio.o
      2532        144      14620          8         24      12977   lcd.o
       194          0          0          0          0       4595   lcd_bsp.o
       438         58          0          3          0       4163   main.o
       496         26          0          0         48     453697   remote_control.o
       432         38          0          0        176       2426   spi.o
        36          8        236          0       1024        820   startup_stm32f103xb.o
       192         36          0          9          0       6045   stm32f1xx_hal.o
      1428         56          0          0          0       8574   stm32f1xx_hal_adc.o
       304         22          0          0          0      29555   stm32f1xx_hal_cortex.o
       892         12          0          0          0       4314   stm32f1xx_hal_dma.o
       828         34          0          0          0       3391   stm32f1xx_hal_gpio.o
       100          8          0          0          0        942   stm32f1xx_hal_msp.o
      1748         98         18          0          0       6124   stm32f1xx_hal_rcc.o
       304         14          0          0          0       1436   stm32f1xx_hal_rcc_ex.o
      1796         10          0          0          0       7993   stm32f1xx_hal_spi.o
      1138         26          0          0          0       9523   stm32f1xx_hal_tim.o
       136         14          0          0          0       2501   stm32f1xx_hal_tim_ex.o
       694          4          0          0          0       3856   stm32f1xx_hal_uart.o
       132         36          0          0          0       7443   stm32f1xx_it.o
         2          0         24          4          0       1179   system_stm32f1xx.o
       356         24          0          0        144       2435   tim.o
       212         28          0          0         72       1794   usart.o

    ----------------------------------------------------------------------
     16220        846      14958         60       2932     595874   Object Totals
         0          0         32          0          0          0   (incl. Generated)
        28          0          3          4          4          0   (incl. Padding)

    ----------------------------------------------------------------------

      Code (inc. data)   RO Data    RW Data    ZI Data      Debug   Library Member Name

         0          0          0          0          0          0   entry.o
         0          0          0          0          0          0   entry10a.o
         0          0          0          0          0          0   entry11a.o
         8          4          0          0          0          0   entry2.o
         4          0          0          0          0          0   entry5.o
         0          0          0          0          0          0   entry7b.o
         0          0          0          0          0          0   entry8b.o
         8          4          0          0          0          0   entry9a.o
        30          0          0          0          0          0   handlers.o
        36          8          0          0          0         68   init.o
         0          0          0          0          0          0   iusefp.o
        36          0          0          0          0         68   memcpya.o
        36          0          0          0          0        108   memseta.o
       110          0          0          0          0        168   fepilogue.o
        40          0          0          0          0         68   ffixui.o
        18          0          0          0          0         68   fflti.o
        10          0          0          0          0         68   ffltui.o
       100          0          0          0          0         76   fmul.o

    ----------------------------------------------------------------------
       438         16          0          0          0        692   Library Totals
         2          0          0          0          0          0   (incl. Padding)

    ----------------------------------------------------------------------

      Code (inc. data)   RO Data    RW Data    ZI Data      Debug   Library Name

       158         16          0          0          0        244   mc_w.l
       278          0          0          0          0        448   mf_w.l

    ----------------------------------------------------------------------
       438         16          0          0          0        692   Library Totals

    ----------------------------------------------------------------------

==============================================================================


      Code (inc. data)   RO Data    RW Data    ZI Data      Debug   

     16658        862      14958         60       2932     589438   Grand Totals
     16658        862      14958         60       2932     589438   ELF Image Totals
     16658        862      14958         60          0          0   ROM Totals

==============================================================================

    Total RO  Size (Code + RO Data)                31616 (  30.88kB)
    Total RW  Size (RW Data + ZI Data)              2992 (   2.92kB)
    Total ROM Size (Code + RO Data + RW Data)      31676 (  30.93kB)

==============================================================================

